W0314 01:00:26.739132 69708 Training_Execution_Strategy.cpp:76] Iteration 25 done. Took 1.25132 mins
W0314 01:00:43.988072 69708 Unigram_Model.cpp:109] Average num of topics assigned per word = 53.4887
W0314 01:00:43.988472 69708 Training_Execution_Strategy.cpp:81] >>>>>>>>>> Log-Likelihood (model, doc, total): -6.62639e+09 , -4.70183e+08 , -7.09657e+09
W0314 01:00:44.160630 69708 Unigram_Model_Trainer.cpp:522] Restarting IO
W0314 01:01:44.609304 69866 Synchronizer.cpp:60] Synch pass 22 done. Took 102.051 seconds
W0314 01:01:54.581693 69708 Training_Execution_Strategy.cpp:76] Iteration 26 done. Took 1.17235 mins
W0314 01:01:54.710321 69708 Unigram_Model_Trainer.cpp:522] Restarting IO
W0314 01:03:02.115234 69708 Training_Execution_Strategy.cpp:76] Iteration 27 done. Took 1.12254 mins
W0314 01:03:02.230226 69708 Unigram_Model_Trainer.cpp:522] Restarting IO
W0314 01:03:23.295377 69866 Synchronizer.cpp:60] Synch pass 23 done. Took 98.6855 seconds
W0314 01:04:07.215384 69708 Training_Execution_Strategy.cpp:76] Iteration 28 done. Took 1.08218 mins
W0314 01:04:07.340044 69708 Unigram_Model_Trainer.cpp:522] Restarting IO
W0314 01:04:58.604070 69866 Synchronizer.cpp:60] Synch pass 24 done. Took 95.3081 seconds
W0314 01:05:10.893108 69708 Training_Execution_Strategy.cpp:76] Iteration 29 done. Took 1.05833 mins
W0314 01:05:11.013350 69708 Unigram_Model_Trainer.cpp:522] Restarting IO
W0314 01:06:12.831908 69708 Training_Execution_Strategy.cpp:76] Iteration 30 done. Took 1.02939 mins
W0314 01:06:12.959465 69708 Unigram_Model_Trainer.cpp:522] Restarting IO
W0314 01:06:13.020773 69708 Training_Execution_Strategy.cpp:92] >>>>>>>>>>> Save model at iteration: 30
W0314 01:06:32.984302 69866 Synchronizer.cpp:60] Synch pass 25 done. Took 94.3799 seconds
W0314 01:06:33.896421 69708 Unigram_Model.cpp:109] Average num of topics assigned per word = 45.9998
W0314 01:07:34.095212 69708 Training_Execution_Strategy.cpp:76] Iteration 31 done. Took 1.0033 mins
W0314 01:07:34.224323 69708 Unigram_Model_Trainer.cpp:522] Restarting IO
W0314 01:08:03.958959 69866 Synchronizer.cpp:60] Synch pass 26 done. Took 90.9744 seconds
W0314 01:08:32.645186 69708 Training_Execution_Strategy.cpp:76] Iteration 32 done. Took 0.972681 mins
W0314 01:08:32.759809 69708 Unigram_Model_Trainer.cpp:522] Restarting IO
W0314 01:09:30.255224 69708 Training_Execution_Strategy.cpp:76] Iteration 33 done. Took 0.957365 mins
W0314 01:09:30.387050 69708 Unigram_Model_Trainer.cpp:522] Restarting IO
W0314 01:09:33.491720 69866 Synchronizer.cpp:60] Synch pass 27 done. Took 89.5324 seconds
W0314 01:10:26.495540 69708 Training_Execution_Strategy.cpp:76] Iteration 34 done. Took 0.934129 mins
W0314 01:10:26.616400 69708 Unigram_Model_Trainer.cpp:522] Restarting IO
W0314 01:11:02.466073 69866 Synchronizer.cpp:60] Synch pass 28 done. Took 88.974 seconds
W0314 01:11:22.060130 69708 Training_Execution_Strategy.cpp:76] Iteration 35 done. Took 0.92309 mins
W0314 01:11:22.196578 69708 Unigram_Model_Trainer.cpp:522] Restarting IO
W0314 01:12:16.588455 69708 Training_Execution_Strategy.cpp:76] Iteration 36 done. Took 0.905522 mins
W0314 01:12:16.712882 69708 Unigram_Model_Trainer.cpp:522] Restarting IO
W0314 01:12:29.585021 69866 Synchronizer.cpp:60] Synch pass 29 done. Took 87.1186 seconds
W0314 01:13:10.264462 69708 Training_Execution_Strategy.cpp:76] Iteration 37 done. Took 0.891581 mins
W0314 01:13:10.388365 69708 Unigram_Model_Trainer.cpp:522] Restarting IO
W0314 01:13:56.772558 69866 Synchronizer.cpp:60] Synch pass 30 done. Took 87.1872 seconds
W0314 01:14:03.474397 69708 Training_Execution_Strategy.cpp:76] Iteration 38 done. Took 0.883815 mins
W0314 01:14:03.597558 69708 Unigram_Model_Trainer.cpp:522] Restarting IO
W0314 01:14:55.649879 69708 Training_Execution_Strategy.cpp:76] Iteration 39 done. Took 0.866648 mins
W0314 01:14:55.769280 69708 Unigram_Model_Trainer.cpp:522] Restarting IO
W0314 01:15:22.552501 69866 Synchronizer.cpp:60] Synch pass 31 done. Took 85.7781 seconds
W0314 01:15:47.119525 69708 Training_Execution_Strategy.cpp:76] Iteration 40 done. Took 0.854921 mins
W0314 01:15:47.256778 69708 Unigram_Model_Trainer.cpp:522] Restarting IO
W0314 01:15:47.314487 69708 Training_Execution_Strategy.cpp:92] >>>>>>>>>>> Save model at iteration: 40
W0314 01:16:08.227983 69708 Unigram_Model.cpp:109] Average num of topics assigned per word = 37.7943
W0314 01:16:49.100697 69866 Synchronizer.cpp:60] Synch pass 32 done. Took 86.5476 seconds
W0314 01:16:58.891609 69708 Training_Execution_Strategy.cpp:76] Iteration 41 done. Took 0.844381 mins
W0314 01:16:59.021858 69708 Unigram_Model_Trainer.cpp:522] Restarting IO
W0314 01:17:49.543025 69708 Training_Execution_Strategy.cpp:76] Iteration 42 done. Took 0.841071 mins
W0314 01:17:49.660635 69708 Unigram_Model_Trainer.cpp:522] Restarting IO
W0314 01:18:10.811594 69866 Synchronizer.cpp:60] Synch pass 33 done. Took 81.7105 seconds
W0314 01:18:39.418465 69708 Training_Execution_Strategy.cpp:76] Iteration 43 done. Took 0.828432 mins
W0314 01:18:39.545097 69708 Unigram_Model_Trainer.cpp:522] Restarting IO
W0314 01:19:28.874116 69708 Training_Execution_Strategy.cpp:76] Iteration 44 done. Took 0.821178 mins
W0314 01:19:28.993599 69708 Unigram_Model_Trainer.cpp:522] Restarting IO
W0314 01:19:34.501557 69866 Synchronizer.cpp:60] Synch pass 34 done. Took 83.6896 seconds
W0314 01:20:17.720185 69708 Training_Execution_Strategy.cpp:76] Iteration 45 done. Took 0.811143 mins
W0314 01:20:17.859057 69708 Unigram_Model_Trainer.cpp:522] Restarting IO
W0314 01:20:57.839969 69866 Synchronizer.cpp:60] Synch pass 35 done. Took 83.3378 seconds
W0314 01:21:06.063369 69708 Training_Execution_Strategy.cpp:76] Iteration 46 done. Took 0.80234 mins
W0314 01:21:06.180637 69708 Unigram_Model_Trainer.cpp:522] Restarting IO
W0314 01:21:53.849980 69708 Training_Execution_Strategy.cpp:76] Iteration 47 done. Took 0.793598 mins
W0314 01:21:54.145939 69708 Unigram_Model_Trainer.cpp:522] Restarting IO
W0314 01:22:17.225841 69866 Synchronizer.cpp:60] Synch pass 36 done. Took 79.3855 seconds
W0314 01:22:41.464242 69708 Training_Execution_Strategy.cpp:76] Iteration 48 done. Took 0.787473 mins
W0314 01:22:41.589016 69708 Unigram_Model_Trainer.cpp:522] Restarting IO
W0314 01:23:28.999389 69708 Training_Execution_Strategy.cpp:76] Iteration 49 done. Took 0.789244 mins
W0314 01:23:29.135867 69708 Unigram_Model_Trainer.cpp:522] Restarting IO
W0314 01:23:35.913696 69866 Synchronizer.cpp:60] Synch pass 37 done. Took 78.6875 seconds
W0314 01:24:16.721750 69708 Training_Execution_Strategy.cpp:76] Iteration 50 done. Took 0.791973 mins
W0314 01:24:31.970738 69708 Unigram_Model.cpp:109] Average num of topics assigned per word = 33.6816
W0314 01:24:31.971047 69708 Training_Execution_Strategy.cpp:81] >>>>>>>>>> Log-Likelihood (model, doc, total): -5.7899e+09 , -4.76457e+08 , -6.26636e+09
W0314 01:24:32.123174 69708 Unigram_Model_Trainer.cpp:522] Restarting IO
W0314 01:24:32.199369 69708 Training_Execution_Strategy.cpp:92] >>>>>>>>>>> Save model at iteration: 50
W0314 01:24:52.636900 69708 Unigram_Model.cpp:109] Average num of topics assigned per word = 33.6873
W0314 01:25:00.894282 69866 Synchronizer.cpp:60] Synch pass 38 done. Took 84.9803 seconds
W0314 01:25:38.561413 69708 Training_Execution_Strategy.cpp:76] Iteration 51 done. Took 0.765395 mins
W0314 01:25:38.692651 69708 Unigram_Model_Trainer.cpp:522] Restarting IO
W0314 01:26:22.456620 69866 Synchronizer.cpp:60] Synch pass 39 done. Took 81.562 seconds
W0314 01:26:24.731693 69708 Training_Execution_Strategy.cpp:76] Iteration 52 done. Took 0.766273 mins
W0314 01:26:24.857131 69708 Unigram_Model_Trainer.cpp:522] Restarting IO
W0314 01:27:10.552018 69708 Training_Execution_Strategy.cpp:76] Iteration 53 done. Took 0.760609 mins
W0314 01:27:10.681445 69708 Unigram_Model_Trainer.cpp:522] Restarting IO
W0314 01:27:44.141644 69866 Synchronizer.cpp:60] Synch pass 40 done. Took 81.6846 seconds
W0314 01:27:55.863270 69708 Training_Execution_Strategy.cpp:76] Iteration 54 done. Took 0.751985 mins
W0314 01:27:55.987393 69708 Unigram_Model_Trainer.cpp:522] Restarting IO
W0314 01:28:40.802959 69708 Training_Execution_Strategy.cpp:76] Iteration 55 done. Took 0.74599 mins
W0314 01:28:40.939543 69708 Unigram_Model_Trainer.cpp:522] Restarting IO
W0314 01:29:04.693238 69866 Synchronizer.cpp:60] Synch pass 41 done. Took 80.5512 seconds
W0314 01:29:25.464063 69708 Training_Execution_Strategy.cpp:76] Iteration 56 done. Took 0.741036 mins
W0314 01:29:25.589098 69708 Unigram_Model_Trainer.cpp:522] Restarting IO
W0314 01:30:10.070806 69708 Training_Execution_Strategy.cpp:76] Iteration 57 done. Took 0.740391 mins
W0314 01:30:10.209609 69708 Unigram_Model_Trainer.cpp:522] Restarting IO
W0314 01:30:24.904050 69866 Synchronizer.cpp:60] Synch pass 42 done. Took 80.2105 seconds
W0314 01:30:54.315158 69708 Training_Execution_Strategy.cpp:76] Iteration 58 done. Took 0.734051 mins
W0314 01:30:54.436903 69708 Unigram_Model_Trainer.cpp:522] Restarting IO
W0314 01:31:38.312736 69708 Training_Execution_Strategy.cpp:76] Iteration 59 done. Took 0.730315 mins
W0314 01:31:38.436168 69708 Unigram_Model_Trainer.cpp:522] Restarting IO
W0314 01:31:44.774447 69866 Synchronizer.cpp:60] Synch pass 43 done. Took 79.8697 seconds
W0314 01:32:22.295646 69708 Training_Execution_Strategy.cpp:76] Iteration 60 done. Took 0.730073 mins
W0314 01:32:22.420697 69708 Unigram_Model_Trainer.cpp:522] Restarting IO
W0314 01:32:22.479580 69708 Training_Execution_Strategy.cpp:92] >>>>>>>>>>> Save model at iteration: 60
W0314 01:32:42.348618 69708 Unigram_Model.cpp:109] Average num of topics assigned per word = 31.0281
W0314 01:33:08.151645 69866 Synchronizer.cpp:60] Synch pass 44 done. Took 83.3768 seconds
W0314 01:33:25.631263 69708 Training_Execution_Strategy.cpp:76] Iteration 61 done. Took 0.721366 mins
W0314 01:33:25.779490 69708 Unigram_Model_Trainer.cpp:522] Restarting IO
W0314 01:34:09.049095 69708 Training_Execution_Strategy.cpp:76] Iteration 62 done. Took 0.720067 mins
W0314 01:34:09.183672 69708 Unigram_Model_Trainer.cpp:522] Restarting IO
W0314 01:34:28.252684 69866 Synchronizer.cpp:60] Synch pass 45 done. Took 80.1006 seconds
W0314 01:34:51.993795 69708 Training_Execution_Strategy.cpp:76] Iteration 63 done. Took 0.712391 mins
W0314 01:34:52.125643 69708 Unigram_Model_Trainer.cpp:522] Restarting IO
W0314 01:35:34.824527 69708 Training_Execution_Strategy.cpp:76] Iteration 64 done. Took 0.710657 mins
W0314 01:35:34.937480 69708 Unigram_Model_Trainer.cpp:522] Restarting IO
W0314 01:35:44.653992 69866 Synchronizer.cpp:60] Synch pass 46 done. Took 76.4009 seconds
W0314 01:36:17.521747 69708 Training_Execution_Strategy.cpp:76] Iteration 65 done. Took 0.708843 mins
W0314 01:36:17.655256 69708 Unigram_Model_Trainer.cpp:522] Restarting IO
W0314 01:36:59.903630 69708 Training_Execution_Strategy.cpp:76] Iteration 66 done. Took 0.703066 mins
W0314 01:37:00.032248 69708 Unigram_Model_Trainer.cpp:522] Restarting IO
W0314 01:37:05.161510 69866 Synchronizer.cpp:60] Synch pass 47 done. Took 80.5071 seconds
W0314 01:37:42.378612 69708 Training_Execution_Strategy.cpp:76] Iteration 67 done. Took 0.704688 mins
W0314 01:37:42.517323 69708 Unigram_Model_Trainer.cpp:522] Restarting IO
W0314 01:38:22.176432 69866 Synchronizer.cpp:60] Synch pass 48 done. Took 77.0145 seconds
W0314 01:38:24.535331 69708 Training_Execution_Strategy.cpp:76] Iteration 68 done. Took 0.699254 mins
W0314 01:38:24.660327 69708 Unigram_Model_Trainer.cpp:522] Restarting IO
W0314 01:39:06.683949 69708 Training_Execution_Strategy.cpp:76] Iteration 69 done. Took 0.699449 mins
W0314 01:39:06.815397 69708 Unigram_Model_Trainer.cpp:522] Restarting IO
W0314 01:39:40.027192 69866 Synchronizer.cpp:60] Synch pass 49 done. Took 77.8505 seconds
W0314 01:39:48.625128 69708 Training_Execution_Strategy.cpp:76] Iteration 70 done. Took 0.695828 mins
W0314 01:39:48.751256 69708 Unigram_Model_Trainer.cpp:522] Restarting IO
W0314 01:39:48.809375 69708 Training_Execution_Strategy.cpp:92] >>>>>>>>>>> Save model at iteration: 70
W0314 01:40:08.115458 69708 Unigram_Model.cpp:109] Average num of topics assigned per word = 29.4009
W0314 01:40:49.711890 69708 Training_Execution_Strategy.cpp:76] Iteration 71 done. Took 0.693259 mins
W0314 01:40:49.844657 69708 Unigram_Model_Trainer.cpp:522] Restarting IO
W0314 01:41:02.021239 69866 Synchronizer.cpp:60] Synch pass 50 done. Took 81.9937 seconds
W0314 01:41:31.226938 69708 Training_Execution_Strategy.cpp:76] Iteration 72 done. Took 0.688685 mins
W0314 01:41:31.361140 69708 Unigram_Model_Trainer.cpp:522] Restarting IO
W0314 01:42:12.685469 69708 Training_Execution_Strategy.cpp:76] Iteration 73 done. Took 0.687607 mins
W0314 01:42:12.816160 69708 Unigram_Model_Trainer.cpp:522] Restarting IO
W0314 01:42:20.149082 69866 Synchronizer.cpp:60] Synch pass 51 done. Took 78.1273 seconds
W0314 01:42:53.925154 69708 Training_Execution_Strategy.cpp:76] Iteration 74 done. Took 0.684172 mins
W0314 01:42:54.055025 69708 Unigram_Model_Trainer.cpp:522] Restarting IO
W0314 01:43:33.607146 69866 Synchronizer.cpp:60] Synch pass 52 done. Took 73.4578 seconds
W0314 01:43:35.421049 69708 Training_Execution_Strategy.cpp:76] Iteration 75 done. Took 0.688384 mins
W0314 01:43:49.918438 69708 Unigram_Model.cpp:109] Average num of topics assigned per word = 28.6582
W0314 01:43:49.918767 69708 Training_Execution_Strategy.cpp:81] >>>>>>>>>> Log-Likelihood (model, doc, total): -5.47911e+09 , -4.82214e+08 , -5.96133e+09
W0314 01:43:50.086745 69708 Unigram_Model_Trainer.cpp:522] Restarting IO
W0314 01:44:31.272444 69708 Training_Execution_Strategy.cpp:76] Iteration 76 done. Took 0.685071 mins
W0314 01:44:31.402928 69708 Unigram_Model_Trainer.cpp:522] Restarting IO
W0314 01:44:55.929981 69866 Synchronizer.cpp:60] Synch pass 53 done. Took 82.3221 seconds
W0314 01:45:12.243871 69708 Training_Execution_Strategy.cpp:76] Iteration 77 done. Took 0.679674 mins
W0314 01:45:12.376011 69708 Unigram_Model_Trainer.cpp:522] Restarting IO
W0314 01:45:52.998967 69708 Training_Execution_Strategy.cpp:76] Iteration 78 done. Took 0.676007 mins
W0314 01:45:53.129506 69708 Unigram_Model_Trainer.cpp:522] Restarting IO
W0314 01:46:11.960985 69866 Synchronizer.cpp:60] Synch pass 54 done. Took 76.0308 seconds
W0314 01:46:33.531401 69708 Training_Execution_Strategy.cpp:76] Iteration 79 done. Took 0.672377 mins
W0314 01:46:33.664603 69708 Unigram_Model_Trainer.cpp:522] Restarting IO
W0314 01:47:14.173943 69708 Training_Execution_Strategy.cpp:76] Iteration 80 done. Took 0.674125 mins
W0314 01:47:14.303815 69708 Unigram_Model_Trainer.cpp:522] Restarting IO
W0314 01:47:14.361624 69708 Training_Execution_Strategy.cpp:92] >>>>>>>>>>> Save model at iteration: 80
W0314 01:47:30.691285 69866 Synchronizer.cpp:60] Synch pass 55 done. Took 78.7301 seconds
W0314 01:47:32.405071 69708 Unigram_Model.cpp:109] Average num of topics assigned per word = 28.0338
W0314 01:48:12.494992 69708 Training_Execution_Strategy.cpp:76] Iteration 81 done. Took 0.668154 mins
W0314 01:48:12.630733 69708 Unigram_Model_Trainer.cpp:522] Restarting IO
W0314 01:48:46.550808 69866 Synchronizer.cpp:60] Synch pass 56 done. Took 75.8591 seconds
W0314 01:48:52.724079 69708 Training_Execution_Strategy.cpp:76] Iteration 82 done. Took 0.667221 mins
W0314 01:48:52.854290 69708 Unigram_Model_Trainer.cpp:522] Restarting IO
W0314 01:49:32.821837 69708 Training_Execution_Strategy.cpp:76] Iteration 83 done. Took 0.665151 mins
W0314 01:49:32.959786 69708 Unigram_Model_Trainer.cpp:522] Restarting IO
W0314 01:50:02.457216 69866 Synchronizer.cpp:60] Synch pass 57 done. Took 75.9061 seconds
W0314 01:50:12.783614 69708 Training_Execution_Strategy.cpp:76] Iteration 84 done. Took 0.662698 mins
W0314 01:50:12.913287 69708 Unigram_Model_Trainer.cpp:522] Restarting IO
W0314 01:50:52.723493 69708 Training_Execution_Strategy.cpp:76] Iteration 85 done. Took 0.662542 mins
W0314 01:50:52.859242 69708 Unigram_Model_Trainer.cpp:522] Restarting IO
W0314 01:51:18.534848 69866 Synchronizer.cpp:60] Synch pass 58 done. Took 76.0773 seconds
W0314 01:51:32.553875 69708 Training_Execution_Strategy.cpp:76] Iteration 86 done. Took 0.660533 mins
W0314 01:51:32.682368 69708 Unigram_Model_Trainer.cpp:522] Restarting IO
W0314 01:52:12.364881 69708 Training_Execution_Strategy.cpp:76] Iteration 87 done. Took 0.660365 mins
W0314 01:52:12.501092 69708 Unigram_Model_Trainer.cpp:522] Restarting IO
W0314 01:52:38.123431 69866 Synchronizer.cpp:60] Synch pass 59 done. Took 79.5882 seconds
W0314 01:52:52.063877 69708 Training_Execution_Strategy.cpp:76] Iteration 88 done. Took 0.658454 mins
W0314 01:52:52.194447 69708 Unigram_Model_Trainer.cpp:522] Restarting IO
W0314 01:53:31.746846 69708 Training_Execution_Strategy.cpp:76] Iteration 89 done. Took 0.658173 mins
W0314 01:53:31.888823 69708 Unigram_Model_Trainer.cpp:522] Restarting IO
W0314 01:53:57.720407 69866 Synchronizer.cpp:60] Synch pass 60 done. Took 79.5964 seconds
W0314 01:54:11.142540 69708 Training_Execution_Strategy.cpp:76] Iteration 90 done. Took 0.653166 mins
W0314 01:54:11.267186 69708 Unigram_Model_Trainer.cpp:522] Restarting IO
W0314 01:54:11.323806 69708 Training_Execution_Strategy.cpp:92] >>>>>>>>>>> Save model at iteration: 90
W0314 01:54:29.237980 69708 Unigram_Model.cpp:109] Average num of topics assigned per word = 27.3588
W0314 01:55:08.506199 69708 Training_Execution_Strategy.cpp:76] Iteration 91 done. Took 0.654456 mins
W0314 01:55:08.657464 69708 Unigram_Model_Trainer.cpp:522] Restarting IO
W0314 01:55:18.238873 69866 Synchronizer.cpp:60] Synch pass 61 done. Took 80.518 seconds
W0314 01:55:47.973654 69708 Training_Execution_Strategy.cpp:76] Iteration 92 done. Took 0.654241 mins
W0314 01:55:48.102584 69708 Unigram_Model_Trainer.cpp:522] Restarting IO
W0314 01:56:27.266986 69708 Training_Execution_Strategy.cpp:76] Iteration 93 done. Took 0.651759 mins
W0314 01:56:27.419528 69708 Unigram_Model_Trainer.cpp:522] Restarting IO
W0314 01:56:34.941594 69866 Synchronizer.cpp:60] Synch pass 62 done. Took 76.7023 seconds
W0314 01:57:06.514298 69708 Training_Execution_Strategy.cpp:76] Iteration 94 done. Took 0.650449 mins
W0314 01:57:06.643334 69708 Unigram_Model_Trainer.cpp:522] Restarting IO
W0314 01:57:45.603518 69708 Training_Execution_Strategy.cpp:76] Iteration 95 done. Took 0.648187 mins
W0314 01:57:45.735702 69708 Unigram_Model_Trainer.cpp:522] Restarting IO
W0314 01:57:48.987315 69866 Synchronizer.cpp:60] Synch pass 63 done. Took 74.0452 seconds
W0314 01:58:24.704533 69708 Training_Execution_Strategy.cpp:76] Iteration 96 done. Took 0.648465 mins
W0314 01:58:24.834343 69708 Unigram_Model_Trainer.cpp:522] Restarting IO
W0314 01:59:03.603070 69708 Training_Execution_Strategy.cpp:76] Iteration 97 done. Took 0.645161 mins
W0314 01:59:03.724782 69708 Unigram_Model_Trainer.cpp:522] Restarting IO
W0314 01:59:06.492883 69866 Synchronizer.cpp:60] Synch pass 64 done. Took 77.505 seconds
W0314 01:59:42.502801 69708 Training_Execution_Strategy.cpp:76] Iteration 98 done. Took 0.645387 mins
W0314 01:59:42.634263 69708 Unigram_Model_Trainer.cpp:522] Restarting IO
W0314 02:00:21.322422 69708 Training_Execution_Strategy.cpp:76] Iteration 99 done. Took 0.643733 mins
W0314 02:00:21.451339 69708 Unigram_Model_Trainer.cpp:522] Restarting IO
W0314 02:00:22.377362 69866 Synchronizer.cpp:60] Synch pass 65 done. Took 75.8836 seconds
W0314 02:01:00.518462 69708 Training_Execution_Strategy.cpp:76] Iteration 100 done. Took 0.65015 mins
W0314 02:01:15.067212 69708 Unigram_Model.cpp:109] Average num of topics assigned per word = 26.6413
W0314 02:01:15.067615 69708 Training_Execution_Strategy.cpp:81] >>>>>>>>>> Log-Likelihood (model, doc, total): -5.33678e+09 , -4.84967e+08 , -5.82175e+09
W0314 02:01:15.203227 69708 Unigram_Model_Trainer.cpp:522] Restarting IO
W0314 02:01:15.280556 69708 Training_Execution_Strategy.cpp:92] >>>>>>>>>>> Save model at iteration: 100
W0314 02:01:33.690798 69708 Unigram_Model.cpp:109] Average num of topics assigned per word = 26.6554
W0314 02:01:39.177557 69866 Synchronizer.cpp:60] Synch pass 66 done. Took 76.7998 seconds
W0314 02:02:11.970914 69708 Training_Execution_Strategy.cpp:76] Iteration 101 done. Took 0.63799 mins
W0314 02:02:12.111536 69708 Unigram_Model_Trainer.cpp:522] Restarting IO
W0314 02:02:50.674551 69708 Training_Execution_Strategy.cpp:76] Iteration 102 done. Took 0.641525 mins
W0314 02:02:50.806921 69708 Unigram_Model_Trainer.cpp:522] Restarting IO
W0314 02:02:59.817533 69866 Synchronizer.cpp:60] Synch pass 67 done. Took 80.6396 seconds
W0314 02:03:29.151830 69708 Training_Execution_Strategy.cpp:76] Iteration 103 done. Took 0.637907 mins
W0314 02:03:29.293532 69708 Unigram_Model_Trainer.cpp:522] Restarting IO
W0314 02:04:07.725337 69708 Training_Execution_Strategy.cpp:76] Iteration 104 done. Took 0.639511 mins
W0314 02:04:07.860402 69708 Unigram_Model_Trainer.cpp:522] Restarting IO
W0314 02:04:18.634768 69866 Synchronizer.cpp:60] Synch pass 68 done. Took 78.8165 seconds
W0314 02:04:46.162580 69708 Training_Execution_Strategy.cpp:76] Iteration 105 done. Took 0.637371 mins
W0314 02:04:46.296669 69708 Unigram_Model_Trainer.cpp:522] Restarting IO
W0314 02:05:24.663411 69708 Training_Execution_Strategy.cpp:76] Iteration 106 done. Took 0.63845 mins
W0314 02:05:24.792834 69708 Unigram_Model_Trainer.cpp:522] Restarting IO
W0314 02:05:34.224687 69866 Synchronizer.cpp:60] Synch pass 69 done. Took 75.5874 seconds
W0314 02:06:03.011270 69708 Training_Execution_Strategy.cpp:76] Iteration 107 done. Took 0.635948 mins
W0314 02:06:03.162927 69708 Unigram_Model_Trainer.cpp:522] Restarting IO
W0314 02:06:41.454533 69708 Training_Execution_Strategy.cpp:76] Iteration 108 done. Took 0.636997 mins
W0314 02:06:41.582046 69708 Unigram_Model_Trainer.cpp:522] Restarting IO
W0314 02:06:51.026633 69866 Synchronizer.cpp:60] Synch pass 70 done. Took 76.8016 seconds
W0314 02:07:19.744139 69708 Training_Execution_Strategy.cpp:76] Iteration 109 done. Took 0.635026 mins
W0314 02:07:19.878196 69708 Unigram_Model_Trainer.cpp:522] Restarting IO
W0314 02:07:57.882787 69708 Training_Execution_Strategy.cpp:76] Iteration 110 done. Took 0.632364 mins
W0314 02:07:58.011687 69708 Unigram_Model_Trainer.cpp:522] Restarting IO
W0314 02:07:58.071406 69708 Training_Execution_Strategy.cpp:92] >>>>>>>>>>> Save model at iteration: 110
W0314 02:08:07.680340 69866 Synchronizer.cpp:60] Synch pass 71 done. Took 76.6533 seconds
W0314 02:08:15.764745 69708 Unigram_Model.cpp:109] Average num of topics assigned per word = 25.9925
W0314 02:08:53.763131 69708 Training_Execution_Strategy.cpp:76] Iteration 111 done. Took 0.633295 mins
W0314 02:08:53.890614 69708 Unigram_Model_Trainer.cpp:522] Restarting IO
W0314 02:09:26.533063 69866 Synchronizer.cpp:60] Synch pass 72 done. Took 78.8525 seconds
W0314 02:09:31.780961 69708 Training_Execution_Strategy.cpp:76] Iteration 112 done. Took 0.630542 mins
W0314 02:09:31.914852 69708 Unigram_Model_Trainer.cpp:522] Restarting IO
W0314 02:10:09.864348 69708 Training_Execution_Strategy.cpp:76] Iteration 113 done. Took 0.631423 mins
W0314 02:10:10.002658 69708 Unigram_Model_Trainer.cpp:522] Restarting IO
W0314 02:10:43.732606 69866 Synchronizer.cpp:60] Synch pass 73 done. Took 77.1992 seconds
W0314 02:10:47.813596 69708 Training_Execution_Strategy.cpp:76] Iteration 114 done. Took 0.629138 mins
W0314 02:10:47.945210 69708 Unigram_Model_Trainer.cpp:522] Restarting IO
W0314 02:11:25.774662 69708 Training_Execution_Strategy.cpp:76] Iteration 115 done. Took 0.629532 mins
W0314 02:11:25.911048 69708 Unigram_Model_Trainer.cpp:522] Restarting IO
W0314 02:12:01.996285 69866 Synchronizer.cpp:60] Synch pass 74 done. Took 78.2634 seconds
W0314 02:12:03.663604 69708 Training_Execution_Strategy.cpp:76] Iteration 116 done. Took 0.628146 mins
W0314 02:12:03.792624 69708 Unigram_Model_Trainer.cpp:522] Restarting IO
W0314 02:12:41.559631 69708 Training_Execution_Strategy.cpp:76] Iteration 117 done. Took 0.628506 mins
W0314 02:12:41.679020 69708 Unigram_Model_Trainer.cpp:522] Restarting IO
W0314 02:13:16.255194 69866 Synchronizer.cpp:60] Synch pass 75 done. Took 74.2586 seconds
W0314 02:13:19.231156 69708 Training_Execution_Strategy.cpp:76] Iteration 118 done. Took 0.624742 mins
W0314 02:13:19.363315 69708 Unigram_Model_Trainer.cpp:522] Restarting IO
W0314 02:13:56.998566 69708 Training_Execution_Strategy.cpp:76] Iteration 119 done. Took 0.626257 mins
W0314 02:13:57.137416 69708 Unigram_Model_Trainer.cpp:522] Restarting IO
W0314 02:14:31.371165 69866 Synchronizer.cpp:60] Synch pass 76 done. Took 75.1156 seconds
W0314 02:14:34.588866 69708 Training_Execution_Strategy.cpp:76] Iteration 120 done. Took 0.623179 mins
W0314 02:14:34.723085 69708 Unigram_Model_Trainer.cpp:522] Restarting IO
W0314 02:14:34.786077 69708 Training_Execution_Strategy.cpp:92] >>>>>>>>>>> Save model at iteration: 120
W0314 02:14:53.557950 69708 Unigram_Model.cpp:109] Average num of topics assigned per word = 25.7123
W0314 02:14:53.558485 69708 Training_Execution_Strategy.cpp:104] Parallel training Pipeline done
W0314 02:14:53.558514 69708 Synchronized_Training_Execution_Strategy.cpp:54] All Iters Done
W0314 02:15:55.671078 69866 Synchronizer.cpp:60] Synch pass 77 done. Took 84.2996 seconds
W0314 02:15:55.671406 69866 Synchronizer.cpp:65] Stopping synchronization since all iterations are done
W0314 02:15:55.671700 69708 Synchronized_Training_Execution_Strategy.cpp:58] All threads joined
W0314 02:15:55.671785 69708 Controller.cpp:146] Model has been learnt
W0314 02:15:55.864938 69708 Unigram_Model.cpp:129] Saving model for test pipeline in lda.ttc.dump and lda.par.dump
W0314 02:15:57.170325 69708 Unigram_Model.cpp:133] Model saved
W0314 02:15:57.170483 69708 Unigram_Model.cpp:155] Writing top words identified per topic into lda.topToWor.txt
W0314 02:15:57.312985 69708 Unigram_Model.cpp:178] Word statistics per topic written
W0314 02:15:57.313088 69708 Unigram_Model_Training_Builder.cpp:160] Saving document to topic-proportions in lda.docToTop.txt
W0314 02:15:57.313119 69708 Unigram_Model_Training_Builder.cpp:161] Saving word to topic assignment in lda.worToTop.txt
W0314 02:16:34.324811 69708 Unigram_Model_Training_Builder.cpp:227] Document to topic-proportions saved in lda.docToTop.txt
W0314 02:16:34.324951 69708 Unigram_Model_Training_Builder.cpp:228] Word to topic assignment saved in lda.worToTop.txt
init TBB pipeline with num_threads = 30--------- j-100---------
run learntopics on j-100
W0313 23:35:50.588188 71172 Controller.cpp:96] ----------------------------------------------------------------------
W0313 23:35:50.588892 71172 Controller.cpp:98] Log files are being stored at /tmp/hpda/pengb/hpda/test/bingjing/ylda/run/work/learnTopics.*
W0313 23:35:50.588913 71172 Controller.cpp:100] ----------------------------------------------------------------------
W0313 23:35:50.589227 71172 Controller.cpp:115] You have chosen multi machine training mode
W0313 23:35:50.589545 71172 Unigram_Model_Training_Builder.cpp:60] Initializing Dictionary from lda.dict.dump
W0313 23:35:51.405694 71172 Unigram_Model_Training_Builder.cpp:62] Dictionary Initialized
W0313 23:35:55.096807 71172 Unigram_Model_Trainer.cpp:49] Initializing Word-Topic counts table from docs lda.wor, lda.top using 859866 words & 10000 topics.
W0313 23:40:15.947238 71172 Unigram_Model_Trainer.cpp:53] Initialized Word-Topic counts table
W0313 23:40:15.947304 71172 Unigram_Model_Trainer.cpp:57] Initializing Alpha vector from Alpha_bar = 100
W0313 23:40:15.947381 71172 Unigram_Model_Trainer.cpp:60] Alpha vector initialized
W0313 23:40:15.947388 71172 Unigram_Model_Trainer.cpp:63] Initializing Beta Parameter from specified Beta = 0.01
W0313 23:40:15.947394 71172 Unigram_Model_Trainer.cpp:67] Beta param initialized
W0313 23:40:16.518097 71172 Unigram_Model_Synchronizer_Helper.cpp:57] Counts of 1 words have been transferred to DM_Server.
W0313 23:40:46.285207 71172 Unigram_Model_Synchronizer_Helper.cpp:57] Counts of 10001 words have been transferred to DM_Server.
W0313 23:41:01.750928 71172 Unigram_Model_Synchronizer_Helper.cpp:57] Counts of 20001 words have been transferred to DM_Server.
W0313 23:41:12.646013 71172 Unigram_Model_Synchronizer_Helper.cpp:57] Counts of 30001 words have been transferred to DM_Server.
W0313 23:41:20.700537 71172 Unigram_Model_Synchronizer_Helper.cpp:57] Counts of 40001 words have been transferred to DM_Server.
W0313 23:41:27.274688 71172 Unigram_Model_Synchronizer_Helper.cpp:57] Counts of 50001 words have been transferred to DM_Server.
W0313 23:41:32.465396 71172 Unigram_Model_Synchronizer_Helper.cpp:57] Counts of 60001 words have been transferred to DM_Server.
W0313 23:41:36.856835 71172 Unigram_Model_Synchronizer_Helper.cpp:57] Counts of 70001 words have been transferred to DM_Server.
W0313 23:41:40.892155 71172 Unigram_Model_Synchronizer_Helper.cpp:57] Counts of 80001 words have been transferred to DM_Server.
W0313 23:41:45.086659 71172 Unigram_Model_Synchronizer_Helper.cpp:57] Counts of 90001 words have been transferred to DM_Server.
W0313 23:41:48.700199 71172 Unigram_Model_Synchronizer_Helper.cpp:57] Counts of 100001 words have been transferred to DM_Server.
W0313 23:41:52.049978 71172 Unigram_Model_Synchronizer_Helper.cpp:57] Counts of 110001 words have been transferred to DM_Server.
W0313 23:41:55.195770 71172 Unigram_Model_Synchronizer_Helper.cpp:57] Counts of 120001 words have been transferred to DM_Server.
W0313 23:41:58.336333 71172 Unigram_Model_Synchronizer_Helper.cpp:57] Counts of 130001 words have been transferred to DM_Server.
W0313 23:42:01.354281 71172 Unigram_Model_Synchronizer_Helper.cpp:57] Counts of 140001 words have been transferred to DM_Server.
W0313 23:42:04.300091 71172 Unigram_Model_Synchronizer_Helper.cpp:57] Counts of 150001 words have been transferred to DM_Server.
W0313 23:42:07.240612 71172 Unigram_Model_Synchronizer_Helper.cpp:57] Counts of 160001 words have been transferred to DM_Server.
W0313 23:42:10.077904 71172 Unigram_Model_Synchronizer_Helper.cpp:57] Counts of 170001 words have been transferred to DM_Server.
W0313 23:42:12.881182 71172 Unigram_Model_Synchronizer_Helper.cpp:57] Counts of 180001 words have been transferred to DM_Server.
W0313 23:42:15.651347 71172 Unigram_Model_Synchronizer_Helper.cpp:57] Counts of 190001 words have been transferred to DM_Server.
W0313 23:42:18.380962 71172 Unigram_Model_Synchronizer_Helper.cpp:57] Counts of 200001 words have been transferred to DM_Server.
W0313 23:42:21.082479 71172 Unigram_Model_Synchronizer_Helper.cpp:57] Counts of 210001 words have been transferred to DM_Server.
W0313 23:42:23.808732 71172 Unigram_Model_Synchronizer_Helper.cpp:57] Counts of 220001 words have been transferred to DM_Server.
W0313 23:42:26.466517 71172 Unigram_Model_Synchronizer_Helper.cpp:57] Counts of 230001 words have been transferred to DM_Server.
W0313 23:42:28.994127 71172 Unigram_Model_Synchronizer_Helper.cpp:57] Counts of 240001 words have been transferred to DM_Server.
W0313 23:42:31.605831 71172 Unigram_Model_Synchronizer_Helper.cpp:57] Counts of 250001 words have been transferred to DM_Server.
W0313 23:42:34.115490 71172 Unigram_Model_Synchronizer_Helper.cpp:57] Counts of 260001 words have been transferred to DM_Server.
W0313 23:42:36.628954 71172 Unigram_Model_Synchronizer_Helper.cpp:57] Counts of 270001 words have been transferred to DM_Server.
W0313 23:42:39.154086 71172 Unigram_Model_Synchronizer_Helper.cpp:57] Counts of 280001 words have been transferred to DM_Server.
W0313 23:42:41.643872 71172 Unigram_Model_Synchronizer_Helper.cpp:57] Counts of 290001 words have been transferred to DM_Server.
W0313 23:42:44.146428 71172 Unigram_Model_Synchronizer_Helper.cpp:57] Counts of 300001 words have been transferred to DM_Server.
W0313 23:42:46.672932 71172 Unigram_Model_Synchronizer_Helper.cpp:57] Counts of 310001 words have been transferred to DM_Server.
W0313 23:42:49.216294 71172 Unigram_Model_Synchronizer_Helper.cpp:57] Counts of 320001 words have been transferred to DM_Server.
W0313 23:42:51.746701 71172 Unigram_Model_Synchronizer_Helper.cpp:57] Counts of 330001 words have been transferred to DM_Server.
W0313 23:42:54.253023 71172 Unigram_Model_Synchronizer_Helper.cpp:57] Counts of 340001 words have been transferred to DM_Server.
W0313 23:42:56.781888 71172 Unigram_Model_Synchronizer_Helper.cpp:57] Counts of 350001 words have been transferred to DM_Server.
W0313 23:42:59.270426 71172 Unigram_Model_Synchronizer_Helper.cpp:57] Counts of 360001 words have been transferred to DM_Server.
W0313 23:43:01.769943 71172 Unigram_Model_Synchronizer_Helper.cpp:57] Counts of 370001 words have been transferred to DM_Server.
W0313 23:43:04.279412 71172 Unigram_Model_Synchronizer_Helper.cpp:57] Counts of 380001 words have been transferred to DM_Server.
W0313 23:43:06.777690 71172 Unigram_Model_Synchronizer_Helper.cpp:57] Counts of 390001 words have been transferred to DM_Server.
W0313 23:43:09.261234 71172 Unigram_Model_Synchronizer_Helper.cpp:57] Counts of 400001 words have been transferred to DM_Server.
W0313 23:43:11.765015 71172 Unigram_Model_Synchronizer_Helper.cpp:57] Counts of 410001 words have been transferred to DM_Server.
W0313 23:43:14.230615 71172 Unigram_Model_Synchronizer_Helper.cpp:57] Counts of 420001 words have been transferred to DM_Server.
W0313 23:43:16.701114 71172 Unigram_Model_Synchronizer_Helper.cpp:57] Counts of 430001 words have been transferred to DM_Server.
W0313 23:43:19.207149 71172 Unigram_Model_Synchronizer_Helper.cpp:57] Counts of 440001 words have been transferred to DM_Server.
W0313 23:43:21.684551 71172 Unigram_Model_Synchronizer_Helper.cpp:57] Counts of 450001 words have been transferred to DM_Server.
W0313 23:43:24.122282 71172 Unigram_Model_Synchronizer_Helper.cpp:57] Counts of 460001 words have been transferred to DM_Server.
W0313 23:43:26.548780 71172 Unigram_Model_Synchronizer_Helper.cpp:57] Counts of 470001 words have been transferred to DM_Server.
W0313 23:43:28.988371 71172 Unigram_Model_Synchronizer_Helper.cpp:57] Counts of 480001 words have been transferred to DM_Server.
W0313 23:43:31.429656 71172 Unigram_Model_Synchronizer_Helper.cpp:57] Counts of 490001 words have been transferred to DM_Server.
W0313 23:43:33.859587 71172 Unigram_Model_Synchronizer_Helper.cpp:57] Counts of 500001 words have been transferred to DM_Server.
W0313 23:43:36.284694 71172 Unigram_Model_Synchronizer_Helper.cpp:57] Counts of 510001 words have been transferred to DM_Server.
W0313 23:43:38.691401 71172 Unigram_Model_Synchronizer_Helper.cpp:57] Counts of 520001 words have been transferred to DM_Server.
W0313 23:43:41.094990 71172 Unigram_Model_Synchronizer_Helper.cpp:57] Counts of 530001 words have been transferred to DM_Server.
W0313 23:43:43.512426 71172 Unigram_Model_Synchronizer_Helper.cpp:57] Counts of 540001 words have been transferred to DM_Server.
W0313 23:43:45.922495 71172 Unigram_Model_Synchronizer_Helper.cpp:57] Counts of 550001 words have been transferred to DM_Server.
W0313 23:43:48.324086 71172 Unigram_Model_Synchronizer_Helper.cpp:57] Counts of 560001 words have been transferred to DM_Server.
W0313 23:43:50.718386 71172 Unigram_Model_Synchronizer_Helper.cpp:57] Counts of 570001 words have been transferred to DM_Server.
W0313 23:43:53.118348 71172 Unigram_Model_Synchronizer_Helper.cpp:57] Counts of 580001 words have been transferred to DM_Server.
W0313 23:43:55.515955 71172 Unigram_Model_Synchronizer_Helper.cpp:57] Counts of 590001 words have been transferred to DM_Server.
W0313 23:43:57.955057 71172 Unigram_Model_Synchronizer_Helper.cpp:57] Counts of 600001 words have been transferred to DM_Server.
W0313 23:44:00.302223 71172 Unigram_Model_Synchronizer_Helper.cpp:57] Counts of 610001 words have been transferred to DM_Server.
W0313 23:44:02.604971 71172 Unigram_Model_Synchronizer_Helper.cpp:57] Counts of 620001 words have been transferred to DM_Server.
W0313 23:44:04.921285 71172 Unigram_Model_Synchronizer_Helper.cpp:57] Counts of 630001 words have been transferred to DM_Server.
W0313 23:44:07.250190 71172 Unigram_Model_Synchronizer_Helper.cpp:57] Counts of 640001 words have been transferred to DM_Server.
W0313 23:44:09.553916 71172 Unigram_Model_Synchronizer_Helper.cpp:57] Counts of 650001 words have been transferred to DM_Server.
W0313 23:44:11.872351 71172 Unigram_Model_Synchronizer_Helper.cpp:57] Counts of 660001 words have been transferred to DM_Server.
W0313 23:44:14.163360 71172 Unigram_Model_Synchronizer_Helper.cpp:57] Counts of 670001 words have been transferred to DM_Server.
W0313 23:44:16.511407 71172 Unigram_Model_Synchronizer_Helper.cpp:57] Counts of 680001 words have been transferred to DM_Server.
W0313 23:44:18.793649 71172 Unigram_Model_Synchronizer_Helper.cpp:57] Counts of 690001 words have been transferred to DM_Server.
W0313 23:44:21.211292 71172 Unigram_Model_Synchronizer_Helper.cpp:57] Counts of 700001 words have been transferred to DM_Server.
W0313 23:44:23.595675 71172 Unigram_Model_Synchronizer_Helper.cpp:57] Counts of 710001 words have been transferred to DM_Server.
W0313 23:44:25.876224 71172 Unigram_Model_Synchronizer_Helper.cpp:57] Counts of 720001 words have been transferred to DM_Server.
W0313 23:44:28.169859 71172 Unigram_Model_Synchronizer_Helper.cpp:57] Counts of 730001 words have been transferred to DM_Server.
W0313 23:44:30.509488 71172 Unigram_Model_Synchronizer_Helper.cpp:57] Counts of 740001 words have been transferred to DM_Server.
W0313 23:44:32.834846 71172 Unigram_Model_Synchronizer_Helper.cpp:57] Counts of 750001 words have been transferred to DM_Server.
W0313 23:44:35.081321 71172 Unigram_Model_Synchronizer_Helper.cpp:57] Counts of 760001 words have been transferred to DM_Server.
W0313 23:44:37.342699 71172 Unigram_Model_Synchronizer_Helper.cpp:57] Counts of 770001 words have been transferred to DM_Server.
W0313 23:44:39.620632 71172 Unigram_Model_Synchronizer_Helper.cpp:57] Counts of 780001 words have been transferred to DM_Server.
W0313 23:44:41.877254 71172 Unigram_Model_Synchronizer_Helper.cpp:57] Counts of 790001 words have been transferred to DM_Server.
W0313 23:44:44.166316 71172 Unigram_Model_Synchronizer_Helper.cpp:57] Counts of 800001 words have been transferred to DM_Server.
W0313 23:44:46.442181 71172 Unigram_Model_Synchronizer_Helper.cpp:57] Counts of 810001 words have been transferred to DM_Server.
W0313 23:44:48.708915 71172 Unigram_Model_Synchronizer_Helper.cpp:57] Counts of 820001 words have been transferred to DM_Server.
W0313 23:44:51.048568 71172 Unigram_Model_Synchronizer_Helper.cpp:57] Counts of 830001 words have been transferred to DM_Server.
W0313 23:44:53.398756 71172 Unigram_Model_Synchronizer_Helper.cpp:57] Counts of 840001 words have been transferred to DM_Server.
W0313 23:44:55.644693 71172 Unigram_Model_Synchronizer_Helper.cpp:57] Counts of 850001 words have been transferred to DM_Server.
W0313 23:44:57.810256 71172 Unigram_Model_Synchronizer_Helper.cpp:62] Local counts written to DM_Server. Phase1 for client complete
W0313 23:45:00.915216 71172 Unigram_Model_Synchronizer_Helper.cpp:65] All clients have transferred their counts successfully. Global initial counts ready
W0313 23:45:00.923235 71172 Unigram_Model_Synchronizer_Helper.cpp:80] Global counts of 1 words have been retrieved from DM_Server.
W0313 23:46:16.217648 71172 Unigram_Model_Synchronizer_Helper.cpp:80] Global counts of 10001 words have been retrieved from DM_Server.
W0313 23:47:12.148985 71172 Unigram_Model_Synchronizer_Helper.cpp:80] Global counts of 20001 words have been retrieved from DM_Server.
W0313 23:47:48.452256 71172 Unigram_Model_Synchronizer_Helper.cpp:80] Global counts of 30001 words have been retrieved from DM_Server.
W0313 23:48:13.895004 71172 Unigram_Model_Synchronizer_Helper.cpp:80] Global counts of 40001 words have been retrieved from DM_Server.
W0313 23:48:39.415966 71172 Unigram_Model_Synchronizer_Helper.cpp:80] Global counts of 50001 words have been retrieved from DM_Server.
W0313 23:48:58.343421 71172 Unigram_Model_Synchronizer_Helper.cpp:80] Global counts of 60001 words have been retrieved from DM_Server.
W0313 23:49:13.559090 71172 Unigram_Model_Synchronizer_Helper.cpp:80] Global counts of 70001 words have been retrieved from DM_Server.
W0313 23:49:26.351532 71172 Unigram_Model_Synchronizer_Helper.cpp:80] Global counts of 80001 words have been retrieved from DM_Server.
W0313 23:49:39.434625 71172 Unigram_Model_Synchronizer_Helper.cpp:80] Global counts of 90001 words have been retrieved from DM_Server.
W0313 23:49:50.561038 71172 Unigram_Model_Synchronizer_Helper.cpp:80] Global counts of 100001 words have been retrieved from DM_Server.
W0313 23:50:00.001687 71172 Unigram_Model_Synchronizer_Helper.cpp:80] Global counts of 110001 words have been retrieved from DM_Server.
W0313 23:50:08.842556 71172 Unigram_Model_Synchronizer_Helper.cpp:80] Global counts of 120001 words have been retrieved from DM_Server.
W0313 23:50:17.216562 71172 Unigram_Model_Synchronizer_Helper.cpp:80] Global counts of 130001 words have been retrieved from DM_Server.
W0313 23:50:24.917436 71172 Unigram_Model_Synchronizer_Helper.cpp:80] Global counts of 140001 words have been retrieved from DM_Server.
W0313 23:50:31.752887 71172 Unigram_Model_Synchronizer_Helper.cpp:80] Global counts of 150001 words have been retrieved from DM_Server.
W0313 23:50:38.040688 71172 Unigram_Model_Synchronizer_Helper.cpp:80] Global counts of 160001 words have been retrieved from DM_Server.
W0313 23:50:44.067867 71172 Unigram_Model_Synchronizer_Helper.cpp:80] Global counts of 170001 words have been retrieved from DM_Server.
W0313 23:50:49.617624 71172 Unigram_Model_Synchronizer_Helper.cpp:80] Global counts of 180001 words have been retrieved from DM_Server.
W0313 23:50:54.979596 71172 Unigram_Model_Synchronizer_Helper.cpp:80] Global counts of 190001 words have been retrieved from DM_Server.
W0313 23:51:00.134418 71172 Unigram_Model_Synchronizer_Helper.cpp:80] Global counts of 200001 words have been retrieved from DM_Server.
W0313 23:51:04.850731 71172 Unigram_Model_Synchronizer_Helper.cpp:80] Global counts of 210001 words have been retrieved from DM_Server.
W0313 23:51:09.454179 71172 Unigram_Model_Synchronizer_Helper.cpp:80] Global counts of 220001 words have been retrieved from DM_Server.
W0313 23:51:13.888758 71172 Unigram_Model_Synchronizer_Helper.cpp:80] Global counts of 230001 words have been retrieved from DM_Server.
W0313 23:51:18.007839 71172 Unigram_Model_Synchronizer_Helper.cpp:80] Global counts of 240001 words have been retrieved from DM_Server.
W0313 23:51:22.087776 71172 Unigram_Model_Synchronizer_Helper.cpp:80] Global counts of 250001 words have been retrieved from DM_Server.
W0313 23:51:25.997339 71172 Unigram_Model_Synchronizer_Helper.cpp:80] Global counts of 260001 words have been retrieved from DM_Server.
W0313 23:51:29.959041 71172 Unigram_Model_Synchronizer_Helper.cpp:80] Global counts of 270001 words have been retrieved from DM_Server.
W0313 23:51:33.730190 71172 Unigram_Model_Synchronizer_Helper.cpp:80] Global counts of 280001 words have been retrieved from DM_Server.
W0313 23:51:37.367259 71172 Unigram_Model_Synchronizer_Helper.cpp:80] Global counts of 290001 words have been retrieved from DM_Server.
W0313 23:51:40.967185 71172 Unigram_Model_Synchronizer_Helper.cpp:80] Global counts of 300001 words have been retrieved from DM_Server.
W0313 23:51:44.454624 71172 Unigram_Model_Synchronizer_Helper.cpp:80] Global counts of 310001 words have been retrieved from DM_Server.
W0313 23:51:47.875315 71172 Unigram_Model_Synchronizer_Helper.cpp:80] Global counts of 320001 words have been retrieved from DM_Server.
W0313 23:51:51.299831 71172 Unigram_Model_Synchronizer_Helper.cpp:80] Global counts of 330001 words have been retrieved from DM_Server.
W0313 23:51:54.543169 71172 Unigram_Model_Synchronizer_Helper.cpp:80] Global counts of 340001 words have been retrieved from DM_Server.
W0313 23:51:57.764585 71172 Unigram_Model_Synchronizer_Helper.cpp:80] Global counts of 350001 words have been retrieved from DM_Server.
W0313 23:52:01.006755 71172 Unigram_Model_Synchronizer_Helper.cpp:80] Global counts of 360001 words have been retrieved from DM_Server.
W0313 23:52:04.135466 71172 Unigram_Model_Synchronizer_Helper.cpp:80] Global counts of 370001 words have been retrieved from DM_Server.
W0313 23:52:07.253614 71172 Unigram_Model_Synchronizer_Helper.cpp:80] Global counts of 380001 words have been retrieved from DM_Server.
W0313 23:52:10.360257 71172 Unigram_Model_Synchronizer_Helper.cpp:80] Global counts of 390001 words have been retrieved from DM_Server.
W0313 23:52:13.384402 71172 Unigram_Model_Synchronizer_Helper.cpp:80] Global counts of 400001 words have been retrieved from DM_Server.
W0313 23:52:16.443258 71172 Unigram_Model_Synchronizer_Helper.cpp:80] Global counts of 410001 words have been retrieved from DM_Server.
W0313 23:52:19.506005 71172 Unigram_Model_Synchronizer_Helper.cpp:80] Global counts of 420001 words have been retrieved from DM_Server.
W0313 23:52:22.395077 71172 Unigram_Model_Synchronizer_Helper.cpp:80] Global counts of 430001 words have been retrieved from DM_Server.
W0313 23:52:25.303387 71172 Unigram_Model_Synchronizer_Helper.cpp:80] Global counts of 440001 words have been retrieved from DM_Server.
W0313 23:52:28.186106 71172 Unigram_Model_Synchronizer_Helper.cpp:80] Global counts of 450001 words have been retrieved from DM_Server.
W0313 23:52:31.033129 71172 Unigram_Model_Synchronizer_Helper.cpp:80] Global counts of 460001 words have been retrieved from DM_Server.
W0313 23:52:33.853898 71172 Unigram_Model_Synchronizer_Helper.cpp:80] Global counts of 470001 words have been retrieved from DM_Server.
W0313 23:52:36.626942 71172 Unigram_Model_Synchronizer_Helper.cpp:80] Global counts of 480001 words have been retrieved from DM_Server.
W0313 23:52:39.352190 71172 Unigram_Model_Synchronizer_Helper.cpp:80] Global counts of 490001 words have been retrieved from DM_Server.
W0313 23:52:42.100482 71172 Unigram_Model_Synchronizer_Helper.cpp:80] Global counts of 500001 words have been retrieved from DM_Server.
W0313 23:52:44.847223 71172 Unigram_Model_Synchronizer_Helper.cpp:80] Global counts of 510001 words have been retrieved from DM_Server.
W0313 23:52:47.627513 71172 Unigram_Model_Synchronizer_Helper.cpp:80] Global counts of 520001 words have been retrieved from DM_Server.
W0313 23:52:50.326099 71172 Unigram_Model_Synchronizer_Helper.cpp:80] Global counts of 530001 words have been retrieved from DM_Server.
W0313 23:52:53.022775 71172 Unigram_Model_Synchronizer_Helper.cpp:80] Global counts of 540001 words have been retrieved from DM_Server.
W0313 23:52:55.694484 71172 Unigram_Model_Synchronizer_Helper.cpp:80] Global counts of 550001 words have been retrieved from DM_Server.
W0313 23:52:58.329005 71172 Unigram_Model_Synchronizer_Helper.cpp:80] Global counts of 560001 words have been retrieved from DM_Server.
W0313 23:53:00.991519 71172 Unigram_Model_Synchronizer_Helper.cpp:80] Global counts of 570001 words have been retrieved from DM_Server.
W0313 23:53:03.751385 71172 Unigram_Model_Synchronizer_Helper.cpp:80] Global counts of 580001 words have been retrieved from DM_Server.
W0313 23:53:06.469162 71172 Unigram_Model_Synchronizer_Helper.cpp:80] Global counts of 590001 words have been retrieved from DM_Server.
W0313 23:53:09.161736 71172 Unigram_Model_Synchronizer_Helper.cpp:80] Global counts of 600001 words have been retrieved from DM_Server.
W0313 23:53:11.812535 71172 Unigram_Model_Synchronizer_Helper.cpp:80] Global counts of 610001 words have been retrieved from DM_Server.
W0313 23:53:14.565233 71172 Unigram_Model_Synchronizer_Helper.cpp:80] Global counts of 620001 words have been retrieved from DM_Server.
W0313 23:53:17.292389 71172 Unigram_Model_Synchronizer_Helper.cpp:80] Global counts of 630001 words have been retrieved from DM_Server.
W0313 23:53:20.027645 71172 Unigram_Model_Synchronizer_Helper.cpp:80] Global counts of 640001 words have been retrieved from DM_Server.
W0313 23:53:22.742416 71172 Unigram_Model_Synchronizer_Helper.cpp:80] Global counts of 650001 words have been retrieved from DM_Server.
W0313 23:53:25.329327 71172 Unigram_Model_Synchronizer_Helper.cpp:80] Global counts of 660001 words have been retrieved from DM_Server.
W0313 23:53:27.903203 71172 Unigram_Model_Synchronizer_Helper.cpp:80] Global counts of 670001 words have been retrieved from DM_Server.
W0313 23:53:30.456248 71172 Unigram_Model_Synchronizer_Helper.cpp:80] Global counts of 680001 words have been retrieved from DM_Server.
W0313 23:53:33.052709 71172 Unigram_Model_Synchronizer_Helper.cpp:80] Global counts of 690001 words have been retrieved from DM_Server.
W0313 23:53:35.579993 71172 Unigram_Model_Synchronizer_Helper.cpp:80] Global counts of 700001 words have been retrieved from DM_Server.
W0313 23:53:38.198479 71172 Unigram_Model_Synchronizer_Helper.cpp:80] Global counts of 710001 words have been retrieved from DM_Server.
W0313 23:53:40.781981 71172 Unigram_Model_Synchronizer_Helper.cpp:80] Global counts of 720001 words have been retrieved from DM_Server.
W0313 23:53:43.333778 71172 Unigram_Model_Synchronizer_Helper.cpp:80] Global counts of 730001 words have been retrieved from DM_Server.
W0313 23:53:45.903069 71172 Unigram_Model_Synchronizer_Helper.cpp:80] Global counts of 740001 words have been retrieved from DM_Server.
W0313 23:53:48.452349 71172 Unigram_Model_Synchronizer_Helper.cpp:80] Global counts of 750001 words have been retrieved from DM_Server.
W0313 23:53:50.988785 71172 Unigram_Model_Synchronizer_Helper.cpp:80] Global counts of 760001 words have been retrieved from DM_Server.
W0313 23:53:53.578724 71172 Unigram_Model_Synchronizer_Helper.cpp:80] Global counts of 770001 words have been retrieved from DM_Server.
W0313 23:53:56.189313 71172 Unigram_Model_Synchronizer_Helper.cpp:80] Global counts of 780001 words have been retrieved from DM_Server.
W0313 23:53:58.810761 71172 Unigram_Model_Synchronizer_Helper.cpp:80] Global counts of 790001 words have been retrieved from DM_Server.
W0313 23:54:01.319051 71172 Unigram_Model_Synchronizer_Helper.cpp:80] Global counts of 800001 words have been retrieved from DM_Server.
