W0312 07:58:50.494432 43967 Synchronizer.cpp:60] Synch pass 175 done. Took 110.777 seconds
W0312 08:00:40.021229 43967 Synchronizer.cpp:60] Synch pass 176 done. Took 109.526 seconds
W0312 08:02:32.462018 43967 Synchronizer.cpp:60] Synch pass 177 done. Took 112.44 seconds
W0312 08:02:57.190596 43016 Training_Execution_Strategy.cpp:76] Iteration 41 done. Took 8.29173 mins
W0312 08:02:59.087640 43016 Unigram_Model_Trainer.cpp:522] Restarting IO
W0312 08:04:41.578482 43967 Synchronizer.cpp:60] Synch pass 178 done. Took 129.116 seconds
W0312 08:06:33.787714 43967 Synchronizer.cpp:60] Synch pass 179 done. Took 112.209 seconds
W0312 08:08:24.375020 43967 Synchronizer.cpp:60] Synch pass 180 done. Took 110.587 seconds
W0312 08:10:14.897014 43967 Synchronizer.cpp:60] Synch pass 181 done. Took 110.522 seconds
W0312 08:11:13.627001 43016 Training_Execution_Strategy.cpp:76] Iteration 42 done. Took 8.23332 mins
W0312 08:11:15.511751 43016 Unigram_Model_Trainer.cpp:522] Restarting IO
W0312 08:12:24.086443 43967 Synchronizer.cpp:60] Synch pass 182 done. Took 129.189 seconds
W0312 08:14:28.811342 43967 Synchronizer.cpp:60] Synch pass 183 done. Took 124.725 seconds
W0312 08:16:27.702143 43967 Synchronizer.cpp:60] Synch pass 184 done. Took 118.89 seconds
W0312 08:18:17.010143 43967 Synchronizer.cpp:60] Synch pass 185 done. Took 109.308 seconds
W0312 08:19:25.661141 43016 Training_Execution_Strategy.cpp:76] Iteration 43 done. Took 8.16104 mins
W0312 08:19:27.381266 43016 Unigram_Model_Trainer.cpp:522] Restarting IO
W0312 08:20:19.066299 43967 Synchronizer.cpp:60] Synch pass 186 done. Took 122.056 seconds
W0312 08:22:15.371644 43967 Synchronizer.cpp:60] Synch pass 187 done. Took 116.305 seconds
W0312 08:24:08.131399 43967 Synchronizer.cpp:60] Synch pass 188 done. Took 112.759 seconds
W0312 08:25:58.493908 43967 Synchronizer.cpp:60] Synch pass 189 done. Took 110.362 seconds
W0312 08:27:33.097290 43016 Training_Execution_Strategy.cpp:76] Iteration 44 done. Took 8.08585 mins
W0312 08:27:34.850317 43016 Unigram_Model_Trainer.cpp:522] Restarting IO
W0312 08:27:55.420459 43967 Synchronizer.cpp:60] Synch pass 190 done. Took 116.926 seconds
W0312 08:29:56.617941 43967 Synchronizer.cpp:60] Synch pass 191 done. Took 121.197 seconds
W0312 08:31:47.727931 43967 Synchronizer.cpp:60] Synch pass 192 done. Took 111.11 seconds
W0312 08:33:36.732501 43967 Synchronizer.cpp:60] Synch pass 193 done. Took 109.004 seconds
W0312 08:35:27.550340 43967 Synchronizer.cpp:60] Synch pass 194 done. Took 110.817 seconds
W0312 08:35:36.363677 43016 Training_Execution_Strategy.cpp:76] Iteration 45 done. Took 8.01673 mins
W0312 08:35:38.173295 43016 Unigram_Model_Trainer.cpp:522] Restarting IO
W0312 08:37:41.438985 43967 Synchronizer.cpp:60] Synch pass 195 done. Took 133.888 seconds
W0312 08:39:34.868701 43967 Synchronizer.cpp:60] Synch pass 196 done. Took 113.429 seconds
W0312 08:41:24.153601 43967 Synchronizer.cpp:60] Synch pass 197 done. Took 109.284 seconds
W0312 08:43:14.445716 43967 Synchronizer.cpp:60] Synch pass 198 done. Took 110.292 seconds
W0312 08:43:36.747277 43016 Training_Execution_Strategy.cpp:76] Iteration 46 done. Took 7.96701 mins
W0312 08:43:38.591670 43016 Unigram_Model_Trainer.cpp:522] Restarting IO
W0312 08:45:24.438907 43967 Synchronizer.cpp:60] Synch pass 199 done. Took 129.993 seconds
W0312 08:47:14.457357 43967 Synchronizer.cpp:60] Synch pass 200 done. Took 110.018 seconds
W0312 08:49:02.493204 43967 Synchronizer.cpp:60] Synch pass 201 done. Took 108.036 seconds
W0312 08:50:50.410943 43967 Synchronizer.cpp:60] Synch pass 202 done. Took 107.917 seconds
W0312 08:51:33.441232 43016 Training_Execution_Strategy.cpp:76] Iteration 47 done. Took 7.90588 mins
W0312 08:51:35.118782 43016 Unigram_Model_Trainer.cpp:522] Restarting IO
W0312 08:52:57.179677 43967 Synchronizer.cpp:60] Synch pass 203 done. Took 126.768 seconds
W0312 08:54:48.284734 43967 Synchronizer.cpp:60] Synch pass 204 done. Took 111.105 seconds
W0312 08:56:35.803213 43967 Synchronizer.cpp:60] Synch pass 205 done. Took 107.518 seconds
W0312 08:58:23.477161 43967 Synchronizer.cpp:60] Synch pass 206 done. Took 107.673 seconds
W0312 08:59:27.015115 43016 Training_Execution_Strategy.cpp:76] Iteration 48 done. Took 7.85625 mins
W0312 08:59:28.671875 43016 Unigram_Model_Trainer.cpp:522] Restarting IO
W0312 09:00:27.200989 43967 Synchronizer.cpp:60] Synch pass 207 done. Took 123.723 seconds
W0312 09:02:30.225528 43967 Synchronizer.cpp:60] Synch pass 208 done. Took 123.022 seconds
W0312 09:04:18.548900 43967 Synchronizer.cpp:60] Synch pass 209 done. Took 108.323 seconds
W0312 09:06:08.036031 43967 Synchronizer.cpp:60] Synch pass 210 done. Took 109.487 seconds
W0312 09:07:17.991209 43016 Training_Execution_Strategy.cpp:76] Iteration 49 done. Took 7.81432 mins
W0312 09:07:19.903697 43016 Unigram_Model_Trainer.cpp:522] Restarting IO
W0312 09:08:09.370421 43967 Synchronizer.cpp:60] Synch pass 211 done. Took 121.334 seconds
W0312 09:10:03.825831 43967 Synchronizer.cpp:60] Synch pass 212 done. Took 114.455 seconds
W0312 09:11:50.089561 43967 Synchronizer.cpp:60] Synch pass 213 done. Took 106.263 seconds
W0312 09:13:35.514775 43967 Synchronizer.cpp:60] Synch pass 214 done. Took 105.425 seconds
W0312 09:15:08.979830 43016 Training_Execution_Strategy.cpp:76] Iteration 50 done. Took 7.80937 mins
W0312 09:15:21.201771 43967 Synchronizer.cpp:60] Synch pass 215 done. Took 105.687 seconds
W0312 09:15:30.360019 43016 Unigram_Model.cpp:109] Average num of topics assigned per word = 62.1134
W0312 09:15:30.360245 43016 Training_Execution_Strategy.cpp:81] >>>>>>>>>> Log-Likelihood (model, doc, total): -1.47091e+11 , -5.45044e+09 , -1.52541e+11
W0312 09:15:32.092818 43016 Unigram_Model_Trainer.cpp:522] Restarting IO
W0312 09:15:32.572696 43016 Training_Execution_Strategy.cpp:92] >>>>>>>>>>> Save model at iteration: 50
W0312 09:16:03.192675 43016 Unigram_Model.cpp:109] Average num of topics assigned per word = 62.0615
W0312 09:17:29.417883 43967 Synchronizer.cpp:60] Synch pass 216 done. Took 128.216 seconds
W0312 09:19:18.314718 43967 Synchronizer.cpp:60] Synch pass 217 done. Took 108.896 seconds
W0312 09:21:06.239553 43967 Synchronizer.cpp:60] Synch pass 218 done. Took 107.924 seconds
W0312 09:22:56.398113 43967 Synchronizer.cpp:60] Synch pass 219 done. Took 110.158 seconds
W0312 09:23:45.544802 43016 Training_Execution_Strategy.cpp:76] Iteration 51 done. Took 7.70585 mins
W0312 09:23:47.401290 43016 Unigram_Model_Trainer.cpp:522] Restarting IO
W0312 09:25:04.636375 43967 Synchronizer.cpp:60] Synch pass 220 done. Took 128.236 seconds
W0312 09:27:02.469921 43967 Synchronizer.cpp:60] Synch pass 221 done. Took 117.833 seconds
W0312 09:28:51.640647 43967 Synchronizer.cpp:60] Synch pass 222 done. Took 109.17 seconds
W0312 09:30:39.359171 43967 Synchronizer.cpp:60] Synch pass 223 done. Took 107.718 seconds
W0312 09:31:28.675045 43016 Training_Execution_Strategy.cpp:76] Iteration 52 done. Took 7.67714 mins
W0312 09:31:30.384146 43016 Unigram_Model_Trainer.cpp:522] Restarting IO
W0312 09:32:47.675916 43967 Synchronizer.cpp:60] Synch pass 224 done. Took 128.316 seconds
W0312 09:34:50.418697 43967 Synchronizer.cpp:60] Synch pass 225 done. Took 122.743 seconds
W0312 09:36:41.433218 43967 Synchronizer.cpp:60] Synch pass 226 done. Took 111.014 seconds
W0312 09:38:31.349962 43967 Synchronizer.cpp:60] Synch pass 227 done. Took 109.916 seconds
W0312 09:39:08.931902 43016 Training_Execution_Strategy.cpp:76] Iteration 53 done. Took 7.63475 mins
W0312 09:39:10.839650 43016 Unigram_Model_Trainer.cpp:522] Restarting IO
W0312 09:40:41.595120 43967 Synchronizer.cpp:60] Synch pass 228 done. Took 130.245 seconds
W0312 09:42:33.832937 43967 Synchronizer.cpp:60] Synch pass 229 done. Took 112.232 seconds
W0312 09:44:23.139422 43967 Synchronizer.cpp:60] Synch pass 230 done. Took 109.306 seconds
W0312 09:46:13.410821 43967 Synchronizer.cpp:60] Synch pass 231 done. Took 110.271 seconds
W0312 09:46:47.113369 43016 Training_Execution_Strategy.cpp:76] Iteration 54 done. Took 7.59577 mins
W0312 09:46:48.985851 43016 Unigram_Model_Trainer.cpp:522] Restarting IO
W0312 09:48:21.013365 43967 Synchronizer.cpp:60] Synch pass 232 done. Took 127.602 seconds
W0312 09:50:11.418964 43967 Synchronizer.cpp:60] Synch pass 233 done. Took 110.405 seconds
W0312 09:52:00.140930 43967 Synchronizer.cpp:60] Synch pass 234 done. Took 108.722 seconds
W0312 09:53:50.326249 43967 Synchronizer.cpp:60] Synch pass 235 done. Took 110.185 seconds
W0312 09:54:23.373363 43016 Training_Execution_Strategy.cpp:76] Iteration 55 done. Took 7.56466 mins
W0312 09:54:25.209853 43016 Unigram_Model_Trainer.cpp:522] Restarting IO
W0312 09:56:02.552119 43967 Synchronizer.cpp:60] Synch pass 236 done. Took 132.225 seconds
W0312 09:58:01.539548 43967 Synchronizer.cpp:60] Synch pass 237 done. Took 118.987 seconds
W0312 09:59:48.927958 43967 Synchronizer.cpp:60] Synch pass 238 done. Took 107.388 seconds
W0312 10:01:37.480907 43967 Synchronizer.cpp:60] Synch pass 239 done. Took 108.553 seconds
W0312 10:01:57.633872 43016 Training_Execution_Strategy.cpp:76] Iteration 56 done. Took 7.53167 mins
W0312 10:01:59.524302 43016 Unigram_Model_Trainer.cpp:522] Restarting IO
W0312 10:03:45.148663 43967 Synchronizer.cpp:60] Synch pass 240 done. Took 127.667 seconds
W0312 10:05:33.855608 43967 Synchronizer.cpp:60] Synch pass 241 done. Took 108.706 seconds
W0312 10:07:20.989564 43967 Synchronizer.cpp:60] Synch pass 242 done. Took 107.133 seconds
W0312 10:09:10.773494 43967 Synchronizer.cpp:60] Synch pass 243 done. Took 109.784 seconds
W0312 10:09:30.169169 43016 Training_Execution_Strategy.cpp:76] Iteration 57 done. Took 7.50275 mins
W0312 10:09:32.090001 43016 Unigram_Model_Trainer.cpp:522] Restarting IO
W0312 10:11:23.989500 43967 Synchronizer.cpp:60] Synch pass 244 done. Took 133.216 seconds
W0312 10:13:19.365165 43967 Synchronizer.cpp:60] Synch pass 245 done. Took 115.375 seconds
W0312 10:15:08.055280 43967 Synchronizer.cpp:60] Synch pass 246 done. Took 108.68 seconds
W0312 10:16:58.128386 43967 Synchronizer.cpp:60] Synch pass 247 done. Took 110.072 seconds
W0312 10:17:00.632702 43016 Training_Execution_Strategy.cpp:76] Iteration 58 done. Took 7.46707 mins
W0312 10:17:02.448796 43016 Unigram_Model_Trainer.cpp:522] Restarting IO
W0312 10:19:11.287509 43967 Synchronizer.cpp:60] Synch pass 248 done. Took 133.158 seconds
W0312 10:21:02.358149 43967 Synchronizer.cpp:60] Synch pass 249 done. Took 111.07 seconds
W0312 10:22:50.540853 43967 Synchronizer.cpp:60] Synch pass 250 done. Took 108.182 seconds
W0312 10:24:28.794088 43016 Training_Execution_Strategy.cpp:76] Iteration 59 done. Took 7.4314 mins
W0312 10:24:30.680042 43016 Unigram_Model_Trainer.cpp:522] Restarting IO
W0312 10:24:45.057113 43967 Synchronizer.cpp:60] Synch pass 251 done. Took 114.513 seconds
W0312 10:26:54.876013 43967 Synchronizer.cpp:60] Synch pass 252 done. Took 129.819 seconds
W0312 10:28:44.676162 43967 Synchronizer.cpp:60] Synch pass 253 done. Took 109.8 seconds
W0312 10:30:33.228778 43967 Synchronizer.cpp:60] Synch pass 254 done. Took 108.552 seconds
W0312 10:31:56.145658 43016 Training_Execution_Strategy.cpp:76] Iteration 60 done. Took 7.41538 mins
W0312 10:31:58.070585 43016 Unigram_Model_Trainer.cpp:522] Restarting IO
W0312 10:31:58.564106 43016 Training_Execution_Strategy.cpp:92] >>>>>>>>>>> Save model at iteration: 60
W0312 10:32:27.376240 43016 Unigram_Model.cpp:109] Average num of topics assigned per word = 58.5034
W0312 10:32:28.711841 43967 Synchronizer.cpp:60] Synch pass 255 done. Took 115.483 seconds
W0312 10:34:27.243974 43967 Synchronizer.cpp:60] Synch pass 256 done. Took 118.532 seconds
W0312 10:36:16.091143 43967 Synchronizer.cpp:60] Synch pass 257 done. Took 108.846 seconds
W0312 10:38:03.748282 43967 Synchronizer.cpp:60] Synch pass 258 done. Took 107.653 seconds
W0312 10:39:49.426141 43016 Training_Execution_Strategy.cpp:76] Iteration 61 done. Took 7.36748 mins
W0312 10:39:51.309130 43016 Unigram_Model_Trainer.cpp:522] Restarting IO
W0312 10:39:53.919769 43967 Synchronizer.cpp:60] Synch pass 259 done. Took 110.171 seconds
W0312 10:42:07.269641 43967 Synchronizer.cpp:60] Synch pass 260 done. Took 133.35 seconds
W0312 10:44:03.402789 43967 Synchronizer.cpp:60] Synch pass 261 done. Took 116.133 seconds
W0312 10:45:49.486518 43967 Synchronizer.cpp:60] Synch pass 262 done. Took 106.083 seconds
W0312 10:47:13.913252 43016 Training_Execution_Strategy.cpp:76] Iteration 62 done. Took 7.36794 mins
W0312 10:47:15.858043 43016 Unigram_Model_Trainer.cpp:522] Restarting IO
W0312 10:47:47.609716 43967 Synchronizer.cpp:60] Synch pass 263 done. Took 118.123 seconds
W0312 10:49:46.681304 43967 Synchronizer.cpp:60] Synch pass 264 done. Took 119.07 seconds
W0312 10:51:34.683145 43967 Synchronizer.cpp:60] Synch pass 265 done. Took 108.002 seconds
W0312 10:53:23.543678 43967 Synchronizer.cpp:60] Synch pass 266 done. Took 108.86 seconds
W0312 10:54:36.827482 43016 Training_Execution_Strategy.cpp:76] Iteration 63 done. Took 7.34027 mins
W0312 10:54:38.696986 43016 Unigram_Model_Trainer.cpp:522] Restarting IO
W0312 10:55:22.993434 43967 Synchronizer.cpp:60] Synch pass 267 done. Took 119.449 seconds
W0312 10:57:19.205356 43967 Synchronizer.cpp:60] Synch pass 268 done. Took 116.212 seconds
W0312 10:59:07.750555 43967 Synchronizer.cpp:60] Synch pass 269 done. Took 108.545 seconds
W0312 11:00:55.361534 43967 Synchronizer.cpp:60] Synch pass 270 done. Took 107.611 seconds
W0312 11:01:58.566021 43016 Training_Execution_Strategy.cpp:76] Iteration 64 done. Took 7.32234 mins
W0312 11:02:00.828759 43016 Unigram_Model_Trainer.cpp:522] Restarting IO
W0312 11:02:53.678323 43967 Synchronizer.cpp:60] Synch pass 271 done. Took 118.316 seconds
W0312 11:04:47.966734 43967 Synchronizer.cpp:60] Synch pass 272 done. Took 114.288 seconds
W0312 11:06:34.552407 43967 Synchronizer.cpp:60] Synch pass 273 done. Took 106.585 seconds
W0312 11:08:22.075798 43967 Synchronizer.cpp:60] Synch pass 274 done. Took 107.523 seconds
W0312 11:09:18.563588 43016 Training_Execution_Strategy.cpp:76] Iteration 65 done. Took 7.2866 mins
W0312 11:09:20.474278 43016 Unigram_Model_Trainer.cpp:522] Restarting IO
W0312 11:10:29.423295 43967 Synchronizer.cpp:60] Synch pass 275 done. Took 127.347 seconds
W0312 11:12:31.707723 43967 Synchronizer.cpp:60] Synch pass 276 done. Took 122.284 seconds
W0312 11:14:27.531122 43967 Synchronizer.cpp:60] Synch pass 277 done. Took 115.823 seconds
W0312 11:16:24.420904 43967 Synchronizer.cpp:60] Synch pass 278 done. Took 116.889 seconds
W0312 11:16:38.128756 43016 Training_Execution_Strategy.cpp:76] Iteration 66 done. Took 7.28535 mins
W0312 11:16:39.808696 43016 Unigram_Model_Trainer.cpp:522] Restarting IO
W0312 11:18:39.118330 43967 Synchronizer.cpp:60] Synch pass 279 done. Took 134.697 seconds
W0312 11:20:34.841606 43967 Synchronizer.cpp:60] Synch pass 280 done. Took 115.723 seconds
W0312 11:22:24.365396 43967 Synchronizer.cpp:60] Synch pass 281 done. Took 109.523 seconds
W0312 11:23:55.717478 43016 Training_Execution_Strategy.cpp:76] Iteration 67 done. Took 7.25734 mins
W0312 11:23:57.608806 43016 Unigram_Model_Trainer.cpp:522] Restarting IO
W0312 11:24:20.939880 43967 Synchronizer.cpp:60] Synch pass 282 done. Took 116.574 seconds
W0312 11:26:29.979831 43967 Synchronizer.cpp:60] Synch pass 283 done. Took 129.04 seconds
W0312 11:28:27.592465 43967 Synchronizer.cpp:60] Synch pass 284 done. Took 117.612 seconds
W0312 11:30:23.998487 43967 Synchronizer.cpp:60] Synch pass 285 done. Took 116.406 seconds
W0312 11:31:12.829151 43016 Training_Execution_Strategy.cpp:76] Iteration 68 done. Took 7.24473 mins
W0312 11:31:14.745463 43016 Unigram_Model_Trainer.cpp:522] Restarting IO
W0312 11:32:36.736093 43967 Synchronizer.cpp:60] Synch pass 286 done. Took 132.737 seconds
W0312 11:34:39.639806 43967 Synchronizer.cpp:60] Synch pass 287 done. Took 122.903 seconds
W0312 11:36:36.008751 43967 Synchronizer.cpp:60] Synch pass 288 done. Took 116.369 seconds
W0312 11:38:29.120945 43016 Training_Execution_Strategy.cpp:76] Iteration 69 done. Took 7.23148 mins
W0312 11:38:30.875982 43016 Unigram_Model_Trainer.cpp:522] Restarting IO
W0312 11:38:33.559612 43967 Synchronizer.cpp:60] Synch pass 289 done. Took 117.55 seconds
W0312 11:40:39.282002 43967 Synchronizer.cpp:60] Synch pass 290 done. Took 125.722 seconds
W0312 11:42:28.031707 43967 Synchronizer.cpp:60] Synch pass 291 done. Took 108.749 seconds
W0312 11:44:14.551916 43967 Synchronizer.cpp:60] Synch pass 292 done. Took 106.52 seconds
W0312 11:45:43.774468 43016 Training_Execution_Strategy.cpp:76] Iteration 70 done. Took 7.20586 mins
W0312 11:45:45.640873 43016 Unigram_Model_Trainer.cpp:522] Restarting IO
W0312 11:45:46.117136 43016 Training_Execution_Strategy.cpp:92] >>>>>>>>>>> Save model at iteration: 70
W0312 11:46:05.233711 43967 Synchronizer.cpp:60] Synch pass 293 done. Took 110.681 seconds
W0312 11:46:14.294226 43016 Unigram_Model.cpp:109] Average num of topics assigned per word = 56.1799
W0312 11:48:14.782567 43967 Synchronizer.cpp:60] Synch pass 294 done. Took 129.548 seconds
W0312 11:50:09.225827 43967 Synchronizer.cpp:60] Synch pass 295 done. Took 114.443 seconds
W0312 11:51:56.346796 43967 Synchronizer.cpp:60] Synch pass 296 done. Took 107.12 seconds
W0312 11:53:24.556577 43016 Training_Execution_Strategy.cpp:76] Iteration 71 done. Took 7.17101 mins
W0312 11:53:26.234800 43016 Unigram_Model_Trainer.cpp:522] Restarting IO
W0312 11:53:50.955627 43967 Synchronizer.cpp:60] Synch pass 297 done. Took 114.608 seconds
W0312 11:55:52.291074 43967 Synchronizer.cpp:60] Synch pass 298 done. Took 121.335 seconds
W0312 11:57:41.876919 43967 Synchronizer.cpp:60] Synch pass 299 done. Took 109.585 seconds
W0312 11:59:28.922812 43967 Synchronizer.cpp:60] Synch pass 300 done. Took 107.045 seconds
W0312 12:00:37.073123 43016 Training_Execution_Strategy.cpp:76] Iteration 72 done. Took 7.17161 mins
W0312 12:00:38.719317 43016 Unigram_Model_Trainer.cpp:522] Restarting IO
W0312 12:01:28.619179 43967 Synchronizer.cpp:60] Synch pass 301 done. Took 119.696 seconds
W0312 12:03:32.777467 43967 Synchronizer.cpp:60] Synch pass 302 done. Took 124.158 seconds
W0312 12:05:20.650671 43967 Synchronizer.cpp:60] Synch pass 303 done. Took 107.868 seconds
W0312 12:07:08.797583 43967 Synchronizer.cpp:60] Synch pass 304 done. Took 108.147 seconds
W0312 12:07:48.378438 43016 Training_Execution_Strategy.cpp:76] Iteration 73 done. Took 7.15327 mins
W0312 12:07:50.295296 43016 Unigram_Model_Trainer.cpp:522] Restarting IO
W0312 12:09:18.811491 43967 Synchronizer.cpp:60] Synch pass 305 done. Took 130.014 seconds
W0312 12:11:15.006424 43967 Synchronizer.cpp:60] Synch pass 306 done. Took 116.195 seconds
W0312 12:12:59.816407 43967 Synchronizer.cpp:60] Synch pass 307 done. Took 104.81 seconds
W0312 12:14:44.654299 43967 Synchronizer.cpp:60] Synch pass 308 done. Took 104.837 seconds
W0312 12:14:58.950326 43016 Training_Execution_Strategy.cpp:76] Iteration 74 done. Took 7.13465 mins
W0312 12:15:00.802759 43016 Unigram_Model_Trainer.cpp:522] Restarting IO
W0312 12:16:46.748102 43967 Synchronizer.cpp:60] Synch pass 309 done. Took 122.093 seconds
W0312 12:18:30.155184 43967 Synchronizer.cpp:60] Synch pass 310 done. Took 103.407 seconds
W0312 12:20:11.118527 43967 Synchronizer.cpp:60] Synch pass 311 done. Took 100.957 seconds
W0312 12:21:52.433611 43967 Synchronizer.cpp:60] Synch pass 312 done. Took 101.315 seconds
W0312 12:22:10.926368 43016 Training_Execution_Strategy.cpp:76] Iteration 75 done. Took 7.16063 mins
W0312 12:22:30.569249 43016 Unigram_Model.cpp:109] Average num of topics assigned per word = 55.2733
W0312 12:22:30.569481 43016 Training_Execution_Strategy.cpp:81] >>>>>>>>>> Log-Likelihood (model, doc, total): -1.40842e+11 , -5.48434e+09 , -1.46326e+11
W0312 12:22:32.338320 43016 Unigram_Model_Trainer.cpp:522] Restarting IO
W0312 12:24:00.634281 43967 Synchronizer.cpp:60] Synch pass 313 done. Took 128.2 seconds
W0312 12:25:53.940979 43967 Synchronizer.cpp:60] Synch pass 314 done. Took 113.306 seconds
W0312 12:27:38.946244 43967 Synchronizer.cpp:60] Synch pass 315 done. Took 105.005 seconds
W0312 12:29:24.713496 43967 Synchronizer.cpp:60] Synch pass 316 done. Took 105.767 seconds
W0312 12:29:39.504596 43016 Training_Execution_Strategy.cpp:76] Iteration 76 done. Took 7.10839 mins
W0312 12:29:41.291529 43016 Unigram_Model_Trainer.cpp:522] Restarting IO
W0312 12:31:35.395383 43967 Synchronizer.cpp:60] Synch pass 317 done. Took 130.682 seconds
W0312 12:33:29.568047 43967 Synchronizer.cpp:60] Synch pass 318 done. Took 114.172 seconds
W0312 12:35:21.100046 43967 Synchronizer.cpp:60] Synch pass 319 done. Took 111.532 seconds
W0312 12:36:48.118921 43016 Training_Execution_Strategy.cpp:76] Iteration 77 done. Took 7.10562 mins
W0312 12:36:50.010859 43016 Unigram_Model_Trainer.cpp:522] Restarting IO
W0312 12:37:20.813549 43967 Synchronizer.cpp:60] Synch pass 320 done. Took 119.713 seconds
W0312 12:39:25.511720 43967 Synchronizer.cpp:60] Synch pass 321 done. Took 124.698 seconds
W0312 12:41:18.599603 43967 Synchronizer.cpp:60] Synch pass 322 done. Took 113.087 seconds
W0312 12:43:09.156754 43967 Synchronizer.cpp:60] Synch pass 323 done. Took 110.557 seconds
W0312 12:43:56.029183 43016 Training_Execution_Strategy.cpp:76] Iteration 78 done. Took 7.08956 mins
W0312 12:43:57.939474 43016 Unigram_Model_Trainer.cpp:522] Restarting IO
W0312 12:45:13.381193 43967 Synchronizer.cpp:60] Synch pass 324 done. Took 124.224 seconds
W0312 12:47:01.731099 43967 Synchronizer.cpp:60] Synch pass 325 done. Took 108.349 seconds
W0312 12:48:44.777086 43967 Synchronizer.cpp:60] Synch pass 326 done. Took 103.046 seconds
W0312 12:50:29.427007 43967 Synchronizer.cpp:60] Synch pass 327 done. Took 104.65 seconds
W0312 12:51:02.676208 43016 Training_Execution_Strategy.cpp:76] Iteration 79 done. Took 7.06931 mins
W0312 12:51:04.592773 43016 Unigram_Model_Trainer.cpp:522] Restarting IO
W0312 12:52:31.263177 43967 Synchronizer.cpp:60] Synch pass 328 done. Took 121.836 seconds
W0312 12:54:19.797643 43967 Synchronizer.cpp:60] Synch pass 329 done. Took 108.534 seconds
W0312 12:56:04.018985 43967 Synchronizer.cpp:60] Synch pass 330 done. Took 104.221 seconds
W0312 12:57:47.484284 43967 Synchronizer.cpp:60] Synch pass 331 done. Took 103.465 seconds
W0312 12:58:08.174312 43016 Training_Execution_Strategy.cpp:76] Iteration 80 done. Took 7.0502 mins
W0312 12:58:10.059758 43016 Unigram_Model_Trainer.cpp:522] Restarting IO
W0312 12:58:10.566238 43016 Training_Execution_Strategy.cpp:92] >>>>>>>>>>> Save model at iteration: 80
W0312 12:58:39.625073 43016 Unigram_Model.cpp:109] Average num of topics assigned per word = 54.5222
W0312 12:59:51.002112 43967 Synchronizer.cpp:60] Synch pass 332 done. Took 123.517 seconds
W0312 13:01:36.417724 43967 Synchronizer.cpp:60] Synch pass 333 done. Took 105.415 seconds
W0312 13:03:21.905243 43967 Synchronizer.cpp:60] Synch pass 334 done. Took 105.487 seconds
W0312 13:05:05.743635 43967 Synchronizer.cpp:60] Synch pass 335 done. Took 103.838 seconds
W0312 13:05:41.546443 43016 Training_Execution_Strategy.cpp:76] Iteration 81 done. Took 7.032 mins
W0312 13:05:43.417712 43016 Unigram_Model_Trainer.cpp:522] Restarting IO
W0312 13:07:11.586336 43967 Synchronizer.cpp:60] Synch pass 336 done. Took 125.842 seconds
W0312 13:09:02.213554 43967 Synchronizer.cpp:60] Synch pass 337 done. Took 110.627 seconds
W0312 13:10:45.925755 43967 Synchronizer.cpp:60] Synch pass 338 done. Took 103.712 seconds
W0312 13:12:34.581985 43967 Synchronizer.cpp:60] Synch pass 339 done. Took 108.656 seconds
W0312 13:12:45.862028 43016 Training_Execution_Strategy.cpp:76] Iteration 82 done. Took 7.03075 mins
W0312 13:12:47.708981 43016 Unigram_Model_Trainer.cpp:522] Restarting IO
W0312 13:14:44.226042 43967 Synchronizer.cpp:60] Synch pass 340 done. Took 129.644 seconds
W0312 13:16:34.280948 43967 Synchronizer.cpp:60] Synch pass 341 done. Took 110.054 seconds
W0312 13:18:21.221844 43967 Synchronizer.cpp:60] Synch pass 342 done. Took 106.941 seconds
W0312 13:19:49.142599 43016 Training_Execution_Strategy.cpp:76] Iteration 83 done. Took 7.01596 mins
W0312 13:19:51.026085 43016 Unigram_Model_Trainer.cpp:522] Restarting IO
W0312 13:20:17.053676 43967 Synchronizer.cpp:60] Synch pass 343 done. Took 115.828 seconds
W0312 13:22:23.743913 43967 Synchronizer.cpp:60] Synch pass 344 done. Took 126.69 seconds
W0312 13:24:17.494746 43967 Synchronizer.cpp:60] Synch pass 345 done. Took 113.75 seconds
W0312 13:26:11.099294 43967 Synchronizer.cpp:60] Synch pass 346 done. Took 113.604 seconds
W0312 13:26:52.613912 43016 Training_Execution_Strategy.cpp:76] Iteration 84 done. Took 7.0175 mins
W0312 13:26:54.315542 43016 Unigram_Model_Trainer.cpp:522] Restarting IO
W0312 13:28:21.356088 43967 Synchronizer.cpp:60] Synch pass 347 done. Took 130.256 seconds
W0312 13:30:20.347715 43967 Synchronizer.cpp:60] Synch pass 348 done. Took 118.991 seconds
W0312 13:32:16.434536 43967 Synchronizer.cpp:60] Synch pass 349 done. Took 116.086 seconds
W0312 13:33:54.659915 43016 Training_Execution_Strategy.cpp:76] Iteration 85 done. Took 6.9978 mins
W0312 13:33:56.530295 43016 Unigram_Model_Trainer.cpp:522] Restarting IO
W0312 13:34:19.109745 43967 Synchronizer.cpp:60] Synch pass 350 done. Took 122.674 seconds
W0312 13:36:24.434732 43967 Synchronizer.cpp:60] Synch pass 351 done. Took 125.325 seconds
W0312 13:38:11.770354 43967 Synchronizer.cpp:60] Synch pass 352 done. Took 107.335 seconds
W0312 13:39:59.636054 43967 Synchronizer.cpp:60] Synch pass 353 done. Took 107.865 seconds
W0312 13:40:56.589146 43016 Training_Execution_Strategy.cpp:76] Iteration 86 done. Took 6.9905 mins
W0312 13:40:58.481040 43016 Unigram_Model_Trainer.cpp:522] Restarting IO
W0312 13:42:04.130710 43967 Synchronizer.cpp:60] Synch pass 354 done. Took 124.494 seconds
W0312 13:43:59.443718 43967 Synchronizer.cpp:60] Synch pass 355 done. Took 115.312 seconds
W0312 13:45:46.076803 43967 Synchronizer.cpp:60] Synch pass 356 done. Took 106.633 seconds
W0312 13:47:35.673224 43967 Synchronizer.cpp:60] Synch pass 357 done. Took 109.596 seconds
W0312 13:47:57.851660 43016 Training_Execution_Strategy.cpp:76] Iteration 87 done. Took 6.98159 mins
W0312 13:47:59.713382 43016 Unigram_Model_Trainer.cpp:522] Restarting IO
W0312 13:49:44.734051 43967 Synchronizer.cpp:60] Synch pass 358 done. Took 129.06 seconds
W0312 13:51:35.101609 43967 Synchronizer.cpp:60] Synch pass 359 done. Took 110.367 seconds
W0312 13:53:23.358860 43967 Synchronizer.cpp:60] Synch pass 360 done. Took 108.257 seconds
W0312 13:54:58.634711 43016 Training_Execution_Strategy.cpp:76] Iteration 88 done. Took 6.97159 mins
W0312 13:55:00.465623 43016 Unigram_Model_Trainer.cpp:522] Restarting IO
W0312 13:55:17.936790 43967 Synchronizer.cpp:60] Synch pass 361 done. Took 114.578 seconds
W0312 13:57:18.467430 43967 Synchronizer.cpp:60] Synch pass 362 done. Took 120.53 seconds
W0312 13:59:06.431283 43967 Synchronizer.cpp:60] Synch pass 363 done. Took 107.964 seconds
W0312 14:00:52.715608 43967 Synchronizer.cpp:60] Synch pass 364 done. Took 106.284 seconds
W0312 14:01:58.617877 43016 Training_Execution_Strategy.cpp:76] Iteration 89 done. Took 6.95992 mins
W0312 14:02:00.292587 43016 Unigram_Model_Trainer.cpp:522] Restarting IO
W0312 14:02:53.882125 43967 Synchronizer.cpp:60] Synch pass 365 done. Took 121.166 seconds
W0312 14:04:54.021317 43967 Synchronizer.cpp:60] Synch pass 366 done. Took 120.139 seconds
W0312 14:06:41.774430 43967 Synchronizer.cpp:60] Synch pass 367 done. Took 107.753 seconds
W0312 14:08:28.760124 43967 Synchronizer.cpp:60] Synch pass 368 done. Took 106.985 seconds
W0312 14:08:57.797935 43016 Training_Execution_Strategy.cpp:76] Iteration 90 done. Took 6.9491 mins
W0312 14:08:59.614147 43016 Unigram_Model_Trainer.cpp:522] Restarting IO
W0312 14:09:00.165642 43016 Training_Execution_Strategy.cpp:92] >>>>>>>>>>> Save model at iteration: 90
W0312 14:09:27.650954 43016 Unigram_Model.cpp:109] Average num of topics assigned per word = 53.3159
W0312 14:10:34.720877 43967 Synchronizer.cpp:60] Synch pass 369 done. Took 125.958 seconds
W0312 14:12:23.438045 43967 Synchronizer.cpp:60] Synch pass 370 done. Took 108.716 seconds
W0312 14:14:10.184116 43967 Synchronizer.cpp:60] Synch pass 371 done. Took 106.746 seconds
W0312 14:15:58.909592 43967 Synchronizer.cpp:60] Synch pass 372 done. Took 108.725 seconds
W0312 14:16:23.583461 43016 Training_Execution_Strategy.cpp:76] Iteration 91 done. Took 6.93218 mins
W0312 14:16:25.480732 43016 Unigram_Model_Trainer.cpp:522] Restarting IO
W0312 14:18:07.832619 43967 Synchronizer.cpp:60] Synch pass 373 done. Took 128.922 seconds
W0312 14:19:55.361363 43967 Synchronizer.cpp:60] Synch pass 374 done. Took 107.528 seconds
W0312 14:21:40.200211 43967 Synchronizer.cpp:60] Synch pass 375 done. Took 104.838 seconds
W0312 14:23:22.505535 43016 Training_Execution_Strategy.cpp:76] Iteration 92 done. Took 6.94056 mins
W0312 14:23:24.185582 43016 Unigram_Model_Trainer.cpp:522] Restarting IO
W0312 14:23:28.421105 43967 Synchronizer.cpp:60] Synch pass 376 done. Took 108.221 seconds
W0312 14:25:35.573400 43967 Synchronizer.cpp:60] Synch pass 377 done. Took 127.152 seconds
W0312 14:27:22.814811 43967 Synchronizer.cpp:60] Synch pass 378 done. Took 107.241 seconds
W0312 14:29:10.821925 43967 Synchronizer.cpp:60] Synch pass 379 done. Took 108.007 seconds
W0312 14:30:20.568275 43016 Training_Execution_Strategy.cpp:76] Iteration 93 done. Took 6.93173 mins
W0312 14:30:22.469307 43016 Unigram_Model_Trainer.cpp:522] Restarting IO
W0312 14:31:12.223078 43967 Synchronizer.cpp:60] Synch pass 380 done. Took 121.401 seconds
W0312 14:33:09.564811 43967 Synchronizer.cpp:60] Synch pass 381 done. Took 117.341 seconds
W0312 14:34:57.740550 43967 Synchronizer.cpp:60] Synch pass 382 done. Took 108.175 seconds
W0312 14:36:44.516099 43967 Synchronizer.cpp:60] Synch pass 383 done. Took 106.775 seconds
W0312 14:37:18.186682 43016 Training_Execution_Strategy.cpp:76] Iteration 94 done. Took 6.91897 mins
W0312 14:37:20.101040 43016 Unigram_Model_Trainer.cpp:522] Restarting IO
W0312 14:38:52.680544 43967 Synchronizer.cpp:60] Synch pass 384 done. Took 128.164 seconds
W0312 14:40:42.827643 43967 Synchronizer.cpp:60] Synch pass 385 done. Took 110.147 seconds
W0312 14:42:30.378999 43967 Synchronizer.cpp:60] Synch pass 386 done. Took 107.551 seconds
W0312 14:44:15.483049 43016 Training_Execution_Strategy.cpp:76] Iteration 95 done. Took 6.91411 mins
W0312 14:44:17.385903 43016 Unigram_Model_Trainer.cpp:522] Restarting IO
W0312 14:44:20.926786 43967 Synchronizer.cpp:60] Synch pass 387 done. Took 110.547 seconds
W0312 14:46:28.569262 43967 Synchronizer.cpp:60] Synch pass 388 done. Took 127.642 seconds
W0312 14:48:16.158005 43967 Synchronizer.cpp:60] Synch pass 389 done. Took 107.588 seconds
W0312 14:50:04.133044 43967 Synchronizer.cpp:60] Synch pass 390 done. Took 107.975 seconds
W0312 14:51:12.333187 43016 Training_Execution_Strategy.cpp:76] Iteration 96 done. Took 6.90631 mins
W0312 14:51:14.257053 43016 Unigram_Model_Trainer.cpp:522] Restarting IO
W0312 14:52:06.982638 43967 Synchronizer.cpp:60] Synch pass 391 done. Took 122.849 seconds
W0312 14:54:10.990931 43967 Synchronizer.cpp:60] Synch pass 392 done. Took 124.008 seconds
W0312 14:55:58.765664 43967 Synchronizer.cpp:60] Synch pass 393 done. Took 107.774 seconds
W0312 14:57:47.531775 43967 Synchronizer.cpp:60] Synch pass 394 done. Took 108.764 seconds
W0312 14:58:08.253342 43016 Training_Execution_Strategy.cpp:76] Iteration 97 done. Took 6.89108 mins
W0312 14:58:10.151286 43016 Unigram_Model_Trainer.cpp:522] Restarting IO
W0312 14:59:59.276144 43967 Synchronizer.cpp:60] Synch pass 395 done. Took 131.744 seconds
W0312 15:01:54.329705 43967 Synchronizer.cpp:60] Synch pass 396 done. Took 115.053 seconds
W0312 15:03:46.401458 43967 Synchronizer.cpp:60] Synch pass 397 done. Took 112.071 seconds
W0312 15:05:03.585091 43016 Training_Execution_Strategy.cpp:76] Iteration 98 done. Took 6.88109 mins
W0312 15:05:05.272128 43016 Unigram_Model_Trainer.cpp:522] Restarting IO
W0312 15:05:48.680912 43967 Synchronizer.cpp:60] Synch pass 398 done. Took 122.279 seconds
W0312 15:07:50.702733 43967 Synchronizer.cpp:60] Synch pass 399 done. Took 122.021 seconds
W0312 15:09:38.738248 43967 Synchronizer.cpp:60] Synch pass 400 done. Took 108.035 seconds
W0312 15:11:21.248895 43967 Synchronizer.cpp:60] Synch pass 401 done. Took 102.51 seconds
W0312 15:11:57.933996 43016 Training_Execution_Strategy.cpp:76] Iteration 99 done. Took 6.8687 mins
W0312 15:11:59.651847 43016 Unigram_Model_Trainer.cpp:522] Restarting IO
W0312 15:13:23.773196 43967 Synchronizer.cpp:60] Synch pass 402 done. Took 122.524 seconds
W0312 15:15:09.348297 43967 Synchronizer.cpp:60] Synch pass 403 done. Took 105.575 seconds
W0312 15:16:51.942860 43967 Synchronizer.cpp:60] Synch pass 404 done. Took 102.594 seconds
W0312 15:18:35.145855 43967 Synchronizer.cpp:60] Synch pass 405 done. Took 103.203 seconds
W0312 15:18:53.444270 43016 Training_Execution_Strategy.cpp:76] Iteration 100 done. Took 6.88709 mins
W0312 15:19:14.572505 43016 Unigram_Model.cpp:109] Average num of topics assigned per word = 51.5429
W0312 15:19:14.572657 43016 Training_Execution_Strategy.cpp:81] >>>>>>>>>> Log-Likelihood (model, doc, total): -1.38226e+11 , -5.49028e+09 , -1.43716e+11
W0312 15:19:16.351653 43016 Unigram_Model_Trainer.cpp:522] Restarting IO
W0312 15:19:16.892841 43016 Training_Execution_Strategy.cpp:92] >>>>>>>>>>> Save model at iteration: 100
W0312 15:19:44.583732 43016 Unigram_Model.cpp:109] Average num of topics assigned per word = 51.5298
W0312 15:19:44.584440 43016 Training_Execution_Strategy.cpp:104] Parallel training Pipeline done
W0312 15:19:44.584496 43016 Synchronized_Training_Execution_Strategy.cpp:54] All Iters Done
W0312 15:20:30.170361 43967 Synchronizer.cpp:60] Synch pass 406 done. Took 115.024 seconds
W0312 15:20:30.170680 43967 Synchronizer.cpp:65] Stopping synchronization since all iterations are done
W0312 15:20:30.170792 43016 Synchronized_Training_Execution_Strategy.cpp:58] All threads joined
W0312 15:20:30.190038 43016 Controller.cpp:146] Model has been learnt
W0312 15:20:32.084758 43016 Unigram_Model.cpp:129] Saving model for test pipeline in lda.ttc.dump and lda.par.dump
W0312 15:20:34.282330 43016 Unigram_Model.cpp:133] Model saved
W0312 15:20:34.282444 43016 Unigram_Model.cpp:155] Writing top words identified per topic into lda.topToWor.txt
W0312 15:20:34.442836 43016 Unigram_Model.cpp:178] Word statistics per topic written
W0312 15:20:34.443120 43016 Unigram_Model_Training_Builder.cpp:160] Saving document to topic-proportions in lda.docToTop.txt
W0312 15:20:34.443183 43016 Unigram_Model_Training_Builder.cpp:161] Saving word to topic assignment in lda.worToTop.txt
W0312 15:27:03.669822 43016 Unigram_Model_Training_Builder.cpp:227] Document to topic-proportions saved in lda.docToTop.txt
W0312 15:27:03.669939 43016 Unigram_Model_Training_Builder.cpp:228] Word to topic assignment saved in lda.worToTop.txt
init TBB pipeline with num_threads = 30--------- j-099---------
run learntopics on j-099
W0311 14:07:22.570555 43858 Controller.cpp:96] ----------------------------------------------------------------------
W0311 14:07:22.570941 43858 Controller.cpp:98] Log files are being stored at /tmp/hpda/pengb/hpda/test/bingjing/ylda/run/work/learnTopics.*
W0311 14:07:22.570958 43858 Controller.cpp:100] ----------------------------------------------------------------------
W0311 14:07:22.571107 43858 Controller.cpp:115] You have chosen multi machine training mode
W0311 14:07:22.586294 43858 Unigram_Model_Training_Builder.cpp:60] Initializing Dictionary from lda.dict.dump
W0311 14:07:25.249763 43858 Unigram_Model_Training_Builder.cpp:62] Dictionary Initialized
W0311 14:08:03.694653 43858 Unigram_Model_Trainer.cpp:49] Initializing Word-Topic counts table from docs lda.wor, lda.top using 998255 words & 10000 topics.
W0311 15:18:58.393007 43858 Unigram_Model_Trainer.cpp:53] Initialized Word-Topic counts table
W0311 15:18:58.393097 43858 Unigram_Model_Trainer.cpp:57] Initializing Alpha vector from Alpha_bar = 100
W0311 15:18:58.393218 43858 Unigram_Model_Trainer.cpp:60] Alpha vector initialized
W0311 15:18:58.393234 43858 Unigram_Model_Trainer.cpp:63] Initializing Beta Parameter from specified Beta = 0.01
W0311 15:18:58.393249 43858 Unigram_Model_Trainer.cpp:67] Beta param initialized
W0311 15:19:08.179657 43858 Unigram_Model_Synchronizer_Helper.cpp:57] Counts of 1 words have been transferred to DM_Server.
W0311 15:19:59.004904 43858 Unigram_Model_Synchronizer_Helper.cpp:57] Counts of 10001 words have been transferred to DM_Server.
W0311 15:20:36.797765 43858 Unigram_Model_Synchronizer_Helper.cpp:57] Counts of 20001 words have been transferred to DM_Server.
W0311 15:21:07.861855 43858 Unigram_Model_Synchronizer_Helper.cpp:57] Counts of 30001 words have been transferred to DM_Server.
W0311 15:21:33.903966 43858 Unigram_Model_Synchronizer_Helper.cpp:57] Counts of 40001 words have been transferred to DM_Server.
W0311 15:21:56.255553 43858 Unigram_Model_Synchronizer_Helper.cpp:57] Counts of 50001 words have been transferred to DM_Server.
W0311 15:22:14.959341 43858 Unigram_Model_Synchronizer_Helper.cpp:57] Counts of 60001 words have been transferred to DM_Server.
W0311 15:22:31.370865 43858 Unigram_Model_Synchronizer_Helper.cpp:57] Counts of 70001 words have been transferred to DM_Server.
W0311 15:22:46.694133 43858 Unigram_Model_Synchronizer_Helper.cpp:57] Counts of 80001 words have been transferred to DM_Server.
W0311 15:23:01.533766 43858 Unigram_Model_Synchronizer_Helper.cpp:57] Counts of 90001 words have been transferred to DM_Server.
W0311 15:23:15.619287 43858 Unigram_Model_Synchronizer_Helper.cpp:57] Counts of 100001 words have been transferred to DM_Server.
W0311 15:23:28.420012 43858 Unigram_Model_Synchronizer_Helper.cpp:57] Counts of 110001 words have been transferred to DM_Server.
W0311 15:23:40.732611 43858 Unigram_Model_Synchronizer_Helper.cpp:57] Counts of 120001 words have been transferred to DM_Server.
W0311 15:23:52.614145 43858 Unigram_Model_Synchronizer_Helper.cpp:57] Counts of 130001 words have been transferred to DM_Server.
W0311 15:24:03.494525 43858 Unigram_Model_Synchronizer_Helper.cpp:57] Counts of 140001 words have been transferred to DM_Server.
W0311 15:24:14.226910 43858 Unigram_Model_Synchronizer_Helper.cpp:57] Counts of 150001 words have been transferred to DM_Server.
W0311 15:24:24.414604 43858 Unigram_Model_Synchronizer_Helper.cpp:57] Counts of 160001 words have been transferred to DM_Server.
W0311 15:24:34.656862 43858 Unigram_Model_Synchronizer_Helper.cpp:57] Counts of 170001 words have been transferred to DM_Server.
W0311 15:24:42.417908 43858 Unigram_Model_Synchronizer_Helper.cpp:57] Counts of 180001 words have been transferred to DM_Server.
W0311 15:24:51.624861 43858 Unigram_Model_Synchronizer_Helper.cpp:57] Counts of 190001 words have been transferred to DM_Server.
W0311 15:25:00.495692 43858 Unigram_Model_Synchronizer_Helper.cpp:57] Counts of 200001 words have been transferred to DM_Server.
W0311 15:25:09.076335 43858 Unigram_Model_Synchronizer_Helper.cpp:57] Counts of 210001 words have been transferred to DM_Server.
W0311 15:25:16.426631 43858 Unigram_Model_Synchronizer_Helper.cpp:57] Counts of 220001 words have been transferred to DM_Server.
W0311 15:25:24.169512 43858 Unigram_Model_Synchronizer_Helper.cpp:57] Counts of 230001 words have been transferred to DM_Server.
W0311 15:25:31.979419 43858 Unigram_Model_Synchronizer_Helper.cpp:57] Counts of 240001 words have been transferred to DM_Server.
W0311 15:25:39.498167 43858 Unigram_Model_Synchronizer_Helper.cpp:57] Counts of 250001 words have been transferred to DM_Server.
W0311 15:25:46.792927 43858 Unigram_Model_Synchronizer_Helper.cpp:57] Counts of 260001 words have been transferred to DM_Server.
W0311 15:25:54.055793 43858 Unigram_Model_Synchronizer_Helper.cpp:57] Counts of 270001 words have been transferred to DM_Server.
W0311 15:26:01.022999 43858 Unigram_Model_Synchronizer_Helper.cpp:57] Counts of 280001 words have been transferred to DM_Server.
W0311 15:26:07.700153 43858 Unigram_Model_Synchronizer_Helper.cpp:57] Counts of 290001 words have been transferred to DM_Server.
W0311 15:26:14.326767 43858 Unigram_Model_Synchronizer_Helper.cpp:57] Counts of 300001 words have been transferred to DM_Server.
W0311 15:26:20.664427 43858 Unigram_Model_Synchronizer_Helper.cpp:57] Counts of 310001 words have been transferred to DM_Server.
W0311 15:26:26.954819 43858 Unigram_Model_Synchronizer_Helper.cpp:57] Counts of 320001 words have been transferred to DM_Server.
W0311 15:26:32.951458 43858 Unigram_Model_Synchronizer_Helper.cpp:57] Counts of 330001 words have been transferred to DM_Server.
W0311 15:26:38.723703 43858 Unigram_Model_Synchronizer_Helper.cpp:57] Counts of 340001 words have been transferred to DM_Server.
W0311 15:26:44.289888 43858 Unigram_Model_Synchronizer_Helper.cpp:57] Counts of 350001 words have been transferred to DM_Server.
W0311 15:26:51.062777 43858 Unigram_Model_Synchronizer_Helper.cpp:57] Counts of 360001 words have been transferred to DM_Server.
W0311 15:26:56.628247 43858 Unigram_Model_Synchronizer_Helper.cpp:57] Counts of 370001 words have been transferred to DM_Server.
W0311 15:27:02.325004 43858 Unigram_Model_Synchronizer_Helper.cpp:57] Counts of 380001 words have been transferred to DM_Server.
W0311 15:27:08.364195 43858 Unigram_Model_Synchronizer_Helper.cpp:57] Counts of 390001 words have been transferred to DM_Server.
W0311 15:27:13.776165 43858 Unigram_Model_Synchronizer_Helper.cpp:57] Counts of 400001 words have been transferred to DM_Server.
W0311 15:27:18.924504 43858 Unigram_Model_Synchronizer_Helper.cpp:57] Counts of 410001 words have been transferred to DM_Server.
W0311 15:27:24.332000 43858 Unigram_Model_Synchronizer_Helper.cpp:57] Counts of 420001 words have been transferred to DM_Server.
W0311 15:27:29.441313 43858 Unigram_Model_Synchronizer_Helper.cpp:57] Counts of 430001 words have been transferred to DM_Server.
W0311 15:27:34.598240 43858 Unigram_Model_Synchronizer_Helper.cpp:57] Counts of 440001 words have been transferred to DM_Server.
W0311 15:27:39.908609 43858 Unigram_Model_Synchronizer_Helper.cpp:57] Counts of 450001 words have been transferred to DM_Server.
W0311 15:27:44.920094 43858 Unigram_Model_Synchronizer_Helper.cpp:57] Counts of 460001 words have been transferred to DM_Server.
W0311 15:27:50.159216 43858 Unigram_Model_Synchronizer_Helper.cpp:57] Counts of 470001 words have been transferred to DM_Server.
W0311 15:27:55.038030 43858 Unigram_Model_Synchronizer_Helper.cpp:57] Counts of 480001 words have been transferred to DM_Server.
W0311 15:27:59.796932 43858 Unigram_Model_Synchronizer_Helper.cpp:57] Counts of 490001 words have been transferred to DM_Server.
W0311 15:28:04.437029 43858 Unigram_Model_Synchronizer_Helper.cpp:57] Counts of 500001 words have been transferred to DM_Server.
W0311 15:28:08.957546 43858 Unigram_Model_Synchronizer_Helper.cpp:57] Counts of 510001 words have been transferred to DM_Server.
W0311 15:28:13.780289 43858 Unigram_Model_Synchronizer_Helper.cpp:57] Counts of 520001 words have been transferred to DM_Server.
W0311 15:28:21.030230 43858 Unigram_Model_Synchronizer_Helper.cpp:57] Counts of 530001 words have been transferred to DM_Server.
W0311 15:28:25.995836 43858 Unigram_Model_Synchronizer_Helper.cpp:57] Counts of 540001 words have been transferred to DM_Server.
W0311 15:28:31.266504 43858 Unigram_Model_Synchronizer_Helper.cpp:57] Counts of 550001 words have been transferred to DM_Server.
W0311 15:28:36.031780 43858 Unigram_Model_Synchronizer_Helper.cpp:57] Counts of 560001 words have been transferred to DM_Server.
W0311 15:28:40.882688 43858 Unigram_Model_Synchronizer_Helper.cpp:57] Counts of 570001 words have been transferred to DM_Server.
W0311 15:28:45.770431 43858 Unigram_Model_Synchronizer_Helper.cpp:57] Counts of 580001 words have been transferred to DM_Server.
W0311 15:28:50.331782 43858 Unigram_Model_Synchronizer_Helper.cpp:57] Counts of 590001 words have been transferred to DM_Server.
W0311 15:28:54.991639 43858 Unigram_Model_Synchronizer_Helper.cpp:57] Counts of 600001 words have been transferred to DM_Server.
W0311 15:28:59.342844 43858 Unigram_Model_Synchronizer_Helper.cpp:57] Counts of 610001 words have been transferred to DM_Server.
W0311 15:29:03.556766 43858 Unigram_Model_Synchronizer_Helper.cpp:57] Counts of 620001 words have been transferred to DM_Server.
W0311 15:29:08.139111 43858 Unigram_Model_Synchronizer_Helper.cpp:57] Counts of 630001 words have been transferred to DM_Server.
W0311 15:29:12.195422 43858 Unigram_Model_Synchronizer_Helper.cpp:57] Counts of 640001 words have been transferred to DM_Server.
W0311 15:29:16.487174 43858 Unigram_Model_Synchronizer_Helper.cpp:57] Counts of 650001 words have been transferred to DM_Server.
W0311 15:29:20.409829 43858 Unigram_Model_Synchronizer_Helper.cpp:57] Counts of 660001 words have been transferred to DM_Server.
W0311 15:29:24.513304 43858 Unigram_Model_Synchronizer_Helper.cpp:57] Counts of 670001 words have been transferred to DM_Server.
W0311 15:29:28.598920 43858 Unigram_Model_Synchronizer_Helper.cpp:57] Counts of 680001 words have been transferred to DM_Server.
W0311 15:29:32.636945 43858 Unigram_Model_Synchronizer_Helper.cpp:57] Counts of 690001 words have been transferred to DM_Server.
W0311 15:29:37.133333 43858 Unigram_Model_Synchronizer_Helper.cpp:57] Counts of 700001 words have been transferred to DM_Server.
W0311 15:29:41.187583 43858 Unigram_Model_Synchronizer_Helper.cpp:57] Counts of 710001 words have been transferred to DM_Server.
W0311 15:29:45.098417 43858 Unigram_Model_Synchronizer_Helper.cpp:57] Counts of 720001 words have been transferred to DM_Server.
W0311 15:29:48.980634 43858 Unigram_Model_Synchronizer_Helper.cpp:57] Counts of 730001 words have been transferred to DM_Server.
W0311 15:29:52.868659 43858 Unigram_Model_Synchronizer_Helper.cpp:57] Counts of 740001 words have been transferred to DM_Server.
W0311 15:29:56.637228 43858 Unigram_Model_Synchronizer_Helper.cpp:57] Counts of 750001 words have been transferred to DM_Server.
W0311 15:30:00.565929 43858 Unigram_Model_Synchronizer_Helper.cpp:57] Counts of 760001 words have been transferred to DM_Server.
W0311 15:30:04.552584 43858 Unigram_Model_Synchronizer_Helper.cpp:57] Counts of 770001 words have been transferred to DM_Server.
W0311 15:30:08.730043 43858 Unigram_Model_Synchronizer_Helper.cpp:57] Counts of 780001 words have been transferred to DM_Server.
W0311 15:30:12.864480 43858 Unigram_Model_Synchronizer_Helper.cpp:57] Counts of 790001 words have been transferred to DM_Server.
W0311 15:30:16.903403 43858 Unigram_Model_Synchronizer_Helper.cpp:57] Counts of 800001 words have been transferred to DM_Server.
W0311 15:30:20.746281 43858 Unigram_Model_Synchronizer_Helper.cpp:57] Counts of 810001 words have been transferred to DM_Server.
W0311 15:30:24.819293 43858 Unigram_Model_Synchronizer_Helper.cpp:57] Counts of 820001 words have been transferred to DM_Server.
W0311 15:30:28.907750 43858 Unigram_Model_Synchronizer_Helper.cpp:57] Counts of 830001 words have been transferred to DM_Server.
W0311 15:30:33.064882 43858 Unigram_Model_Synchronizer_Helper.cpp:57] Counts of 840001 words have been transferred to DM_Server.
W0311 15:30:37.038790 43858 Unigram_Model_Synchronizer_Helper.cpp:57] Counts of 850001 words have been transferred to DM_Server.
W0311 15:30:40.957839 43858 Unigram_Model_Synchronizer_Helper.cpp:57] Counts of 860001 words have been transferred to DM_Server.
W0311 15:30:44.965453 43858 Unigram_Model_Synchronizer_Helper.cpp:57] Counts of 870001 words have been transferred to DM_Server.
W0311 15:30:48.952975 43858 Unigram_Model_Synchronizer_Helper.cpp:57] Counts of 880001 words have been transferred to DM_Server.
W0311 15:30:53.009331 43858 Unigram_Model_Synchronizer_Helper.cpp:57] Counts of 890001 words have been transferred to DM_Server.
W0311 15:30:57.120379 43858 Unigram_Model_Synchronizer_Helper.cpp:57] Counts of 900001 words have been transferred to DM_Server.
W0311 15:31:01.089161 43858 Unigram_Model_Synchronizer_Helper.cpp:57] Counts of 910001 words have been transferred to DM_Server.
W0311 15:31:05.148624 43858 Unigram_Model_Synchronizer_Helper.cpp:57] Counts of 920001 words have been transferred to DM_Server.
W0311 15:31:09.184873 43858 Unigram_Model_Synchronizer_Helper.cpp:57] Counts of 930001 words have been transferred to DM_Server.
W0311 15:31:13.071316 43858 Unigram_Model_Synchronizer_Helper.cpp:57] Counts of 940001 words have been transferred to DM_Server.
W0311 15:31:17.097578 43858 Unigram_Model_Synchronizer_Helper.cpp:57] Counts of 950001 words have been transferred to DM_Server.
W0311 15:31:21.126835 43858 Unigram_Model_Synchronizer_Helper.cpp:57] Counts of 960001 words have been transferred to DM_Server.
W0311 15:31:25.248088 43858 Unigram_Model_Synchronizer_Helper.cpp:57] Counts of 970001 words have been transferred to DM_Server.
W0311 15:31:29.118541 43858 Unigram_Model_Synchronizer_Helper.cpp:57] Counts of 980001 words have been transferred to DM_Server.
W0311 15:31:32.695994 43858 Unigram_Model_Synchronizer_Helper.cpp:57] Counts of 990001 words have been transferred to DM_Server.
W0311 15:31:35.907207 43858 Unigram_Model_Synchronizer_Helper.cpp:62] Local counts written to DM_Server. Phase1 for client complete
W0311 15:31:35.908011 43858 Unigram_Model_Synchronizer_Helper.cpp:65] All clients have transferred their counts successfully. Global initial counts ready
W0311 15:31:35.939947 43858 Unigram_Model_Synchronizer_Helper.cpp:80] Global counts of 1 words have been retrieved from DM_Server.
W0311 15:34:48.904121 43858 Unigram_Model_Synchronizer_Helper.cpp:80] Global counts of 10001 words have been retrieved from DM_Server.
W0311 15:39:46.146407 43858 Unigram_Model_Synchronizer_Helper.cpp:80] Global counts of 20001 words have been retrieved from DM_Server.
W0311 15:43:25.896667 43858 Unigram_Model_Synchronizer_Helper.cpp:80] Global counts of 30001 words have been retrieved from DM_Server.
