W0312 12:52:59.209107 45342 Synchronizer.cpp:60] Synch pass 347 done. Took 101.379 seconds
W0312 12:53:46.175413 44419 Training_Execution_Strategy.cpp:76] Iteration 82 done. Took 6.78571 mins
W0312 12:53:47.344050 44419 Unigram_Model_Trainer.cpp:522] Restarting IO
W0312 12:55:00.242178 45342 Synchronizer.cpp:60] Synch pass 348 done. Took 121.033 seconds
W0312 12:56:49.577302 45342 Synchronizer.cpp:60] Synch pass 349 done. Took 109.335 seconds
W0312 12:58:32.310235 45342 Synchronizer.cpp:60] Synch pass 350 done. Took 102.733 seconds
W0312 13:00:15.649006 45342 Synchronizer.cpp:60] Synch pass 351 done. Took 103.338 seconds
W0312 13:00:33.838953 44419 Training_Execution_Strategy.cpp:76] Iteration 83 done. Took 6.76754 mins
W0312 13:00:34.957002 44419 Unigram_Model_Trainer.cpp:522] Restarting IO
W0312 13:02:19.684985 45342 Synchronizer.cpp:60] Synch pass 352 done. Took 124.035 seconds
W0312 13:04:03.019184 45342 Synchronizer.cpp:60] Synch pass 353 done. Took 103.334 seconds
W0312 13:05:45.635498 45342 Synchronizer.cpp:60] Synch pass 354 done. Took 102.616 seconds
W0312 13:07:21.129670 44419 Training_Execution_Strategy.cpp:76] Iteration 84 done. Took 6.76158 mins
W0312 13:07:22.285784 44419 Unigram_Model_Trainer.cpp:522] Restarting IO
W0312 13:07:32.370151 45342 Synchronizer.cpp:60] Synch pass 355 done. Took 106.734 seconds
W0312 13:09:28.969285 45342 Synchronizer.cpp:60] Synch pass 356 done. Took 116.599 seconds
W0312 13:11:11.057399 45342 Synchronizer.cpp:60] Synch pass 357 done. Took 102.088 seconds
W0312 13:12:51.141007 45342 Synchronizer.cpp:60] Synch pass 358 done. Took 100.083 seconds
W0312 13:14:08.156432 44419 Training_Execution_Strategy.cpp:76] Iteration 85 done. Took 6.7574 mins
W0312 13:14:09.307858 44419 Unigram_Model_Trainer.cpp:522] Restarting IO
W0312 13:14:40.939796 45342 Synchronizer.cpp:60] Synch pass 359 done. Took 109.798 seconds
W0312 13:16:33.492807 45342 Synchronizer.cpp:60] Synch pass 360 done. Took 112.553 seconds
W0312 13:18:15.071885 45342 Synchronizer.cpp:60] Synch pass 361 done. Took 101.579 seconds
W0312 13:19:58.375985 45342 Synchronizer.cpp:60] Synch pass 362 done. Took 103.304 seconds
W0312 13:20:54.657498 44419 Training_Execution_Strategy.cpp:76] Iteration 86 done. Took 6.74702 mins
W0312 13:20:55.774417 44419 Unigram_Model_Trainer.cpp:522] Restarting IO
W0312 13:21:55.821642 45342 Synchronizer.cpp:60] Synch pass 363 done. Took 117.445 seconds
W0312 13:23:41.172181 45342 Synchronizer.cpp:60] Synch pass 364 done. Took 105.35 seconds
W0312 13:25:23.292752 45342 Synchronizer.cpp:60] Synch pass 365 done. Took 102.12 seconds
W0312 13:27:04.240188 45342 Synchronizer.cpp:60] Synch pass 366 done. Took 100.947 seconds
W0312 13:27:40.590492 44419 Training_Execution_Strategy.cpp:76] Iteration 87 done. Took 6.73945 mins
W0312 13:27:41.663877 44419 Unigram_Model_Trainer.cpp:522] Restarting IO
W0312 13:29:05.915406 45342 Synchronizer.cpp:60] Synch pass 367 done. Took 121.675 seconds
W0312 13:30:52.816499 45342 Synchronizer.cpp:60] Synch pass 368 done. Took 106.901 seconds
W0312 13:32:34.449381 45342 Synchronizer.cpp:60] Synch pass 369 done. Took 101.633 seconds
W0312 13:34:18.961817 45342 Synchronizer.cpp:60] Synch pass 370 done. Took 104.512 seconds
W0312 13:34:26.047463 44419 Training_Execution_Strategy.cpp:76] Iteration 88 done. Took 6.73131 mins
W0312 13:34:27.028022 44419 Unigram_Model_Trainer.cpp:522] Restarting IO
W0312 13:36:18.246753 45342 Synchronizer.cpp:60] Synch pass 371 done. Took 119.285 seconds
W0312 13:38:00.468660 45342 Synchronizer.cpp:60] Synch pass 372 done. Took 102.222 seconds
W0312 13:39:39.458809 45342 Synchronizer.cpp:60] Synch pass 373 done. Took 98.9899 seconds
W0312 13:41:10.234961 44419 Training_Execution_Strategy.cpp:76] Iteration 89 done. Took 6.71356 mins
W0312 13:41:11.281452 44419 Unigram_Model_Trainer.cpp:522] Restarting IO
W0312 13:41:24.577237 45342 Synchronizer.cpp:60] Synch pass 374 done. Took 105.118 seconds
W0312 13:43:22.317706 45342 Synchronizer.cpp:60] Synch pass 375 done. Took 117.74 seconds
W0312 13:45:05.418295 45342 Synchronizer.cpp:60] Synch pass 376 done. Took 103.1 seconds
W0312 13:46:49.016770 45342 Synchronizer.cpp:60] Synch pass 377 done. Took 103.598 seconds
W0312 13:47:53.877588 44419 Training_Execution_Strategy.cpp:76] Iteration 90 done. Took 6.70113 mins
W0312 13:47:55.040304 44419 Unigram_Model_Trainer.cpp:522] Restarting IO
W0312 13:47:55.510421 44419 Training_Execution_Strategy.cpp:92] >>>>>>>>>>> Save model at iteration: 90
W0312 13:48:23.620446 44419 Unigram_Model.cpp:109] Average num of topics assigned per word = 53.6683
W0312 13:48:41.221168 45342 Synchronizer.cpp:60] Synch pass 378 done. Took 112.204 seconds
W0312 13:50:38.078011 45342 Synchronizer.cpp:60] Synch pass 379 done. Took 116.856 seconds
W0312 13:52:30.155189 45342 Synchronizer.cpp:60] Synch pass 380 done. Took 112.077 seconds
W0312 13:54:21.106595 45342 Synchronizer.cpp:60] Synch pass 381 done. Took 110.951 seconds
W0312 13:55:04.564869 44419 Training_Execution_Strategy.cpp:76] Iteration 91 done. Took 6.68239 mins
W0312 13:55:05.688416 44419 Unigram_Model_Trainer.cpp:522] Restarting IO
W0312 13:56:28.137681 45342 Synchronizer.cpp:60] Synch pass 382 done. Took 127.031 seconds
W0312 13:58:21.397572 45342 Synchronizer.cpp:60] Synch pass 383 done. Took 113.259 seconds
W0312 14:00:12.843086 45342 Synchronizer.cpp:60] Synch pass 384 done. Took 111.445 seconds
W0312 14:01:48.113308 44419 Training_Execution_Strategy.cpp:76] Iteration 92 done. Took 6.69847 mins
W0312 14:01:49.418190 44419 Unigram_Model_Trainer.cpp:522] Restarting IO
W0312 14:02:05.913827 45342 Synchronizer.cpp:60] Synch pass 385 done. Took 113.07 seconds
W0312 14:04:04.765486 45342 Synchronizer.cpp:60] Synch pass 386 done. Took 118.851 seconds
W0312 14:05:47.767781 45342 Synchronizer.cpp:60] Synch pass 387 done. Took 103.002 seconds
W0312 14:07:28.301455 45342 Synchronizer.cpp:60] Synch pass 388 done. Took 100.533 seconds
W0312 14:08:30.756027 44419 Training_Execution_Strategy.cpp:76] Iteration 93 done. Took 6.68193 mins
W0312 14:08:31.762156 44419 Unigram_Model_Trainer.cpp:522] Restarting IO
W0312 14:09:23.205164 45342 Synchronizer.cpp:60] Synch pass 389 done. Took 114.903 seconds
W0312 14:11:11.668321 45342 Synchronizer.cpp:60] Synch pass 390 done. Took 108.463 seconds
W0312 14:12:55.311414 45342 Synchronizer.cpp:60] Synch pass 391 done. Took 103.643 seconds
W0312 14:14:38.576052 45342 Synchronizer.cpp:60] Synch pass 392 done. Took 103.264 seconds
W0312 14:15:12.254595 44419 Training_Execution_Strategy.cpp:76] Iteration 94 done. Took 6.66683 mins
W0312 14:15:13.440727 44419 Unigram_Model_Trainer.cpp:522] Restarting IO
W0312 14:16:37.138242 45342 Synchronizer.cpp:60] Synch pass 393 done. Took 118.562 seconds
W0312 14:18:19.888802 45342 Synchronizer.cpp:60] Synch pass 394 done. Took 102.75 seconds
W0312 14:20:03.305742 45342 Synchronizer.cpp:60] Synch pass 395 done. Took 103.417 seconds
W0312 14:21:48.769598 45342 Synchronizer.cpp:60] Synch pass 396 done. Took 105.464 seconds
W0312 14:21:53.175710 44419 Training_Execution_Strategy.cpp:76] Iteration 95 done. Took 6.65481 mins
W0312 14:21:54.318430 44419 Unigram_Model_Trainer.cpp:522] Restarting IO
W0312 14:23:51.576961 45342 Synchronizer.cpp:60] Synch pass 397 done. Took 122.803 seconds
W0312 14:25:33.667383 45342 Synchronizer.cpp:60] Synch pass 398 done. Took 102.09 seconds
W0312 14:27:15.080358 45342 Synchronizer.cpp:60] Synch pass 399 done. Took 101.413 seconds
W0312 14:28:33.989266 44419 Training_Execution_Strategy.cpp:76] Iteration 96 done. Took 6.65291 mins
W0312 14:28:35.173084 44419 Unigram_Model_Trainer.cpp:522] Restarting IO
W0312 14:29:04.731179 45342 Synchronizer.cpp:60] Synch pass 400 done. Took 109.65 seconds
W0312 14:30:56.709240 45342 Synchronizer.cpp:60] Synch pass 401 done. Took 111.978 seconds
W0312 14:32:37.326987 45342 Synchronizer.cpp:60] Synch pass 402 done. Took 100.617 seconds
W0312 14:34:18.622184 45342 Synchronizer.cpp:60] Synch pass 403 done. Took 101.295 seconds
W0312 14:35:14.220959 44419 Training_Execution_Strategy.cpp:76] Iteration 97 done. Took 6.64211 mins
W0312 14:35:15.249950 44419 Unigram_Model_Trainer.cpp:522] Restarting IO
W0312 14:36:15.050868 45342 Synchronizer.cpp:60] Synch pass 404 done. Took 116.428 seconds
W0312 14:38:02.297953 45342 Synchronizer.cpp:60] Synch pass 405 done. Took 107.247 seconds
W0312 14:39:44.383369 45342 Synchronizer.cpp:60] Synch pass 406 done. Took 102.085 seconds
W0312 14:41:25.904368 45342 Synchronizer.cpp:60] Synch pass 407 done. Took 101.521 seconds
W0312 14:41:54.247228 44419 Training_Execution_Strategy.cpp:76] Iteration 98 done. Took 6.64145 mins
W0312 14:41:55.417593 44419 Unigram_Model_Trainer.cpp:522] Restarting IO
W0312 14:43:31.621055 45342 Synchronizer.cpp:60] Synch pass 408 done. Took 125.716 seconds
W0312 14:45:24.243944 45342 Synchronizer.cpp:60] Synch pass 409 done. Took 112.622 seconds
W0312 14:47:15.603996 45342 Synchronizer.cpp:60] Synch pass 410 done. Took 111.36 seconds
W0312 14:48:34.182653 44419 Training_Execution_Strategy.cpp:76] Iteration 99 done. Took 6.6381 mins
W0312 14:48:35.303846 44419 Unigram_Model_Trainer.cpp:522] Restarting IO
W0312 14:49:15.036249 45342 Synchronizer.cpp:60] Synch pass 411 done. Took 119.432 seconds
W0312 14:51:02.713784 45342 Synchronizer.cpp:60] Synch pass 412 done. Took 107.677 seconds
W0312 14:52:42.730414 45342 Synchronizer.cpp:60] Synch pass 413 done. Took 100.016 seconds
W0312 14:54:21.452184 45342 Synchronizer.cpp:60] Synch pass 414 done. Took 98.7213 seconds
W0312 14:55:15.948122 44419 Training_Execution_Strategy.cpp:76] Iteration 100 done. Took 6.66875 mins
W0312 14:55:38.321671 44419 Unigram_Model.cpp:109] Average num of topics assigned per word = 52.6711
W0312 14:55:38.321849 44419 Training_Execution_Strategy.cpp:81] >>>>>>>>>> Log-Likelihood (model, doc, total): -1.384e+11 , -5.49518e+09 , -1.43895e+11
W0312 14:55:39.547005 44419 Unigram_Model_Trainer.cpp:522] Restarting IO
W0312 14:55:40.054018 44419 Training_Execution_Strategy.cpp:92] >>>>>>>>>>> Save model at iteration: 100
W0312 14:56:06.071750 45342 Synchronizer.cpp:60] Synch pass 415 done. Took 104.619 seconds
W0312 14:56:06.865721 44419 Unigram_Model.cpp:109] Average num of topics assigned per word = 52.668
W0312 14:56:06.866163 44419 Training_Execution_Strategy.cpp:104] Parallel training Pipeline done
W0312 14:56:06.866180 44419 Synchronized_Training_Execution_Strategy.cpp:54] All Iters Done
W0312 14:58:03.564345 45342 Synchronizer.cpp:60] Synch pass 416 done. Took 117.492 seconds
W0312 14:58:03.564745 45342 Synchronizer.cpp:65] Stopping synchronization since all iterations are done
W0312 14:58:03.564860 44419 Synchronized_Training_Execution_Strategy.cpp:58] All threads joined
W0312 14:58:03.564959 44419 Controller.cpp:146] Model has been learnt
W0312 14:58:04.870548 44419 Unigram_Model.cpp:129] Saving model for test pipeline in lda.ttc.dump and lda.par.dump
W0312 14:58:06.797255 44419 Unigram_Model.cpp:133] Model saved
W0312 14:58:06.797340 44419 Unigram_Model.cpp:155] Writing top words identified per topic into lda.topToWor.txt
W0312 14:58:06.938233 44419 Unigram_Model.cpp:178] Word statistics per topic written
W0312 14:58:06.938343 44419 Unigram_Model_Training_Builder.cpp:160] Saving document to topic-proportions in lda.docToTop.txt
W0312 14:58:06.938369 44419 Unigram_Model_Training_Builder.cpp:161] Saving word to topic assignment in lda.worToTop.txt
W0312 15:04:09.362257 44419 Unigram_Model_Training_Builder.cpp:227] Document to topic-proportions saved in lda.docToTop.txt
W0312 15:04:09.362432 44419 Unigram_Model_Training_Builder.cpp:228] Word to topic assignment saved in lda.worToTop.txt
init TBB pipeline with num_threads = 30--------- j-101---------
run learntopics on j-101
W0311 14:07:22.477963 44301 Controller.cpp:96] ----------------------------------------------------------------------
W0311 14:07:22.478441 44301 Controller.cpp:98] Log files are being stored at /tmp/hpda/pengb/hpda/test/bingjing/ylda/run/work/learnTopics.*
W0311 14:07:22.478462 44301 Controller.cpp:100] ----------------------------------------------------------------------
W0311 14:07:22.478682 44301 Controller.cpp:115] You have chosen multi machine training mode
W0311 14:07:22.478885 44301 Unigram_Model_Training_Builder.cpp:60] Initializing Dictionary from lda.dict.dump
W0311 14:07:23.285706 44301 Unigram_Model_Training_Builder.cpp:62] Dictionary Initialized
W0311 14:08:00.973496 44301 Unigram_Model_Trainer.cpp:49] Initializing Word-Topic counts table from docs lda.wor, lda.top using 998226 words & 10000 topics.
W0311 15:09:41.317608 44301 Unigram_Model_Trainer.cpp:53] Initialized Word-Topic counts table
W0311 15:09:41.317683 44301 Unigram_Model_Trainer.cpp:57] Initializing Alpha vector from Alpha_bar = 100
W0311 15:09:41.317762 44301 Unigram_Model_Trainer.cpp:60] Alpha vector initialized
W0311 15:09:41.317770 44301 Unigram_Model_Trainer.cpp:63] Initializing Beta Parameter from specified Beta = 0.01
W0311 15:09:41.317775 44301 Unigram_Model_Trainer.cpp:67] Beta param initialized
W0311 15:09:43.207345 44301 Unigram_Model_Synchronizer_Helper.cpp:57] Counts of 1 words have been transferred to DM_Server.
W0311 15:10:28.735000 44301 Unigram_Model_Synchronizer_Helper.cpp:57] Counts of 10001 words have been transferred to DM_Server.
W0311 15:11:03.460299 44301 Unigram_Model_Synchronizer_Helper.cpp:57] Counts of 20001 words have been transferred to DM_Server.
W0311 15:11:32.036165 44301 Unigram_Model_Synchronizer_Helper.cpp:57] Counts of 30001 words have been transferred to DM_Server.
W0311 15:11:54.729218 44301 Unigram_Model_Synchronizer_Helper.cpp:57] Counts of 40001 words have been transferred to DM_Server.
W0311 15:12:14.453748 44301 Unigram_Model_Synchronizer_Helper.cpp:57] Counts of 50001 words have been transferred to DM_Server.
W0311 15:12:30.678122 44301 Unigram_Model_Synchronizer_Helper.cpp:57] Counts of 60001 words have been transferred to DM_Server.
W0311 15:12:44.917129 44301 Unigram_Model_Synchronizer_Helper.cpp:57] Counts of 70001 words have been transferred to DM_Server.
W0311 15:12:57.610391 44301 Unigram_Model_Synchronizer_Helper.cpp:57] Counts of 80001 words have been transferred to DM_Server.
W0311 15:13:09.437952 44301 Unigram_Model_Synchronizer_Helper.cpp:57] Counts of 90001 words have been transferred to DM_Server.
W0311 15:13:19.491598 44301 Unigram_Model_Synchronizer_Helper.cpp:57] Counts of 100001 words have been transferred to DM_Server.
W0311 15:13:29.059286 44301 Unigram_Model_Synchronizer_Helper.cpp:57] Counts of 110001 words have been transferred to DM_Server.
W0311 15:13:38.291684 44301 Unigram_Model_Synchronizer_Helper.cpp:57] Counts of 120001 words have been transferred to DM_Server.
W0311 15:13:46.869158 44301 Unigram_Model_Synchronizer_Helper.cpp:57] Counts of 130001 words have been transferred to DM_Server.
W0311 15:13:55.112119 44301 Unigram_Model_Synchronizer_Helper.cpp:57] Counts of 140001 words have been transferred to DM_Server.
W0311 15:14:03.087836 44301 Unigram_Model_Synchronizer_Helper.cpp:57] Counts of 150001 words have been transferred to DM_Server.
W0311 15:14:10.515738 44301 Unigram_Model_Synchronizer_Helper.cpp:57] Counts of 160001 words have been transferred to DM_Server.
W0311 15:14:17.427688 44301 Unigram_Model_Synchronizer_Helper.cpp:57] Counts of 170001 words have been transferred to DM_Server.
W0311 15:14:23.278614 44301 Unigram_Model_Synchronizer_Helper.cpp:57] Counts of 180001 words have been transferred to DM_Server.
W0311 15:14:29.718941 44301 Unigram_Model_Synchronizer_Helper.cpp:57] Counts of 190001 words have been transferred to DM_Server.
W0311 15:14:36.343668 44301 Unigram_Model_Synchronizer_Helper.cpp:57] Counts of 200001 words have been transferred to DM_Server.
W0311 15:14:42.700605 44301 Unigram_Model_Synchronizer_Helper.cpp:57] Counts of 210001 words have been transferred to DM_Server.
W0311 15:14:47.982981 44301 Unigram_Model_Synchronizer_Helper.cpp:57] Counts of 220001 words have been transferred to DM_Server.
W0311 15:14:53.450307 44301 Unigram_Model_Synchronizer_Helper.cpp:57] Counts of 230001 words have been transferred to DM_Server.
W0311 15:14:59.162276 44301 Unigram_Model_Synchronizer_Helper.cpp:57] Counts of 240001 words have been transferred to DM_Server.
W0311 15:15:04.451059 44301 Unigram_Model_Synchronizer_Helper.cpp:57] Counts of 250001 words have been transferred to DM_Server.
W0311 15:15:09.642539 44301 Unigram_Model_Synchronizer_Helper.cpp:57] Counts of 260001 words have been transferred to DM_Server.
W0311 15:15:14.734241 44301 Unigram_Model_Synchronizer_Helper.cpp:57] Counts of 270001 words have been transferred to DM_Server.
W0311 15:15:19.827038 44301 Unigram_Model_Synchronizer_Helper.cpp:57] Counts of 280001 words have been transferred to DM_Server.
W0311 15:15:24.647356 44301 Unigram_Model_Synchronizer_Helper.cpp:57] Counts of 290001 words have been transferred to DM_Server.
W0311 15:15:29.481745 44301 Unigram_Model_Synchronizer_Helper.cpp:57] Counts of 300001 words have been transferred to DM_Server.
W0311 15:15:34.225651 44301 Unigram_Model_Synchronizer_Helper.cpp:57] Counts of 310001 words have been transferred to DM_Server.
W0311 15:15:38.770623 44301 Unigram_Model_Synchronizer_Helper.cpp:57] Counts of 320001 words have been transferred to DM_Server.
W0311 15:15:43.275969 44301 Unigram_Model_Synchronizer_Helper.cpp:57] Counts of 330001 words have been transferred to DM_Server.
W0311 15:15:47.602495 44301 Unigram_Model_Synchronizer_Helper.cpp:57] Counts of 340001 words have been transferred to DM_Server.
W0311 15:15:51.988873 44301 Unigram_Model_Synchronizer_Helper.cpp:57] Counts of 350001 words have been transferred to DM_Server.
W0311 15:15:56.416182 44301 Unigram_Model_Synchronizer_Helper.cpp:57] Counts of 360001 words have been transferred to DM_Server.
W0311 15:16:00.551239 44301 Unigram_Model_Synchronizer_Helper.cpp:57] Counts of 370001 words have been transferred to DM_Server.
W0311 15:16:05.104856 44301 Unigram_Model_Synchronizer_Helper.cpp:57] Counts of 380001 words have been transferred to DM_Server.
W0311 15:16:09.830891 44301 Unigram_Model_Synchronizer_Helper.cpp:57] Counts of 390001 words have been transferred to DM_Server.
W0311 15:16:13.916879 44301 Unigram_Model_Synchronizer_Helper.cpp:57] Counts of 400001 words have been transferred to DM_Server.
W0311 15:16:17.878563 44301 Unigram_Model_Synchronizer_Helper.cpp:57] Counts of 410001 words have been transferred to DM_Server.
W0311 15:16:21.860940 44301 Unigram_Model_Synchronizer_Helper.cpp:57] Counts of 420001 words have been transferred to DM_Server.
W0311 15:16:25.926745 44301 Unigram_Model_Synchronizer_Helper.cpp:57] Counts of 430001 words have been transferred to DM_Server.
W0311 15:16:29.877542 44301 Unigram_Model_Synchronizer_Helper.cpp:57] Counts of 440001 words have been transferred to DM_Server.
W0311 15:16:33.859032 44301 Unigram_Model_Synchronizer_Helper.cpp:57] Counts of 450001 words have been transferred to DM_Server.
W0311 15:16:37.883530 44301 Unigram_Model_Synchronizer_Helper.cpp:57] Counts of 460001 words have been transferred to DM_Server.
W0311 15:16:41.824409 44301 Unigram_Model_Synchronizer_Helper.cpp:57] Counts of 470001 words have been transferred to DM_Server.
W0311 15:16:45.609588 44301 Unigram_Model_Synchronizer_Helper.cpp:57] Counts of 480001 words have been transferred to DM_Server.
W0311 15:16:49.220829 44301 Unigram_Model_Synchronizer_Helper.cpp:57] Counts of 490001 words have been transferred to DM_Server.
W0311 15:16:52.914285 44301 Unigram_Model_Synchronizer_Helper.cpp:57] Counts of 500001 words have been transferred to DM_Server.
W0311 15:16:56.645613 44301 Unigram_Model_Synchronizer_Helper.cpp:57] Counts of 510001 words have been transferred to DM_Server.
W0311 15:17:00.602622 44301 Unigram_Model_Synchronizer_Helper.cpp:57] Counts of 520001 words have been transferred to DM_Server.
W0311 15:17:06.092216 44301 Unigram_Model_Synchronizer_Helper.cpp:57] Counts of 530001 words have been transferred to DM_Server.
W0311 15:17:10.370681 44301 Unigram_Model_Synchronizer_Helper.cpp:57] Counts of 540001 words have been transferred to DM_Server.
W0311 15:17:13.992900 44301 Unigram_Model_Synchronizer_Helper.cpp:57] Counts of 550001 words have been transferred to DM_Server.
W0311 15:17:17.539516 44301 Unigram_Model_Synchronizer_Helper.cpp:57] Counts of 560001 words have been transferred to DM_Server.
W0311 15:17:21.174932 44301 Unigram_Model_Synchronizer_Helper.cpp:57] Counts of 570001 words have been transferred to DM_Server.
W0311 15:17:25.490809 44301 Unigram_Model_Synchronizer_Helper.cpp:57] Counts of 580001 words have been transferred to DM_Server.
W0311 15:17:29.084451 44301 Unigram_Model_Synchronizer_Helper.cpp:57] Counts of 590001 words have been transferred to DM_Server.
W0311 15:17:32.871553 44301 Unigram_Model_Synchronizer_Helper.cpp:57] Counts of 600001 words have been transferred to DM_Server.
W0311 15:17:36.419912 44301 Unigram_Model_Synchronizer_Helper.cpp:57] Counts of 610001 words have been transferred to DM_Server.
W0311 15:17:39.998862 44301 Unigram_Model_Synchronizer_Helper.cpp:57] Counts of 620001 words have been transferred to DM_Server.
W0311 15:17:43.425623 44301 Unigram_Model_Synchronizer_Helper.cpp:57] Counts of 630001 words have been transferred to DM_Server.
W0311 15:17:46.704663 44301 Unigram_Model_Synchronizer_Helper.cpp:57] Counts of 640001 words have been transferred to DM_Server.
W0311 15:17:50.333668 44301 Unigram_Model_Synchronizer_Helper.cpp:57] Counts of 650001 words have been transferred to DM_Server.
W0311 15:17:53.794226 44301 Unigram_Model_Synchronizer_Helper.cpp:57] Counts of 660001 words have been transferred to DM_Server.
W0311 15:17:57.131249 44301 Unigram_Model_Synchronizer_Helper.cpp:57] Counts of 670001 words have been transferred to DM_Server.
W0311 15:18:00.424180 44301 Unigram_Model_Synchronizer_Helper.cpp:57] Counts of 680001 words have been transferred to DM_Server.
W0311 15:18:03.682664 44301 Unigram_Model_Synchronizer_Helper.cpp:57] Counts of 690001 words have been transferred to DM_Server.
W0311 15:18:06.989869 44301 Unigram_Model_Synchronizer_Helper.cpp:57] Counts of 700001 words have been transferred to DM_Server.
W0311 15:18:10.398651 44301 Unigram_Model_Synchronizer_Helper.cpp:57] Counts of 710001 words have been transferred to DM_Server.
W0311 15:18:13.891484 44301 Unigram_Model_Synchronizer_Helper.cpp:57] Counts of 720001 words have been transferred to DM_Server.
W0311 15:18:17.280634 44301 Unigram_Model_Synchronizer_Helper.cpp:57] Counts of 730001 words have been transferred to DM_Server.
W0311 15:18:20.564270 44301 Unigram_Model_Synchronizer_Helper.cpp:57] Counts of 740001 words have been transferred to DM_Server.
W0311 15:18:23.848922 44301 Unigram_Model_Synchronizer_Helper.cpp:57] Counts of 750001 words have been transferred to DM_Server.
W0311 15:18:27.172003 44301 Unigram_Model_Synchronizer_Helper.cpp:57] Counts of 760001 words have been transferred to DM_Server.
W0311 15:18:30.390080 44301 Unigram_Model_Synchronizer_Helper.cpp:57] Counts of 770001 words have been transferred to DM_Server.
W0311 15:18:33.738574 44301 Unigram_Model_Synchronizer_Helper.cpp:57] Counts of 780001 words have been transferred to DM_Server.
W0311 15:18:36.922955 44301 Unigram_Model_Synchronizer_Helper.cpp:57] Counts of 790001 words have been transferred to DM_Server.
W0311 15:18:40.172147 44301 Unigram_Model_Synchronizer_Helper.cpp:57] Counts of 800001 words have been transferred to DM_Server.
W0311 15:18:43.545524 44301 Unigram_Model_Synchronizer_Helper.cpp:57] Counts of 810001 words have been transferred to DM_Server.
W0311 15:18:46.747537 44301 Unigram_Model_Synchronizer_Helper.cpp:57] Counts of 820001 words have been transferred to DM_Server.
W0311 15:18:49.947911 44301 Unigram_Model_Synchronizer_Helper.cpp:57] Counts of 830001 words have been transferred to DM_Server.
W0311 15:18:53.288802 44301 Unigram_Model_Synchronizer_Helper.cpp:57] Counts of 840001 words have been transferred to DM_Server.
W0311 15:18:56.482216 44301 Unigram_Model_Synchronizer_Helper.cpp:57] Counts of 850001 words have been transferred to DM_Server.
W0311 15:18:59.662645 44301 Unigram_Model_Synchronizer_Helper.cpp:57] Counts of 860001 words have been transferred to DM_Server.
W0311 15:19:02.868149 44301 Unigram_Model_Synchronizer_Helper.cpp:57] Counts of 870001 words have been transferred to DM_Server.
W0311 15:19:06.067555 44301 Unigram_Model_Synchronizer_Helper.cpp:57] Counts of 880001 words have been transferred to DM_Server.
W0311 15:19:09.288794 44301 Unigram_Model_Synchronizer_Helper.cpp:57] Counts of 890001 words have been transferred to DM_Server.
W0311 15:19:12.572324 44301 Unigram_Model_Synchronizer_Helper.cpp:57] Counts of 900001 words have been transferred to DM_Server.
W0311 15:19:15.801342 44301 Unigram_Model_Synchronizer_Helper.cpp:57] Counts of 910001 words have been transferred to DM_Server.
W0311 15:19:19.178052 44301 Unigram_Model_Synchronizer_Helper.cpp:57] Counts of 920001 words have been transferred to DM_Server.
W0311 15:19:22.468113 44301 Unigram_Model_Synchronizer_Helper.cpp:57] Counts of 930001 words have been transferred to DM_Server.
W0311 15:19:25.663111 44301 Unigram_Model_Synchronizer_Helper.cpp:57] Counts of 940001 words have been transferred to DM_Server.
W0311 15:19:28.824450 44301 Unigram_Model_Synchronizer_Helper.cpp:57] Counts of 950001 words have been transferred to DM_Server.
W0311 15:19:31.956200 44301 Unigram_Model_Synchronizer_Helper.cpp:57] Counts of 960001 words have been transferred to DM_Server.
W0311 15:19:35.106015 44301 Unigram_Model_Synchronizer_Helper.cpp:57] Counts of 970001 words have been transferred to DM_Server.
W0311 15:19:38.365254 44301 Unigram_Model_Synchronizer_Helper.cpp:57] Counts of 980001 words have been transferred to DM_Server.
W0311 15:19:41.382975 44301 Unigram_Model_Synchronizer_Helper.cpp:57] Counts of 990001 words have been transferred to DM_Server.
W0311 15:19:43.958958 44301 Unigram_Model_Synchronizer_Helper.cpp:62] Local counts written to DM_Server. Phase1 for client complete
W0311 15:31:35.902055 44301 Unigram_Model_Synchronizer_Helper.cpp:65] All clients have transferred their counts successfully. Global initial counts ready
W0311 15:31:35.927323 44301 Unigram_Model_Synchronizer_Helper.cpp:80] Global counts of 1 words have been retrieved from DM_Server.
W0311 15:33:58.074390 44301 Unigram_Model_Synchronizer_Helper.cpp:80] Global counts of 10001 words have been retrieved from DM_Server.
W0311 15:37:43.140530 44301 Unigram_Model_Synchronizer_Helper.cpp:80] Global counts of 20001 words have been retrieved from DM_Server.
W0311 15:40:54.215414 44301 Unigram_Model_Synchronizer_Helper.cpp:80] Global counts of 30001 words have been retrieved from DM_Server.
W0311 15:43:03.355101 44301 Unigram_Model_Synchronizer_Helper.cpp:80] Global counts of 40001 words have been retrieved from DM_Server.
W0311 15:44:50.107596 44301 Unigram_Model_Synchronizer_Helper.cpp:80] Global counts of 50001 words have been retrieved from DM_Server.
W0311 15:46:30.560348 44301 Unigram_Model_Synchronizer_Helper.cpp:80] Global counts of 60001 words have been retrieved from DM_Server.
W0311 15:47:57.578212 44301 Unigram_Model_Synchronizer_Helper.cpp:80] Global counts of 70001 words have been retrieved from DM_Server.
W0311 15:49:17.336257 44301 Unigram_Model_Synchronizer_Helper.cpp:80] Global counts of 80001 words have been retrieved from DM_Server.
W0311 15:50:28.653331 44301 Unigram_Model_Synchronizer_Helper.cpp:80] Global counts of 90001 words have been retrieved from DM_Server.
W0311 15:51:25.627564 44301 Unigram_Model_Synchronizer_Helper.cpp:80] Global counts of 100001 words have been retrieved from DM_Server.
W0311 15:52:16.969148 44301 Unigram_Model_Synchronizer_Helper.cpp:80] Global counts of 110001 words have been retrieved from DM_Server.
W0311 15:53:14.318636 44301 Unigram_Model_Synchronizer_Helper.cpp:80] Global counts of 120001 words have been retrieved from DM_Server.
W0311 15:54:26.813329 44301 Unigram_Model_Synchronizer_Helper.cpp:80] Global counts of 130001 words have been retrieved from DM_Server.
W0311 15:55:36.220450 44301 Unigram_Model_Synchronizer_Helper.cpp:80] Global counts of 140001 words have been retrieved from DM_Server.
W0311 15:56:41.388398 44301 Unigram_Model_Synchronizer_Helper.cpp:80] Global counts of 150001 words have been retrieved from DM_Server.
W0311 15:57:42.929075 44301 Unigram_Model_Synchronizer_Helper.cpp:80] Global counts of 160001 words have been retrieved from DM_Server.
W0311 15:58:43.154384 44301 Unigram_Model_Synchronizer_Helper.cpp:80] Global counts of 170001 words have been retrieved from DM_Server.
W0311 15:59:28.952523 44301 Unigram_Model_Synchronizer_Helper.cpp:80] Global counts of 180001 words have been retrieved from DM_Server.
W0311 16:00:21.908071 44301 Unigram_Model_Synchronizer_Helper.cpp:80] Global counts of 190001 words have been retrieved from DM_Server.
W0311 16:01:14.335922 44301 Unigram_Model_Synchronizer_Helper.cpp:80] Global counts of 200001 words have been retrieved from DM_Server.
W0311 16:02:06.615416 44301 Unigram_Model_Synchronizer_Helper.cpp:80] Global counts of 210001 words have been retrieved from DM_Server.
W0311 16:02:48.775463 44301 Unigram_Model_Synchronizer_Helper.cpp:80] Global counts of 220001 words have been retrieved from DM_Server.
W0311 16:03:32.668174 44301 Unigram_Model_Synchronizer_Helper.cpp:80] Global counts of 230001 words have been retrieved from DM_Server.
W0311 16:04:18.981849 44301 Unigram_Model_Synchronizer_Helper.cpp:80] Global counts of 240001 words have been retrieved from DM_Server.
W0311 16:05:01.783434 44301 Unigram_Model_Synchronizer_Helper.cpp:80] Global counts of 250001 words have been retrieved from DM_Server.
W0311 16:05:42.949729 44301 Unigram_Model_Synchronizer_Helper.cpp:80] Global counts of 260001 words have been retrieved from DM_Server.
W0311 16:06:23.263969 44301 Unigram_Model_Synchronizer_Helper.cpp:80] Global counts of 270001 words have been retrieved from DM_Server.
W0311 16:07:02.973244 44301 Unigram_Model_Synchronizer_Helper.cpp:80] Global counts of 280001 words have been retrieved from DM_Server.
W0311 16:07:40.617115 44301 Unigram_Model_Synchronizer_Helper.cpp:80] Global counts of 290001 words have been retrieved from DM_Server.
W0311 16:08:17.896420 44301 Unigram_Model_Synchronizer_Helper.cpp:80] Global counts of 300001 words have been retrieved from DM_Server.
W0311 16:08:54.667881 44301 Unigram_Model_Synchronizer_Helper.cpp:80] Global counts of 310001 words have been retrieved from DM_Server.
W0311 16:09:29.053205 44301 Unigram_Model_Synchronizer_Helper.cpp:80] Global counts of 320001 words have been retrieved from DM_Server.
W0311 16:10:03.080293 44301 Unigram_Model_Synchronizer_Helper.cpp:80] Global counts of 330001 words have been retrieved from DM_Server.
W0311 16:10:35.671517 44301 Unigram_Model_Synchronizer_Helper.cpp:80] Global counts of 340001 words have been retrieved from DM_Server.
W0311 16:11:08.335782 44301 Unigram_Model_Synchronizer_Helper.cpp:80] Global counts of 350001 words have been retrieved from DM_Server.
W0311 16:11:40.408679 44301 Unigram_Model_Synchronizer_Helper.cpp:80] Global counts of 360001 words have been retrieved from DM_Server.
W0311 16:12:10.625171 44301 Unigram_Model_Synchronizer_Helper.cpp:80] Global counts of 370001 words have been retrieved from DM_Server.
W0311 16:12:49.392065 44301 Unigram_Model_Synchronizer_Helper.cpp:80] Global counts of 380001 words have been retrieved from DM_Server.
W0311 16:13:24.562427 44301 Unigram_Model_Synchronizer_Helper.cpp:80] Global counts of 390001 words have been retrieved from DM_Server.
W0311 16:13:54.750586 44301 Unigram_Model_Synchronizer_Helper.cpp:80] Global counts of 400001 words have been retrieved from DM_Server.
W0311 16:14:23.717833 44301 Unigram_Model_Synchronizer_Helper.cpp:80] Global counts of 410001 words have been retrieved from DM_Server.
W0311 16:14:52.727063 44301 Unigram_Model_Synchronizer_Helper.cpp:80] Global counts of 420001 words have been retrieved from DM_Server.
W0311 16:15:21.138062 44301 Unigram_Model_Synchronizer_Helper.cpp:80] Global counts of 430001 words have been retrieved from DM_Server.
W0311 16:15:49.087435 44301 Unigram_Model_Synchronizer_Helper.cpp:80] Global counts of 440001 words have been retrieved from DM_Server.
W0311 16:16:17.377446 44301 Unigram_Model_Synchronizer_Helper.cpp:80] Global counts of 450001 words have been retrieved from DM_Server.
W0311 16:16:45.674989 44301 Unigram_Model_Synchronizer_Helper.cpp:80] Global counts of 460001 words have been retrieved from DM_Server.
W0311 16:17:12.457243 44301 Unigram_Model_Synchronizer_Helper.cpp:80] Global counts of 470001 words have been retrieved from DM_Server.
W0311 16:17:37.976055 44301 Unigram_Model_Synchronizer_Helper.cpp:80] Global counts of 480001 words have been retrieved from DM_Server.
W0311 16:18:00.417681 44301 Unigram_Model_Synchronizer_Helper.cpp:80] Global counts of 490001 words have been retrieved from DM_Server.
W0311 16:18:25.116675 44301 Unigram_Model_Synchronizer_Helper.cpp:80] Global counts of 500001 words have been retrieved from DM_Server.
W0311 16:18:50.275264 44301 Unigram_Model_Synchronizer_Helper.cpp:80] Global counts of 510001 words have been retrieved from DM_Server.
W0311 16:19:16.812952 44301 Unigram_Model_Synchronizer_Helper.cpp:80] Global counts of 520001 words have been retrieved from DM_Server.
W0311 16:19:51.884496 44301 Unigram_Model_Synchronizer_Helper.cpp:80] Global counts of 530001 words have been retrieved from DM_Server.
W0311 16:20:23.184948 44301 Unigram_Model_Synchronizer_Helper.cpp:80] Global counts of 540001 words have been retrieved from DM_Server.
W0311 16:20:48.066547 44301 Unigram_Model_Synchronizer_Helper.cpp:80] Global counts of 550001 words have been retrieved from DM_Server.
W0311 16:21:11.543633 44301 Unigram_Model_Synchronizer_Helper.cpp:80] Global counts of 560001 words have been retrieved from DM_Server.
W0311 16:21:36.400025 44301 Unigram_Model_Synchronizer_Helper.cpp:80] Global counts of 570001 words have been retrieved from DM_Server.
W0311 16:22:05.101199 44301 Unigram_Model_Synchronizer_Helper.cpp:80] Global counts of 580001 words have been retrieved from DM_Server.
W0311 16:22:29.014363 44301 Unigram_Model_Synchronizer_Helper.cpp:80] Global counts of 590001 words have been retrieved from DM_Server.
W0311 16:22:53.970333 44301 Unigram_Model_Synchronizer_Helper.cpp:80] Global counts of 600001 words have been retrieved from DM_Server.
W0311 16:23:17.018867 44301 Unigram_Model_Synchronizer_Helper.cpp:80] Global counts of 610001 words have been retrieved from DM_Server.
W0311 16:23:41.356602 44301 Unigram_Model_Synchronizer_Helper.cpp:80] Global counts of 620001 words have been retrieved from DM_Server.
W0311 16:24:03.897536 44301 Unigram_Model_Synchronizer_Helper.cpp:80] Global counts of 630001 words have been retrieved from DM_Server.
W0311 16:24:23.446825 44301 Unigram_Model_Synchronizer_Helper.cpp:80] Global counts of 640001 words have been retrieved from DM_Server.
W0311 16:24:46.502333 44301 Unigram_Model_Synchronizer_Helper.cpp:80] Global counts of 650001 words have been retrieved from DM_Server.
W0311 16:25:09.082111 44301 Unigram_Model_Synchronizer_Helper.cpp:80] Global counts of 660001 words have been retrieved from DM_Server.
W0311 16:25:30.800058 44301 Unigram_Model_Synchronizer_Helper.cpp:80] Global counts of 670001 words have been retrieved from DM_Server.
W0311 16:25:51.480404 44301 Unigram_Model_Synchronizer_Helper.cpp:80] Global counts of 680001 words have been retrieved from DM_Server.
W0311 16:26:11.940194 44301 Unigram_Model_Synchronizer_Helper.cpp:80] Global counts of 690001 words have been retrieved from DM_Server.
W0311 16:26:32.543728 44301 Unigram_Model_Synchronizer_Helper.cpp:80] Global counts of 700001 words have been retrieved from DM_Server.
W0311 16:26:54.334656 44301 Unigram_Model_Synchronizer_Helper.cpp:80] Global counts of 710001 words have been retrieved from DM_Server.
W0311 16:27:16.017910 44301 Unigram_Model_Synchronizer_Helper.cpp:80] Global counts of 720001 words have been retrieved from DM_Server.
W0311 16:27:37.096685 44301 Unigram_Model_Synchronizer_Helper.cpp:80] Global counts of 730001 words have been retrieved from DM_Server.
W0311 16:27:56.678215 44301 Unigram_Model_Synchronizer_Helper.cpp:80] Global counts of 740001 words have been retrieved from DM_Server.
W0311 16:28:17.092984 44301 Unigram_Model_Synchronizer_Helper.cpp:80] Global counts of 750001 words have been retrieved from DM_Server.
W0311 16:28:37.285015 44301 Unigram_Model_Synchronizer_Helper.cpp:80] Global counts of 760001 words have been retrieved from DM_Server.
W0311 16:28:56.474917 44301 Unigram_Model_Synchronizer_Helper.cpp:80] Global counts of 770001 words have been retrieved from DM_Server.
W0311 16:29:16.740365 44301 Unigram_Model_Synchronizer_Helper.cpp:80] Global counts of 780001 words have been retrieved from DM_Server.
W0311 16:29:35.373311 44301 Unigram_Model_Synchronizer_Helper.cpp:80] Global counts of 790001 words have been retrieved from DM_Server.
W0311 16:29:54.995023 44301 Unigram_Model_Synchronizer_Helper.cpp:80] Global counts of 800001 words have been retrieved from DM_Server.
W0311 16:30:15.348634 44301 Unigram_Model_Synchronizer_Helper.cpp:80] Global counts of 810001 words have been retrieved from DM_Server.
W0311 16:30:33.758354 44301 Unigram_Model_Synchronizer_Helper.cpp:80] Global counts of 820001 words have been retrieved from DM_Server.
W0311 16:30:52.380159 44301 Unigram_Model_Synchronizer_Helper.cpp:80] Global counts of 830001 words have been retrieved from DM_Server.
W0311 16:31:12.759369 44301 Unigram_Model_Synchronizer_Helper.cpp:80] Global counts of 840001 words have been retrieved from DM_Server.
W0311 16:31:31.056195 44301 Unigram_Model_Synchronizer_Helper.cpp:80] Global counts of 850001 words have been retrieved from DM_Server.
W0311 16:31:48.666841 44301 Unigram_Model_Synchronizer_Helper.cpp:80] Global counts of 860001 words have been retrieved from DM_Server.
W0311 16:32:07.666885 44301 Unigram_Model_Synchronizer_Helper.cpp:80] Global counts of 870001 words have been retrieved from DM_Server.
W0311 16:32:26.793874 44301 Unigram_Model_Synchronizer_Helper.cpp:80] Global counts of 880001 words have been retrieved from DM_Server.
W0311 16:32:45.141332 44301 Unigram_Model_Synchronizer_Helper.cpp:80] Global counts of 890001 words have been retrieved from DM_Server.
W0311 16:33:05.013715 44301 Unigram_Model_Synchronizer_Helper.cpp:80] Global counts of 900001 words have been retrieved from DM_Server.
W0311 16:33:25.172818 44301 Unigram_Model_Synchronizer_Helper.cpp:80] Global counts of 910001 words have been retrieved from DM_Server.
W0311 16:33:45.018157 44301 Unigram_Model_Synchronizer_Helper.cpp:80] Global counts of 920001 words have been retrieved from DM_Server.
W0311 16:34:05.233237 44301 Unigram_Model_Synchronizer_Helper.cpp:80] Global counts of 930001 words have been retrieved from DM_Server.
W0311 16:34:25.540060 44301 Unigram_Model_Synchronizer_Helper.cpp:80] Global counts of 940001 words have been retrieved from DM_Server.
W0311 16:34:45.617115 44301 Unigram_Model_Synchronizer_Helper.cpp:80] Global counts of 950001 words have been retrieved from DM_Server.
W0311 16:35:06.152439 44301 Unigram_Model_Synchronizer_Helper.cpp:80] Global counts of 960001 words have been retrieved from DM_Server.
W0311 16:35:26.976588 44301 Unigram_Model_Synchronizer_Helper.cpp:80] Global counts of 970001 words have been retrieved from DM_Server.
W0311 16:35:47.715039 44301 Unigram_Model_Synchronizer_Helper.cpp:80] Global counts of 980001 words have been retrieved from DM_Server.
W0311 16:36:03.827693 44301 Unigram_Model_Synchronizer_Helper.cpp:80] Global counts of 990001 words have been retrieved from DM_Server.
W0311 16:36:19.817332 44301 Unigram_Model_Synchronizer_Helper.cpp:84] Client initialized successfully
W0311 16:36:19.817783 44301 Training_Execution_Strategy.cpp:57] Starting Parallel training Pipeline
W0311 16:36:19.817832 45243 Synchronizer.cpp:47] Starting synchronization
W0311 16:56:33.437743 45243 Synchronizer.cpp:60] Synch pass 1 done. Took 1213.62 seconds
W0311 17:20:20.553692 44301 Training_Execution_Strategy.cpp:76] Iteration 1 done. Took 44.0123 mins
W0311 17:20:36.563077 45243 Synchronizer.cpp:60] Synch pass 2 done. Took 1443.12 seconds
W0311 17:23:11.947054 44301 Unigram_Model.cpp:109] Average num of topics assigned per word = 1726.23
W0311 17:23:11.947355 44301 Training_Execution_Strategy.cpp:81] >>>>>>>>>> Log-Likelihood (model, doc, total): -2.92817e+11 , -9.86862e+09 , -3.02685e+11
W0311 17:23:12.814118 44301 Unigram_Model_Trainer.cpp:522] Restarting IO
W0311 17:23:13.080831 44301 Training_Execution_Strategy.cpp:92] >>>>>>>>>>> Save model at iteration: 1
W0311 17:29:13.486946 44301 Unigram_Model.cpp:109] Average num of topics assigned per word = 1685.25
W0311 17:40:59.772502 45243 Synchronizer.cpp:60] Synch pass 3 done. Took 1223.21 seconds
W0311 18:01:18.568397 45243 Synchronizer.cpp:60] Synch pass 4 done. Took 1218.79 seconds
W0311 18:11:41.814590 44301 Training_Execution_Strategy.cpp:76] Iteration 2 done. Took 42.4721 mins
W0311 18:11:42.682545 44301 Unigram_Model_Trainer.cpp:522] Restarting IO
W0311 18:21:36.745755 45243 Synchronizer.cpp:60] Synch pass 5 done. Took 1218.18 seconds
W0311 18:40:20.809180 45243 Synchronizer.cpp:60] Synch pass 6 done. Took 1124.06 seconds
W0311 18:53:31.026474 44301 Training_Execution_Strategy.cpp:76] Iteration 3 done. Took 41.7988 mins
W0311 18:53:31.882306 44301 Unigram_Model_Trainer.cpp:522] Restarting IO
W0311 18:58:23.012826 45243 Synchronizer.cpp:60] Synch pass 7 done. Took 1082.2 seconds
W0311 19:15:31.630868 45243 Synchronizer.cpp:60] Synch pass 8 done. Took 1028.62 seconds
W0311 19:31:51.595176 45243 Synchronizer.cpp:60] Synch pass 9 done. Took 979.963 seconds
W0311 19:34:41.654045 44301 Training_Execution_Strategy.cpp:76] Iteration 4 done. Took 41.1562 mins
W0311 19:34:42.488656 44301 Unigram_Model_Trainer.cpp:522] Restarting IO
W0311 19:47:57.365854 45243 Synchronizer.cpp:60] Synch pass 10 done. Took 965.77 seconds
W0311 20:02:57.468082 45243 Synchronizer.cpp:60] Synch pass 11 done. Took 900.102 seconds
W0311 20:15:12.471148 44301 Training_Execution_Strategy.cpp:76] Iteration 5 done. Took 40.4926 mins
W0311 20:15:13.338924 44301 Unigram_Model_Trainer.cpp:522] Restarting IO
W0311 20:17:40.515614 45243 Synchronizer.cpp:60] Synch pass 12 done. Took 883.047 seconds
W0311 20:32:10.149549 45243 Synchronizer.cpp:60] Synch pass 13 done. Took 869.633 seconds
W0311 20:45:46.896245 45243 Synchronizer.cpp:60] Synch pass 14 done. Took 816.746 seconds
W0311 20:55:01.914849 44301 Training_Execution_Strategy.cpp:76] Iteration 6 done. Took 39.8027 mins
W0311 20:55:02.766580 44301 Unigram_Model_Trainer.cpp:522] Restarting IO
W0311 20:59:14.717733 45243 Synchronizer.cpp:60] Synch pass 15 done. Took 807.821 seconds
W0311 21:12:08.446846 45243 Synchronizer.cpp:60] Synch pass 16 done. Took 773.729 seconds
W0311 21:24:32.723573 45243 Synchronizer.cpp:60] Synch pass 17 done. Took 744.276 seconds
W0311 21:33:56.550601 44301 Training_Execution_Strategy.cpp:76] Iteration 7 done. Took 38.8888 mins
W0311 21:33:57.404242 44301 Unigram_Model_Trainer.cpp:522] Restarting IO
W0311 21:36:48.214162 45243 Synchronizer.cpp:60] Synch pass 18 done. Took 735.49 seconds
W0311 21:48:42.666172 45243 Synchronizer.cpp:60] Synch pass 19 done. Took 714.452 seconds
W0311 21:59:59.520005 45243 Synchronizer.cpp:60] Synch pass 20 done. Took 676.853 seconds
W0311 22:11:00.636627 45243 Synchronizer.cpp:60] Synch pass 21 done. Took 661.116 seconds
W0311 22:11:43.244046 44301 Training_Execution_Strategy.cpp:76] Iteration 8 done. Took 37.757 mins
W0311 22:11:44.120578 44301 Unigram_Model_Trainer.cpp:522] Restarting IO
W0311 22:22:04.385301 45243 Synchronizer.cpp:60] Synch pass 22 done. Took 663.748 seconds
W0311 22:32:29.072818 45243 Synchronizer.cpp:60] Synch pass 23 done. Took 624.687 seconds
W0311 22:42:27.170337 45243 Synchronizer.cpp:60] Synch pass 24 done. Took 598.097 seconds
W0311 22:47:54.013504 44301 Training_Execution_Strategy.cpp:76] Iteration 9 done. Took 36.1575 mins
W0311 22:47:54.908843 44301 Unigram_Model_Trainer.cpp:522] Restarting IO
W0311 22:52:27.492805 45243 Synchronizer.cpp:60] Synch pass 25 done. Took 600.322 seconds
W0311 23:01:51.053382 45243 Synchronizer.cpp:60] Synch pass 26 done. Took 563.559 seconds
W0311 23:10:57.452117 45243 Synchronizer.cpp:60] Synch pass 27 done. Took 546.398 seconds
W0311 23:19:35.983227 45243 Synchronizer.cpp:60] Synch pass 28 done. Took 518.531 seconds
W0311 23:22:10.805709 44301 Training_Execution_Strategy.cpp:76] Iteration 10 done. Took 34.2584 mins
W0311 23:22:11.633213 44301 Unigram_Model_Trainer.cpp:522] Restarting IO
W0311 23:22:12.061048 44301 Training_Execution_Strategy.cpp:92] >>>>>>>>>>> Save model at iteration: 10
W0311 23:24:13.924372 44301 Unigram_Model.cpp:109] Average num of topics assigned per word = 506.455
W0311 23:27:48.898160 45243 Synchronizer.cpp:60] Synch pass 29 done. Took 492.915 seconds
W0311 23:35:47.483783 45243 Synchronizer.cpp:60] Synch pass 30 done. Took 478.585 seconds
W0311 23:43:32.587595 45243 Synchronizer.cpp:60] Synch pass 31 done. Took 465.103 seconds
W0311 23:51:01.811353 45243 Synchronizer.cpp:60] Synch pass 32 done. Took 449.223 seconds
W0311 23:56:25.146569 44301 Training_Execution_Strategy.cpp:76] Iteration 11 done. Took 32.187 mins
W0311 23:56:26.008396 44301 Unigram_Model_Trainer.cpp:522] Restarting IO
W0311 23:58:34.095623 45243 Synchronizer.cpp:60] Synch pass 33 done. Took 452.284 seconds
W0312 00:05:49.937541 45243 Synchronizer.cpp:60] Synch pass 34 done. Took 435.842 seconds
W0312 00:12:42.441184 45243 Synchronizer.cpp:60] Synch pass 35 done. Took 412.503 seconds
W0312 00:19:16.052613 45243 Synchronizer.cpp:60] Synch pass 36 done. Took 393.611 seconds
W0312 00:25:51.257634 45243 Synchronizer.cpp:60] Synch pass 37 done. Took 395.205 seconds
W0312 00:26:26.811322 44301 Training_Execution_Strategy.cpp:76] Iteration 12 done. Took 30.0063 mins
W0312 00:26:27.662261 44301 Unigram_Model_Trainer.cpp:522] Restarting IO
W0312 00:32:21.910468 45243 Synchronizer.cpp:60] Synch pass 38 done. Took 390.652 seconds
W0312 00:38:27.641512 45243 Synchronizer.cpp:60] Synch pass 39 done. Took 365.731 seconds
W0312 00:44:22.231111 45243 Synchronizer.cpp:60] Synch pass 40 done. Took 354.589 seconds
W0312 00:50:02.468798 45243 Synchronizer.cpp:60] Synch pass 41 done. Took 340.237 seconds
W0312 00:54:24.432552 44301 Training_Execution_Strategy.cpp:76] Iteration 13 done. Took 27.939 mins
W0312 00:54:25.332321 44301 Unigram_Model_Trainer.cpp:522] Restarting IO
W0312 00:55:48.254606 45243 Synchronizer.cpp:60] Synch pass 42 done. Took 345.785 seconds
W0312 01:01:25.250684 45243 Synchronizer.cpp:60] Synch pass 43 done. Took 336.996 seconds
W0312 01:06:41.660871 45243 Synchronizer.cpp:60] Synch pass 44 done. Took 316.41 seconds
W0312 01:11:51.586561 45243 Synchronizer.cpp:60] Synch pass 45 done. Took 309.925 seconds
W0312 01:16:49.676100 45243 Synchronizer.cpp:60] Synch pass 46 done. Took 298.089 seconds
W0312 01:20:23.055255 44301 Training_Execution_Strategy.cpp:76] Iteration 14 done. Took 25.9548 mins
W0312 01:20:23.989006 44301 Unigram_Model_Trainer.cpp:522] Restarting IO
W0312 01:21:46.427217 45243 Synchronizer.cpp:60] Synch pass 47 done. Took 296.751 seconds
W0312 01:26:40.614054 45243 Synchronizer.cpp:60] Synch pass 48 done. Took 294.186 seconds
W0312 01:31:17.509299 45243 Synchronizer.cpp:60] Synch pass 49 done. Took 276.895 seconds
W0312 01:35:48.747678 45243 Synchronizer.cpp:60] Synch pass 50 done. Took 271.238 seconds
W0312 01:40:10.592828 45243 Synchronizer.cpp:60] Synch pass 51 done. Took 261.845 seconds
W0312 01:44:26.558825 45243 Synchronizer.cpp:60] Synch pass 52 done. Took 255.965 seconds
W0312 01:44:31.220281 44301 Training_Execution_Strategy.cpp:76] Iteration 15 done. Took 24.1125 mins
W0312 01:44:32.053412 44301 Unigram_Model_Trainer.cpp:522] Restarting IO
W0312 01:48:47.877372 45243 Synchronizer.cpp:60] Synch pass 53 done. Took 261.318 seconds
W0312 01:52:56.072147 45243 Synchronizer.cpp:60] Synch pass 54 done. Took 248.194 seconds
W0312 01:57:00.717620 45243 Synchronizer.cpp:60] Synch pass 55 done. Took 244.645 seconds
W0312 03:00:59.003021 45243 Synchronizer.cpp:60] Synch pass 56 done. Took 238.285 seconds
W0312 03:04:56.368155 45243 Synchronizer.cpp:60] Synch pass 57 done. Took 237.365 seconds
W0312 03:06:51.990370 44301 Training_Execution_Strategy.cpp:76] Iteration 16 done. Took 22.3254 mins
W0312 03:06:52.846458 44301 Unigram_Model_Trainer.cpp:522] Restarting IO
W0312 03:09:00.252806 45243 Synchronizer.cpp:60] Synch pass 58 done. Took 243.884 seconds
W0312 03:12:52.004288 45243 Synchronizer.cpp:60] Synch pass 59 done. Took 231.751 seconds
W0312 03:16:35.237706 45243 Synchronizer.cpp:60] Synch pass 60 done. Took 223.233 seconds
W0312 03:20:19.441465 45243 Synchronizer.cpp:60] Synch pass 61 done. Took 224.203 seconds
W0312 03:23:52.869163 45243 Synchronizer.cpp:60] Synch pass 62 done. Took 213.427 seconds
W0312 03:27:25.985069 45243 Synchronizer.cpp:60] Synch pass 63 done. Took 213.115 seconds
W0312 03:27:35.523336 44301 Training_Execution_Strategy.cpp:76] Iteration 17 done. Took 20.7043 mins
W0312 03:27:36.366642 44301 Unigram_Model_Trainer.cpp:522] Restarting IO
W0312 03:31:09.512936 45243 Synchronizer.cpp:60] Synch pass 64 done. Took 223.528 seconds
W0312 03:34:34.288589 45243 Synchronizer.cpp:60] Synch pass 65 done. Took 204.775 seconds
W0312 03:37:57.300863 45243 Synchronizer.cpp:60] Synch pass 66 done. Took 203.012 seconds
W0312 03:41:17.475103 45243 Synchronizer.cpp:60] Synch pass 67 done. Took 200.174 seconds
W0312 03:44:35.509500 45243 Synchronizer.cpp:60] Synch pass 68 done. Took 198.034 seconds
W0312 03:46:53.369778 44301 Training_Execution_Strategy.cpp:76] Iteration 18 done. Took 19.2764 mins
W0312 03:46:54.207700 44301 Unigram_Model_Trainer.cpp:522] Restarting IO
