W0312 04:23:41.450098 44867 Synchronizer.cpp:60] Synch pass 80 done. Took 167.957 seconds
W0312 04:26:29.897661 44867 Synchronizer.cpp:60] Synch pass 81 done. Took 168.447 seconds
W0312 04:29:19.599150 44867 Synchronizer.cpp:60] Synch pass 82 done. Took 169.701 seconds
W0312 04:32:05.075024 44867 Synchronizer.cpp:60] Synch pass 83 done. Took 165.475 seconds
W0312 04:33:38.233420 43993 Training_Execution_Strategy.cpp:76] Iteration 21 done. Took 15.6178 mins
W0312 04:33:39.133627 43993 Unigram_Model_Trainer.cpp:522] Restarting IO
W0312 04:34:59.834422 44867 Synchronizer.cpp:60] Synch pass 84 done. Took 174.759 seconds
W0312 04:37:47.424652 44867 Synchronizer.cpp:60] Synch pass 85 done. Took 167.59 seconds
W0312 04:40:24.242074 44867 Synchronizer.cpp:60] Synch pass 86 done. Took 156.817 seconds
W0312 04:43:06.872292 44867 Synchronizer.cpp:60] Synch pass 87 done. Took 162.63 seconds
W0312 04:45:45.816819 44867 Synchronizer.cpp:60] Synch pass 88 done. Took 158.944 seconds
W0312 04:48:19.965145 44867 Synchronizer.cpp:60] Synch pass 89 done. Took 154.148 seconds
W0312 04:48:21.008852 43993 Training_Execution_Strategy.cpp:76] Iteration 22 done. Took 14.6903 mins
W0312 04:48:21.845520 43993 Unigram_Model_Trainer.cpp:522] Restarting IO
W0312 04:51:07.642112 44867 Synchronizer.cpp:60] Synch pass 90 done. Took 167.677 seconds
W0312 04:53:43.681562 44867 Synchronizer.cpp:60] Synch pass 91 done. Took 156.039 seconds
W0312 04:56:22.240226 44867 Synchronizer.cpp:60] Synch pass 92 done. Took 158.558 seconds
W0312 04:58:58.375602 44867 Synchronizer.cpp:60] Synch pass 93 done. Took 156.135 seconds
W0312 05:01:31.987947 44867 Synchronizer.cpp:60] Synch pass 94 done. Took 153.612 seconds
W0312 05:02:08.689937 43993 Training_Execution_Strategy.cpp:76] Iteration 23 done. Took 13.774 mins
W0312 05:02:09.529381 43993 Unigram_Model_Trainer.cpp:522] Restarting IO
W0312 05:04:19.873733 44867 Synchronizer.cpp:60] Synch pass 95 done. Took 167.886 seconds
W0312 05:06:56.921001 44867 Synchronizer.cpp:60] Synch pass 96 done. Took 157.047 seconds
W0312 05:09:31.278234 44867 Synchronizer.cpp:60] Synch pass 97 done. Took 154.357 seconds
W0312 05:12:02.269088 44867 Synchronizer.cpp:60] Synch pass 98 done. Took 150.99 seconds
W0312 05:14:29.498646 44867 Synchronizer.cpp:60] Synch pass 99 done. Took 147.229 seconds
W0312 05:15:09.196789 43993 Training_Execution_Strategy.cpp:76] Iteration 24 done. Took 12.9877 mins
W0312 05:15:10.070574 43993 Unigram_Model_Trainer.cpp:522] Restarting IO
W0312 05:17:04.581543 44867 Synchronizer.cpp:60] Synch pass 100 done. Took 155.083 seconds
W0312 05:19:28.444461 44867 Synchronizer.cpp:60] Synch pass 101 done. Took 143.863 seconds
W0312 05:21:51.721930 44867 Synchronizer.cpp:60] Synch pass 102 done. Took 143.277 seconds
W0312 05:24:11.501687 44867 Synchronizer.cpp:60] Synch pass 103 done. Took 139.779 seconds
W0312 05:26:26.603812 44867 Synchronizer.cpp:60] Synch pass 104 done. Took 135.102 seconds
W0312 05:27:33.938088 43993 Training_Execution_Strategy.cpp:76] Iteration 25 done. Took 12.39 mins
W0312 05:28:01.056993 43993 Unigram_Model.cpp:109] Average num of topics assigned per word = 100.93
W0312 05:28:01.057159 43993 Training_Execution_Strategy.cpp:81] >>>>>>>>>> Log-Likelihood (model, doc, total): -1.6971e+11 , -5.32313e+09 , -1.75033e+11
W0312 05:28:02.075464 43993 Unigram_Model_Trainer.cpp:522] Restarting IO
W0312 05:28:57.783058 44867 Synchronizer.cpp:60] Synch pass 105 done. Took 151.179 seconds
W0312 05:31:17.573390 44867 Synchronizer.cpp:60] Synch pass 106 done. Took 139.79 seconds
W0312 05:33:37.154925 44867 Synchronizer.cpp:60] Synch pass 107 done. Took 139.581 seconds
W0312 05:35:49.911161 44867 Synchronizer.cpp:60] Synch pass 108 done. Took 132.756 seconds
W0312 05:38:10.198115 44867 Synchronizer.cpp:60] Synch pass 109 done. Took 140.287 seconds
W0312 05:39:43.305667 43993 Training_Execution_Strategy.cpp:76] Iteration 26 done. Took 11.6793 mins
W0312 05:39:44.205463 43993 Unigram_Model_Trainer.cpp:522] Restarting IO
W0312 05:40:38.020149 44867 Synchronizer.cpp:60] Synch pass 110 done. Took 147.822 seconds
W0312 05:42:54.540885 44867 Synchronizer.cpp:60] Synch pass 111 done. Took 136.52 seconds
W0312 05:45:11.592114 44867 Synchronizer.cpp:60] Synch pass 112 done. Took 137.051 seconds
W0312 05:47:27.332023 44867 Synchronizer.cpp:60] Synch pass 113 done. Took 135.739 seconds
W0312 05:49:45.288389 44867 Synchronizer.cpp:60] Synch pass 114 done. Took 137.956 seconds
W0312 05:50:55.395099 43993 Training_Execution_Strategy.cpp:76] Iteration 27 done. Took 11.1783 mins
W0312 05:50:56.279976 43993 Unigram_Model_Trainer.cpp:522] Restarting IO
W0312 05:52:06.933727 44867 Synchronizer.cpp:60] Synch pass 115 done. Took 141.645 seconds
W0312 05:54:19.630851 44867 Synchronizer.cpp:60] Synch pass 116 done. Took 132.697 seconds
W0312 05:56:25.522208 44867 Synchronizer.cpp:60] Synch pass 117 done. Took 125.891 seconds
W0312 05:58:32.365196 44867 Synchronizer.cpp:60] Synch pass 118 done. Took 126.842 seconds
W0312 06:00:43.619942 44867 Synchronizer.cpp:60] Synch pass 119 done. Took 131.254 seconds
W0312 06:01:40.397727 43993 Training_Execution_Strategy.cpp:76] Iteration 28 done. Took 10.7278 mins
W0312 06:01:41.292101 43993 Unigram_Model_Trainer.cpp:522] Restarting IO
W0312 06:03:05.312950 44867 Synchronizer.cpp:60] Synch pass 120 done. Took 141.693 seconds
W0312 06:05:18.882002 44867 Synchronizer.cpp:60] Synch pass 121 done. Took 133.569 seconds
W0312 06:07:33.656316 44867 Synchronizer.cpp:60] Synch pass 122 done. Took 134.774 seconds
W0312 06:09:45.479358 44867 Synchronizer.cpp:60] Synch pass 123 done. Took 131.822 seconds
W0312 06:11:51.707787 44867 Synchronizer.cpp:60] Synch pass 124 done. Took 126.228 seconds
W0312 06:12:01.531148 43993 Training_Execution_Strategy.cpp:76] Iteration 29 done. Took 10.3298 mins
W0312 06:12:02.399382 43993 Unigram_Model_Trainer.cpp:522] Restarting IO
W0312 06:14:10.639834 44867 Synchronizer.cpp:60] Synch pass 125 done. Took 138.932 seconds
W0312 06:16:21.965826 44867 Synchronizer.cpp:60] Synch pass 126 done. Took 131.326 seconds
W0312 06:18:34.663946 44867 Synchronizer.cpp:60] Synch pass 127 done. Took 132.698 seconds
W0312 06:20:46.193557 44867 Synchronizer.cpp:60] Synch pass 128 done. Took 131.529 seconds
W0312 06:22:03.211835 43993 Training_Execution_Strategy.cpp:76] Iteration 30 done. Took 10.0068 mins
W0312 06:22:04.080044 43993 Unigram_Model_Trainer.cpp:522] Restarting IO
W0312 06:22:04.561594 43993 Training_Execution_Strategy.cpp:92] >>>>>>>>>>> Save model at iteration: 30
W0312 06:22:39.438746 43993 Unigram_Model.cpp:109] Average num of topics assigned per word = 84.2288
W0312 06:23:04.817409 44867 Synchronizer.cpp:60] Synch pass 129 done. Took 138.624 seconds
W0312 06:25:14.495823 44867 Synchronizer.cpp:60] Synch pass 130 done. Took 129.678 seconds
W0312 06:27:21.794265 44867 Synchronizer.cpp:60] Synch pass 131 done. Took 127.298 seconds
W0312 06:29:27.626152 44867 Synchronizer.cpp:60] Synch pass 132 done. Took 125.831 seconds
W0312 06:31:25.259510 44867 Synchronizer.cpp:60] Synch pass 133 done. Took 117.633 seconds
W0312 06:32:22.465728 43993 Training_Execution_Strategy.cpp:76] Iteration 31 done. Took 9.71709 mins
W0312 06:32:23.321444 43993 Unigram_Model_Trainer.cpp:522] Restarting IO
W0312 06:33:37.779974 44867 Synchronizer.cpp:60] Synch pass 134 done. Took 132.52 seconds
W0312 06:35:46.298436 44867 Synchronizer.cpp:60] Synch pass 135 done. Took 128.518 seconds
W0312 06:37:52.913993 44867 Synchronizer.cpp:60] Synch pass 136 done. Took 126.615 seconds
W0312 06:39:53.579558 44867 Synchronizer.cpp:60] Synch pass 137 done. Took 120.665 seconds
W0312 06:41:49.966949 44867 Synchronizer.cpp:60] Synch pass 138 done. Took 116.387 seconds
W0312 06:41:54.238719 43993 Training_Execution_Strategy.cpp:76] Iteration 32 done. Took 9.50808 mins
W0312 06:41:55.122882 43993 Unigram_Model_Trainer.cpp:522] Restarting IO
W0312 06:44:00.884277 44867 Synchronizer.cpp:60] Synch pass 139 done. Took 130.917 seconds
W0312 06:46:06.239600 44867 Synchronizer.cpp:60] Synch pass 140 done. Took 125.355 seconds
W0312 06:48:12.050117 44867 Synchronizer.cpp:60] Synch pass 141 done. Took 125.81 seconds
W0312 06:50:18.603261 44867 Synchronizer.cpp:60] Synch pass 142 done. Took 126.551 seconds
W0312 06:51:14.977820 43993 Training_Execution_Strategy.cpp:76] Iteration 33 done. Took 9.32372 mins
W0312 06:51:15.863430 43993 Unigram_Model_Trainer.cpp:522] Restarting IO
W0312 06:52:32.403888 44867 Synchronizer.cpp:60] Synch pass 143 done. Took 133.8 seconds
W0312 06:54:27.100692 44867 Synchronizer.cpp:60] Synch pass 144 done. Took 114.696 seconds
W0312 06:56:22.195843 44867 Synchronizer.cpp:60] Synch pass 145 done. Took 115.095 seconds
W0312 06:58:16.148460 44867 Synchronizer.cpp:60] Synch pass 146 done. Took 113.952 seconds
W0312 07:00:10.364939 44867 Synchronizer.cpp:60] Synch pass 147 done. Took 114.216 seconds
W0312 07:00:25.236141 43993 Training_Execution_Strategy.cpp:76] Iteration 34 done. Took 9.14875 mins
W0312 07:00:26.099067 43993 Unigram_Model_Trainer.cpp:522] Restarting IO
W0312 07:02:24.180225 44867 Synchronizer.cpp:60] Synch pass 148 done. Took 133.815 seconds
W0312 07:04:18.766172 44867 Synchronizer.cpp:60] Synch pass 149 done. Took 114.586 seconds
W0312 07:06:13.536566 44867 Synchronizer.cpp:60] Synch pass 150 done. Took 114.77 seconds
W0312 07:08:18.338394 44867 Synchronizer.cpp:60] Synch pass 151 done. Took 124.802 seconds
W0312 07:09:27.349472 43993 Training_Execution_Strategy.cpp:76] Iteration 35 done. Took 9.01341 mins
W0312 07:09:28.232707 43993 Unigram_Model_Trainer.cpp:522] Restarting IO
W0312 07:10:31.341251 44867 Synchronizer.cpp:60] Synch pass 152 done. Took 133.002 seconds
W0312 07:12:35.885584 44867 Synchronizer.cpp:60] Synch pass 153 done. Took 124.544 seconds
W0312 07:14:40.084992 44867 Synchronizer.cpp:60] Synch pass 154 done. Took 124.199 seconds
W0312 07:16:43.304476 44867 Synchronizer.cpp:60] Synch pass 155 done. Took 123.219 seconds
W0312 07:18:21.013684 43993 Training_Execution_Strategy.cpp:76] Iteration 36 done. Took 8.87276 mins
W0312 07:18:21.939215 43993 Unigram_Model_Trainer.cpp:522] Restarting IO
W0312 07:18:50.649809 44867 Synchronizer.cpp:60] Synch pass 156 done. Took 127.345 seconds
W0312 07:20:52.803282 44867 Synchronizer.cpp:60] Synch pass 157 done. Took 122.153 seconds
W0312 07:22:55.072674 44867 Synchronizer.cpp:60] Synch pass 158 done. Took 122.268 seconds
W0312 07:24:56.944196 44867 Synchronizer.cpp:60] Synch pass 159 done. Took 121.871 seconds
W0312 07:26:57.928875 44867 Synchronizer.cpp:60] Synch pass 160 done. Took 120.984 seconds
W0312 07:27:08.365078 43993 Training_Execution_Strategy.cpp:76] Iteration 37 done. Took 8.76548 mins
W0312 07:27:09.245105 43993 Unigram_Model_Trainer.cpp:522] Restarting IO
W0312 07:29:07.525693 44867 Synchronizer.cpp:60] Synch pass 161 done. Took 129.596 seconds
W0312 07:30:59.441210 44867 Synchronizer.cpp:60] Synch pass 162 done. Took 111.915 seconds
W0312 07:32:58.447222 44867 Synchronizer.cpp:60] Synch pass 163 done. Took 119.006 seconds
W0312 07:34:59.923750 44867 Synchronizer.cpp:60] Synch pass 164 done. Took 121.476 seconds
W0312 07:35:49.473899 43993 Training_Execution_Strategy.cpp:76] Iteration 38 done. Took 8.66377 mins
W0312 07:35:50.373045 43993 Unigram_Model_Trainer.cpp:522] Restarting IO
W0312 07:37:11.983117 44867 Synchronizer.cpp:60] Synch pass 165 done. Took 132.059 seconds
W0312 07:39:12.587447 44867 Synchronizer.cpp:60] Synch pass 166 done. Took 120.602 seconds
W0312 07:41:03.660652 44867 Synchronizer.cpp:60] Synch pass 167 done. Took 111.073 seconds
W0312 07:42:55.662158 44867 Synchronizer.cpp:60] Synch pass 168 done. Took 112.001 seconds
W0312 07:44:24.619348 43993 Training_Execution_Strategy.cpp:76] Iteration 39 done. Took 8.56323 mins
W0312 07:44:25.478765 43993 Unigram_Model_Trainer.cpp:522] Restarting IO
W0312 07:45:01.143206 44867 Synchronizer.cpp:60] Synch pass 169 done. Took 125.474 seconds
W0312 07:46:59.317620 44867 Synchronizer.cpp:60] Synch pass 170 done. Took 118.174 seconds
W0312 07:48:51.341487 44867 Synchronizer.cpp:60] Synch pass 171 done. Took 112.024 seconds
W0312 07:50:51.572507 44867 Synchronizer.cpp:60] Synch pass 172 done. Took 120.231 seconds
W0312 07:52:52.440417 44867 Synchronizer.cpp:60] Synch pass 173 done. Took 120.868 seconds
W0312 07:52:54.230465 43993 Training_Execution_Strategy.cpp:76] Iteration 40 done. Took 8.47202 mins
W0312 07:52:55.106856 43993 Unigram_Model_Trainer.cpp:522] Restarting IO
W0312 07:52:55.528273 43993 Training_Execution_Strategy.cpp:92] >>>>>>>>>>> Save model at iteration: 40
W0312 07:53:25.547195 43993 Unigram_Model.cpp:109] Average num of topics assigned per word = 68.8373
W0312 07:55:03.757818 44867 Synchronizer.cpp:60] Synch pass 174 done. Took 131.317 seconds
W0312 07:56:52.472173 44867 Synchronizer.cpp:60] Synch pass 175 done. Took 108.714 seconds
W0312 07:58:41.624053 44867 Synchronizer.cpp:60] Synch pass 176 done. Took 109.151 seconds
W0312 08:00:30.580464 44867 Synchronizer.cpp:60] Synch pass 177 done. Took 108.956 seconds
W0312 08:01:48.112095 43993 Training_Execution_Strategy.cpp:76] Iteration 41 done. Took 8.37606 mins
W0312 08:01:48.978960 43993 Unigram_Model_Trainer.cpp:522] Restarting IO
W0312 08:02:29.413928 44867 Synchronizer.cpp:60] Synch pass 178 done. Took 118.833 seconds
W0312 08:04:27.552384 44867 Synchronizer.cpp:60] Synch pass 179 done. Took 118.138 seconds
W0312 08:06:16.722095 44867 Synchronizer.cpp:60] Synch pass 180 done. Took 109.169 seconds
W0312 08:08:04.788342 44867 Synchronizer.cpp:60] Synch pass 181 done. Took 108.066 seconds
W0312 08:09:57.376255 44867 Synchronizer.cpp:60] Synch pass 182 done. Took 112.588 seconds
W0312 08:10:07.057636 43993 Training_Execution_Strategy.cpp:76] Iteration 42 done. Took 8.29364 mins
W0312 08:10:07.941229 43993 Unigram_Model_Trainer.cpp:522] Restarting IO
W0312 08:12:08.314738 44867 Synchronizer.cpp:60] Synch pass 183 done. Took 130.938 seconds
W0312 08:14:07.650773 44867 Synchronizer.cpp:60] Synch pass 184 done. Took 119.336 seconds
W0312 08:16:05.400317 44867 Synchronizer.cpp:60] Synch pass 185 done. Took 117.749 seconds
W0312 08:18:03.903607 44867 Synchronizer.cpp:60] Synch pass 186 done. Took 118.503 seconds
W0312 08:18:22.232836 43993 Training_Execution_Strategy.cpp:76] Iteration 43 done. Took 8.23101 mins
W0312 08:18:23.112880 43993 Unigram_Model_Trainer.cpp:522] Restarting IO
W0312 08:20:13.276825 44867 Synchronizer.cpp:60] Synch pass 187 done. Took 129.373 seconds
W0312 08:22:04.653285 44867 Synchronizer.cpp:60] Synch pass 188 done. Took 111.376 seconds
W0312 08:23:53.937618 44867 Synchronizer.cpp:60] Synch pass 189 done. Took 109.284 seconds
W0312 08:25:43.996388 44867 Synchronizer.cpp:60] Synch pass 190 done. Took 110.058 seconds
W0312 08:26:32.002526 43993 Training_Execution_Strategy.cpp:76] Iteration 44 done. Took 8.14081 mins
W0312 08:26:32.905299 43993 Unigram_Model_Trainer.cpp:522] Restarting IO
W0312 08:27:53.563392 44867 Synchronizer.cpp:60] Synch pass 191 done. Took 129.567 seconds
W0312 08:29:56.183231 44867 Synchronizer.cpp:60] Synch pass 192 done. Took 122.619 seconds
W0312 08:31:49.782361 44867 Synchronizer.cpp:60] Synch pass 193 done. Took 113.599 seconds
W0312 08:33:41.582883 44867 Synchronizer.cpp:60] Synch pass 194 done. Took 111.8 seconds
W0312 08:34:38.239449 43993 Training_Execution_Strategy.cpp:76] Iteration 45 done. Took 8.08148 mins
W0312 08:34:39.131726 43993 Unigram_Model_Trainer.cpp:522] Restarting IO
W0312 08:35:47.506009 44867 Synchronizer.cpp:60] Synch pass 195 done. Took 125.922 seconds
W0312 08:37:47.964586 44867 Synchronizer.cpp:60] Synch pass 196 done. Took 120.458 seconds
W0312 08:39:46.229923 44867 Synchronizer.cpp:60] Synch pass 197 done. Took 118.265 seconds
W0312 08:41:39.364442 44867 Synchronizer.cpp:60] Synch pass 198 done. Took 113.134 seconds
W0312 08:42:41.223472 43993 Training_Execution_Strategy.cpp:76] Iteration 46 done. Took 8.02781 mins
W0312 08:42:42.123122 43993 Unigram_Model_Trainer.cpp:522] Restarting IO
W0312 08:43:48.603191 44867 Synchronizer.cpp:60] Synch pass 199 done. Took 129.238 seconds
W0312 08:45:49.687911 44867 Synchronizer.cpp:60] Synch pass 200 done. Took 121.084 seconds
W0312 08:47:47.600630 44867 Synchronizer.cpp:60] Synch pass 201 done. Took 117.912 seconds
W0312 08:49:46.346139 44867 Synchronizer.cpp:60] Synch pass 202 done. Took 118.745 seconds
W0312 08:50:41.536877 43993 Training_Execution_Strategy.cpp:76] Iteration 47 done. Took 7.98246 mins
W0312 08:50:42.451272 43993 Unigram_Model_Trainer.cpp:522] Restarting IO
W0312 08:51:57.160578 44867 Synchronizer.cpp:60] Synch pass 203 done. Took 130.814 seconds
W0312 08:53:56.761482 44867 Synchronizer.cpp:60] Synch pass 204 done. Took 119.601 seconds
W0312 08:55:51.163081 44867 Synchronizer.cpp:60] Synch pass 205 done. Took 114.401 seconds
W0312 08:57:41.309350 44867 Synchronizer.cpp:60] Synch pass 206 done. Took 110.146 seconds
W0312 08:58:37.806763 43993 Training_Execution_Strategy.cpp:76] Iteration 48 done. Took 7.91512 mins
W0312 08:58:38.740619 43993 Unigram_Model_Trainer.cpp:522] Restarting IO
W0312 08:59:47.474889 44867 Synchronizer.cpp:60] Synch pass 207 done. Took 126.165 seconds
W0312 09:01:41.004001 44867 Synchronizer.cpp:60] Synch pass 208 done. Took 113.529 seconds
W0312 09:03:31.934276 44867 Synchronizer.cpp:60] Synch pass 209 done. Took 110.93 seconds
W0312 09:05:22.303762 44867 Synchronizer.cpp:60] Synch pass 210 done. Took 110.369 seconds
W0312 09:06:30.654633 43993 Training_Execution_Strategy.cpp:76] Iteration 49 done. Took 7.85726 mins
W0312 09:06:31.562094 43993 Unigram_Model_Trainer.cpp:522] Restarting IO
W0312 09:07:23.766513 44867 Synchronizer.cpp:60] Synch pass 211 done. Took 121.462 seconds
W0312 09:09:14.237231 44867 Synchronizer.cpp:60] Synch pass 212 done. Took 110.47 seconds
W0312 09:11:08.653506 44867 Synchronizer.cpp:60] Synch pass 213 done. Took 114.416 seconds
W0312 09:13:03.344954 44867 Synchronizer.cpp:60] Synch pass 214 done. Took 114.691 seconds
W0312 09:14:23.654100 43993 Training_Execution_Strategy.cpp:76] Iteration 50 done. Took 7.86024 mins
W0312 09:14:46.597301 43993 Unigram_Model.cpp:109] Average num of topics assigned per word = 62.1715
W0312 09:14:46.597487 43993 Training_Execution_Strategy.cpp:81] >>>>>>>>>> Log-Likelihood (model, doc, total): -1.47157e+11 , -5.45183e+09 , -1.52608e+11
W0312 09:14:47.579972 43993 Unigram_Model_Trainer.cpp:522] Restarting IO
W0312 09:14:48.127974 43993 Training_Execution_Strategy.cpp:92] >>>>>>>>>>> Save model at iteration: 50
W0312 09:14:59.199163 44867 Synchronizer.cpp:60] Synch pass 215 done. Took 115.854 seconds
W0312 09:15:21.538835 43993 Unigram_Model.cpp:109] Average num of topics assigned per word = 62.1239
W0312 09:17:01.379600 44867 Synchronizer.cpp:60] Synch pass 216 done. Took 122.18 seconds
W0312 09:18:51.168007 44867 Synchronizer.cpp:60] Synch pass 217 done. Took 109.788 seconds
W0312 09:20:39.817334 44867 Synchronizer.cpp:60] Synch pass 218 done. Took 108.649 seconds
W0312 09:22:30.663642 44867 Synchronizer.cpp:60] Synch pass 219 done. Took 110.846 seconds
W0312 09:23:06.366014 43993 Training_Execution_Strategy.cpp:76] Iteration 51 done. Took 7.74709 mins
W0312 09:23:07.275285 43993 Unigram_Model_Trainer.cpp:522] Restarting IO
W0312 09:24:33.967063 44867 Synchronizer.cpp:60] Synch pass 220 done. Took 123.303 seconds
W0312 09:26:31.381237 44867 Synchronizer.cpp:60] Synch pass 221 done. Took 117.414 seconds
W0312 09:28:28.646904 44867 Synchronizer.cpp:60] Synch pass 222 done. Took 117.265 seconds
W0312 09:30:25.636695 44867 Synchronizer.cpp:60] Synch pass 223 done. Took 116.989 seconds
W0312 09:30:50.814682 43993 Training_Execution_Strategy.cpp:76] Iteration 52 done. Took 7.71747 mins
W0312 09:30:51.684891 43993 Unigram_Model_Trainer.cpp:522] Restarting IO
W0312 09:32:37.709435 44867 Synchronizer.cpp:60] Synch pass 224 done. Took 132.072 seconds
W0312 09:34:38.085256 44867 Synchronizer.cpp:60] Synch pass 225 done. Took 120.375 seconds
W0312 09:36:37.413096 44867 Synchronizer.cpp:60] Synch pass 226 done. Took 119.328 seconds
W0312 09:38:33.612396 43993 Training_Execution_Strategy.cpp:76] Iteration 53 done. Took 7.69187 mins
W0312 09:38:34.528038 43993 Unigram_Model_Trainer.cpp:522] Restarting IO
W0312 09:38:39.564965 44867 Synchronizer.cpp:60] Synch pass 227 done. Took 122.152 seconds
W0312 09:40:49.549695 44867 Synchronizer.cpp:60] Synch pass 228 done. Took 129.984 seconds
W0312 09:42:49.284968 44867 Synchronizer.cpp:60] Synch pass 229 done. Took 119.731 seconds
W0312 09:44:47.394493 44867 Synchronizer.cpp:60] Synch pass 230 done. Took 118.109 seconds
W0312 09:46:14.075456 43993 Training_Execution_Strategy.cpp:76] Iteration 54 done. Took 7.65135 mins
W0312 09:46:14.953140 43993 Unigram_Model_Trainer.cpp:522] Restarting IO
W0312 09:46:51.783923 44867 Synchronizer.cpp:60] Synch pass 231 done. Took 124.389 seconds
W0312 09:48:57.170156 44867 Synchronizer.cpp:60] Synch pass 232 done. Took 125.386 seconds
W0312 09:50:50.347409 44867 Synchronizer.cpp:60] Synch pass 233 done. Took 113.177 seconds
W0312 09:52:41.281870 44867 Synchronizer.cpp:60] Synch pass 234 done. Took 110.934 seconds
W0312 09:53:52.055469 43993 Training_Execution_Strategy.cpp:76] Iteration 55 done. Took 7.61034 mins
W0312 09:53:52.984127 43993 Unigram_Model_Trainer.cpp:522] Restarting IO
W0312 09:54:41.663398 44867 Synchronizer.cpp:60] Synch pass 235 done. Took 120.381 seconds
W0312 09:56:36.929720 44867 Synchronizer.cpp:60] Synch pass 236 done. Took 115.266 seconds
W0312 09:58:27.178093 44867 Synchronizer.cpp:60] Synch pass 237 done. Took 110.248 seconds
W0312 10:00:17.407874 44867 Synchronizer.cpp:60] Synch pass 238 done. Took 110.229 seconds
W0312 10:01:27.531301 43993 Training_Execution_Strategy.cpp:76] Iteration 56 done. Took 7.56811 mins
W0312 10:01:28.422540 43993 Unigram_Model_Trainer.cpp:522] Restarting IO
W0312 10:02:20.036710 44867 Synchronizer.cpp:60] Synch pass 239 done. Took 122.629 seconds
W0312 10:04:20.502177 44867 Synchronizer.cpp:60] Synch pass 240 done. Took 120.465 seconds
W0312 10:06:12.355532 44867 Synchronizer.cpp:60] Synch pass 241 done. Took 111.853 seconds
W0312 10:08:01.336982 44867 Synchronizer.cpp:60] Synch pass 242 done. Took 108.981 seconds
W0312 10:09:01.020855 43993 Training_Execution_Strategy.cpp:76] Iteration 57 done. Took 7.53596 mins
W0312 10:09:01.942453 43993 Unigram_Model_Trainer.cpp:522] Restarting IO
W0312 10:10:02.595966 44867 Synchronizer.cpp:60] Synch pass 243 done. Took 121.258 seconds
W0312 10:11:54.302242 44867 Synchronizer.cpp:60] Synch pass 244 done. Took 111.706 seconds
W0312 10:13:42.509467 44867 Synchronizer.cpp:60] Synch pass 245 done. Took 108.207 seconds
W0312 10:15:30.741343 44867 Synchronizer.cpp:60] Synch pass 246 done. Took 108.23 seconds
W0312 10:16:32.806375 43993 Training_Execution_Strategy.cpp:76] Iteration 58 done. Took 7.50673 mins
W0312 10:16:33.738766 43993 Unigram_Model_Trainer.cpp:522] Restarting IO
W0312 10:17:32.124486 44867 Synchronizer.cpp:60] Synch pass 247 done. Took 121.383 seconds
W0312 10:19:32.499557 44867 Synchronizer.cpp:60] Synch pass 248 done. Took 120.375 seconds
W0312 10:21:27.958535 44867 Synchronizer.cpp:60] Synch pass 249 done. Took 115.452 seconds
W0312 10:23:22.216212 44867 Synchronizer.cpp:60] Synch pass 250 done. Took 114.257 seconds
W0312 10:24:04.044236 43993 Training_Execution_Strategy.cpp:76] Iteration 59 done. Took 7.49758 mins
W0312 10:24:04.893389 43993 Unigram_Model_Trainer.cpp:522] Restarting IO
W0312 10:25:30.896395 44867 Synchronizer.cpp:60] Synch pass 251 done. Took 128.68 seconds
W0312 10:27:26.899652 44867 Synchronizer.cpp:60] Synch pass 252 done. Took 116.003 seconds
W0312 10:29:22.667392 44867 Synchronizer.cpp:60] Synch pass 253 done. Took 115.767 seconds
W0312 10:31:19.199563 44867 Synchronizer.cpp:60] Synch pass 254 done. Took 116.532 seconds
W0312 10:31:33.129575 43993 Training_Execution_Strategy.cpp:76] Iteration 60 done. Took 7.4631 mins
W0312 10:31:34.021739 43993 Unigram_Model_Trainer.cpp:522] Restarting IO
W0312 10:31:34.457955 43993 Training_Execution_Strategy.cpp:92] >>>>>>>>>>> Save model at iteration: 60
W0312 10:32:03.147796 43993 Unigram_Model.cpp:109] Average num of topics assigned per word = 58.501
W0312 10:33:30.318974 44867 Synchronizer.cpp:60] Synch pass 255 done. Took 131.119 seconds
W0312 10:35:24.232151 44867 Synchronizer.cpp:60] Synch pass 256 done. Took 113.913 seconds
W0312 10:37:17.547547 44867 Synchronizer.cpp:60] Synch pass 257 done. Took 113.315 seconds
W0312 10:39:14.131796 44867 Synchronizer.cpp:60] Synch pass 258 done. Took 116.584 seconds
W0312 10:39:28.642529 43993 Training_Execution_Strategy.cpp:76] Iteration 61 done. Took 7.42489 mins
W0312 10:39:29.556887 43993 Unigram_Model_Trainer.cpp:522] Restarting IO
W0312 10:41:24.010097 44867 Synchronizer.cpp:60] Synch pass 259 done. Took 129.878 seconds
W0312 10:43:19.651974 44867 Synchronizer.cpp:60] Synch pass 260 done. Took 115.641 seconds
W0312 10:45:13.559602 44867 Synchronizer.cpp:60] Synch pass 261 done. Took 113.907 seconds
W0312 10:46:55.221451 43993 Training_Execution_Strategy.cpp:76] Iteration 62 done. Took 7.42038 mins
W0312 10:46:56.109069 43993 Unigram_Model_Trainer.cpp:522] Restarting IO
W0312 10:47:11.771694 44867 Synchronizer.cpp:60] Synch pass 262 done. Took 118.212 seconds
W0312 10:49:18.912469 44867 Synchronizer.cpp:60] Synch pass 263 done. Took 127.141 seconds
W0312 10:51:15.019314 44867 Synchronizer.cpp:60] Synch pass 264 done. Took 116.106 seconds
W0312 10:53:10.750039 44867 Synchronizer.cpp:60] Synch pass 265 done. Took 115.73 seconds
W0312 10:54:19.466353 43993 Training_Execution_Strategy.cpp:76] Iteration 63 done. Took 7.38204 mins
W0312 10:54:20.380245 43993 Unigram_Model_Trainer.cpp:522] Restarting IO
W0312 10:55:16.973006 44867 Synchronizer.cpp:60] Synch pass 266 done. Took 126.223 seconds
W0312 10:57:16.957563 44867 Synchronizer.cpp:60] Synch pass 267 done. Took 119.984 seconds
W0312 10:59:12.448678 44867 Synchronizer.cpp:60] Synch pass 268 done. Took 115.485 seconds
W0312 11:01:07.713342 44867 Synchronizer.cpp:60] Synch pass 269 done. Took 115.264 seconds
W0312 11:01:42.829959 43993 Training_Execution_Strategy.cpp:76] Iteration 64 done. Took 7.36643 mins
W0312 11:01:43.752768 43993 Unigram_Model_Trainer.cpp:522] Restarting IO
W0312 11:03:13.364593 44867 Synchronizer.cpp:60] Synch pass 270 done. Took 125.651 seconds
W0312 11:04:58.882437 44867 Synchronizer.cpp:60] Synch pass 271 done. Took 105.518 seconds
W0312 11:06:44.800731 44867 Synchronizer.cpp:60] Synch pass 272 done. Took 105.918 seconds
W0312 11:08:33.752138 44867 Synchronizer.cpp:60] Synch pass 273 done. Took 108.951 seconds
W0312 11:09:04.370275 43993 Training_Execution_Strategy.cpp:76] Iteration 65 done. Took 7.33589 mins
W0312 11:09:05.281713 43993 Unigram_Model_Trainer.cpp:522] Restarting IO
W0312 11:10:36.671658 44867 Synchronizer.cpp:60] Synch pass 274 done. Took 122.919 seconds
W0312 11:12:23.831856 44867 Synchronizer.cpp:60] Synch pass 275 done. Took 107.16 seconds
W0312 11:14:08.033871 44867 Synchronizer.cpp:60] Synch pass 276 done. Took 104.202 seconds
W0312 11:15:55.281702 44867 Synchronizer.cpp:60] Synch pass 277 done. Took 107.247 seconds
W0312 11:16:24.244027 43993 Training_Execution_Strategy.cpp:76] Iteration 66 done. Took 7.30874 mins
W0312 11:16:25.161512 43993 Unigram_Model_Trainer.cpp:522] Restarting IO
W0312 11:18:01.243222 44867 Synchronizer.cpp:60] Synch pass 278 done. Took 125.961 seconds
W0312 11:19:49.616386 44867 Synchronizer.cpp:60] Synch pass 279 done. Took 108.373 seconds
W0312 11:21:37.416188 44867 Synchronizer.cpp:60] Synch pass 280 done. Took 107.8 seconds
W0312 11:23:26.390136 44867 Synchronizer.cpp:60] Synch pass 281 done. Took 108.973 seconds
W0312 11:23:42.710541 43993 Training_Execution_Strategy.cpp:76] Iteration 67 done. Took 7.28527 mins
W0312 11:23:43.604379 43993 Unigram_Model_Trainer.cpp:522] Restarting IO
W0312 11:25:34.319934 44867 Synchronizer.cpp:60] Synch pass 282 done. Took 127.929 seconds
W0312 11:27:29.459993 44867 Synchronizer.cpp:60] Synch pass 283 done. Took 115.14 seconds
W0312 11:29:23.904311 44867 Synchronizer.cpp:60] Synch pass 284 done. Took 114.444 seconds
W0312 11:31:01.309206 43993 Training_Execution_Strategy.cpp:76] Iteration 68 done. Took 7.28742 mins
W0312 11:31:02.229074 43993 Unigram_Model_Trainer.cpp:522] Restarting IO
W0312 11:31:24.468382 44867 Synchronizer.cpp:60] Synch pass 285 done. Took 120.564 seconds
W0312 11:33:29.716084 44867 Synchronizer.cpp:60] Synch pass 286 done. Took 125.243 seconds
W0312 11:35:19.589715 44867 Synchronizer.cpp:60] Synch pass 287 done. Took 109.873 seconds
W0312 11:37:06.727274 44867 Synchronizer.cpp:60] Synch pass 288 done. Took 107.137 seconds
W0312 11:38:18.183830 43993 Training_Execution_Strategy.cpp:76] Iteration 69 done. Took 7.25851 mins
W0312 11:38:19.109839 43993 Unigram_Model_Trainer.cpp:522] Restarting IO
W0312 11:39:04.704888 44867 Synchronizer.cpp:60] Synch pass 289 done. Took 117.977 seconds
W0312 11:41:06.661552 44867 Synchronizer.cpp:60] Synch pass 290 done. Took 121.956 seconds
W0312 11:42:54.739421 44867 Synchronizer.cpp:60] Synch pass 291 done. Took 108.078 seconds
W0312 11:44:40.426247 44867 Synchronizer.cpp:60] Synch pass 292 done. Took 105.686 seconds
W0312 11:45:34.249091 43993 Training_Execution_Strategy.cpp:76] Iteration 70 done. Took 7.24442 mins
W0312 11:45:35.113327 43993 Unigram_Model_Trainer.cpp:522] Restarting IO
W0312 11:45:35.550703 43993 Training_Execution_Strategy.cpp:92] >>>>>>>>>>> Save model at iteration: 70
W0312 11:46:03.358321 43993 Unigram_Model.cpp:109] Average num of topics assigned per word = 56.1791
W0312 11:46:39.756449 44867 Synchronizer.cpp:60] Synch pass 293 done. Took 119.33 seconds
W0312 11:48:39.110031 44867 Synchronizer.cpp:60] Synch pass 294 done. Took 119.353 seconds
W0312 11:50:34.923756 44867 Synchronizer.cpp:60] Synch pass 295 done. Took 115.813 seconds
W0312 11:52:24.090260 44867 Synchronizer.cpp:60] Synch pass 296 done. Took 109.166 seconds
W0312 11:53:15.817734 43993 Training_Execution_Strategy.cpp:76] Iteration 71 done. Took 7.20764 mins
W0312 11:53:16.736632 43993 Unigram_Model_Trainer.cpp:522] Restarting IO
W0312 11:54:27.294653 44867 Synchronizer.cpp:60] Synch pass 297 done. Took 123.204 seconds
W0312 11:56:23.840826 44867 Synchronizer.cpp:60] Synch pass 298 done. Took 116.546 seconds
W0312 11:58:19.619037 44867 Synchronizer.cpp:60] Synch pass 299 done. Took 115.778 seconds
W0312 12:00:16.314512 44867 Synchronizer.cpp:60] Synch pass 300 done. Took 116.695 seconds
W0312 12:00:29.732197 43993 Training_Execution_Strategy.cpp:76] Iteration 72 done. Took 7.20868 mins
W0312 12:00:30.632668 43993 Unigram_Model_Trainer.cpp:522] Restarting IO
W0312 12:02:27.460100 44867 Synchronizer.cpp:60] Synch pass 301 done. Took 131.145 seconds
W0312 12:04:22.747720 44867 Synchronizer.cpp:60] Synch pass 302 done. Took 115.287 seconds
W0312 12:06:18.872102 44867 Synchronizer.cpp:60] Synch pass 303 done. Took 116.124 seconds
W0312 12:07:42.957949 43993 Training_Execution_Strategy.cpp:76] Iteration 73 done. Took 7.19837 mins
W0312 12:07:43.883956 43993 Unigram_Model_Trainer.cpp:522] Restarting IO
W0312 12:08:22.426776 44867 Synchronizer.cpp:60] Synch pass 304 done. Took 123.554 seconds
W0312 12:10:18.301071 44867 Synchronizer.cpp:60] Synch pass 305 done. Took 115.874 seconds
W0312 12:12:06.392889 44867 Synchronizer.cpp:60] Synch pass 306 done. Took 108.084 seconds
W0312 12:13:51.494652 44867 Synchronizer.cpp:60] Synch pass 307 done. Took 105.1 seconds
W0312 12:14:54.802352 43993 Training_Execution_Strategy.cpp:76] Iteration 74 done. Took 7.17411 mins
W0312 12:14:55.735115 43993 Unigram_Model_Trainer.cpp:522] Restarting IO
W0312 12:15:50.852048 44867 Synchronizer.cpp:60] Synch pass 308 done. Took 119.357 seconds
W0312 12:17:46.936535 44867 Synchronizer.cpp:60] Synch pass 309 done. Took 116.084 seconds
W0312 12:19:39.145056 44867 Synchronizer.cpp:60] Synch pass 310 done. Took 112.208 seconds
W0312 12:21:31.647588 44867 Synchronizer.cpp:60] Synch pass 311 done. Took 112.502 seconds
W0312 12:22:08.630870 43993 Training_Execution_Strategy.cpp:76] Iteration 75 done. Took 7.2074 mins
W0312 12:22:30.991225 43993 Unigram_Model.cpp:109] Average num of topics assigned per word = 55.2788
W0312 12:22:30.991403 43993 Training_Execution_Strategy.cpp:81] >>>>>>>>>> Log-Likelihood (model, doc, total): -1.40849e+11 , -5.48634e+09 , -1.46336e+11
W0312 12:22:32.008713 43993 Unigram_Model_Trainer.cpp:522] Restarting IO
W0312 12:23:36.274377 44867 Synchronizer.cpp:60] Synch pass 312 done. Took 124.626 seconds
W0312 12:25:35.351243 44867 Synchronizer.cpp:60] Synch pass 313 done. Took 119.076 seconds
W0312 12:27:30.137527 44867 Synchronizer.cpp:60] Synch pass 314 done. Took 114.786 seconds
W0312 12:29:24.146145 44867 Synchronizer.cpp:60] Synch pass 315 done. Took 114.008 seconds
W0312 12:29:41.394001 43993 Training_Execution_Strategy.cpp:76] Iteration 76 done. Took 7.14846 mins
W0312 12:29:42.245245 43993 Unigram_Model_Trainer.cpp:522] Restarting IO
W0312 12:31:34.578124 44867 Synchronizer.cpp:60] Synch pass 316 done. Took 130.432 seconds
W0312 12:33:32.865873 44867 Synchronizer.cpp:60] Synch pass 317 done. Took 118.287 seconds
W0312 12:35:29.351830 44867 Synchronizer.cpp:60] Synch pass 318 done. Took 116.486 seconds
W0312 12:36:50.996196 43993 Training_Execution_Strategy.cpp:76] Iteration 77 done. Took 7.13845 mins
W0312 12:36:51.917181 43993 Unigram_Model_Trainer.cpp:522] Restarting IO
W0312 12:37:34.280691 44867 Synchronizer.cpp:60] Synch pass 319 done. Took 124.928 seconds
W0312 12:39:30.491331 44867 Synchronizer.cpp:60] Synch pass 320 done. Took 116.21 seconds
W0312 12:41:17.964556 44867 Synchronizer.cpp:60] Synch pass 321 done. Took 107.472 seconds
W0312 12:43:04.461961 44867 Synchronizer.cpp:60] Synch pass 322 done. Took 106.497 seconds
W0312 12:43:59.049460 43993 Training_Execution_Strategy.cpp:76] Iteration 78 done. Took 7.11121 mins
W0312 12:43:59.980693 43993 Unigram_Model_Trainer.cpp:522] Restarting IO
W0312 12:45:07.654197 44867 Synchronizer.cpp:60] Synch pass 323 done. Took 123.192 seconds
W0312 12:47:00.099751 44867 Synchronizer.cpp:60] Synch pass 324 done. Took 112.445 seconds
W0312 12:48:47.601776 44867 Synchronizer.cpp:60] Synch pass 325 done. Took 107.502 seconds
W0312 12:50:35.767529 44867 Synchronizer.cpp:60] Synch pass 326 done. Took 108.165 seconds
W0312 12:51:06.728577 43993 Training_Execution_Strategy.cpp:76] Iteration 79 done. Took 7.10492 mins
W0312 12:51:07.551831 43993 Unigram_Model_Trainer.cpp:522] Restarting IO
W0312 12:52:43.047883 44867 Synchronizer.cpp:60] Synch pass 327 done. Took 127.28 seconds
W0312 12:54:38.313052 44867 Synchronizer.cpp:60] Synch pass 328 done. Took 115.265 seconds
W0312 12:56:33.176625 44867 Synchronizer.cpp:60] Synch pass 329 done. Took 114.863 seconds
W0312 12:58:13.798305 43993 Training_Execution_Strategy.cpp:76] Iteration 80 done. Took 7.09663 mins
W0312 12:58:14.718739 43993 Unigram_Model_Trainer.cpp:522] Restarting IO
W0312 12:58:15.186373 43993 Training_Execution_Strategy.cpp:92] >>>>>>>>>>> Save model at iteration: 80
W0312 12:58:32.088670 44867 Synchronizer.cpp:60] Synch pass 330 done. Took 118.912 seconds
W0312 12:58:43.181934 43993 Unigram_Model.cpp:109] Average num of topics assigned per word = 54.5195
W0312 13:00:39.976120 44867 Synchronizer.cpp:60] Synch pass 331 done. Took 127.887 seconds
W0312 13:02:38.214318 44867 Synchronizer.cpp:60] Synch pass 332 done. Took 118.238 seconds
W0312 13:04:33.650002 44867 Synchronizer.cpp:60] Synch pass 333 done. Took 115.435 seconds
W0312 13:05:46.991750 43993 Training_Execution_Strategy.cpp:76] Iteration 81 done. Took 7.06348 mins
W0312 13:05:47.934082 43993 Unigram_Model_Trainer.cpp:522] Restarting IO
W0312 13:06:40.025554 44867 Synchronizer.cpp:60] Synch pass 334 done. Took 126.375 seconds
W0312 13:08:42.912595 44867 Synchronizer.cpp:60] Synch pass 335 done. Took 122.887 seconds
W0312 13:10:37.541246 44867 Synchronizer.cpp:60] Synch pass 336 done. Took 114.628 seconds
W0312 13:12:33.922943 44867 Synchronizer.cpp:60] Synch pass 337 done. Took 116.381 seconds
W0312 13:12:52.753221 43993 Training_Execution_Strategy.cpp:76] Iteration 82 done. Took 7.07271 mins
W0312 13:12:53.646131 43993 Unigram_Model_Trainer.cpp:522] Restarting IO
W0312 13:14:43.280905 44867 Synchronizer.cpp:60] Synch pass 338 done. Took 129.358 seconds
W0312 13:16:39.880301 44867 Synchronizer.cpp:60] Synch pass 339 done. Took 116.599 seconds
W0312 13:18:33.675561 44867 Synchronizer.cpp:60] Synch pass 340 done. Took 113.795 seconds
W0312 13:19:57.469594 43993 Training_Execution_Strategy.cpp:76] Iteration 83 done. Took 7.05649 mins
W0312 13:19:58.386571 43993 Unigram_Model_Trainer.cpp:522] Restarting IO
W0312 13:20:28.642072 44867 Synchronizer.cpp:60] Synch pass 341 done. Took 114.966 seconds
W0312 13:22:32.702255 44867 Synchronizer.cpp:60] Synch pass 342 done. Took 124.06 seconds
W0312 13:24:28.051836 44867 Synchronizer.cpp:60] Synch pass 343 done. Took 115.349 seconds
W0312 13:26:24.438254 44867 Synchronizer.cpp:60] Synch pass 344 done. Took 116.386 seconds
W0312 13:27:02.068555 43993 Training_Execution_Strategy.cpp:76] Iteration 84 done. Took 7.05348 mins
W0312 13:27:02.993052 43993 Unigram_Model_Trainer.cpp:522] Restarting IO
W0312 13:28:34.341692 44867 Synchronizer.cpp:60] Synch pass 345 done. Took 129.903 seconds
W0312 13:30:30.831178 44867 Synchronizer.cpp:60] Synch pass 346 done. Took 116.489 seconds
W0312 13:32:24.387751 44867 Synchronizer.cpp:60] Synch pass 347 done. Took 113.556 seconds
W0312 13:34:05.851306 43993 Training_Execution_Strategy.cpp:76] Iteration 85 done. Took 7.03951 mins
W0312 13:34:06.746599 43993 Unigram_Model_Trainer.cpp:522] Restarting IO
W0312 13:34:23.628720 44867 Synchronizer.cpp:60] Synch pass 348 done. Took 119.241 seconds
W0312 13:36:30.901592 44867 Synchronizer.cpp:60] Synch pass 349 done. Took 127.268 seconds
W0312 13:38:24.030869 44867 Synchronizer.cpp:60] Synch pass 350 done. Took 113.129 seconds
W0312 13:40:11.838975 44867 Synchronizer.cpp:60] Synch pass 351 done. Took 107.808 seconds
W0312 13:41:08.743659 43993 Training_Execution_Strategy.cpp:76] Iteration 86 done. Took 7.02515 mins
W0312 13:41:09.660946 43993 Unigram_Model_Trainer.cpp:522] Restarting IO
W0312 13:42:12.970075 44867 Synchronizer.cpp:60] Synch pass 352 done. Took 121.131 seconds
W0312 13:44:12.296793 44867 Synchronizer.cpp:60] Synch pass 353 done. Took 119.326 seconds
W0312 13:46:06.650724 44867 Synchronizer.cpp:60] Synch pass 354 done. Took 114.354 seconds
W0312 13:48:02.509887 44867 Synchronizer.cpp:60] Synch pass 355 done. Took 115.859 seconds
W0312 13:48:11.700109 43993 Training_Execution_Strategy.cpp:76] Iteration 87 done. Took 7.02656 mins
W0312 13:48:12.632968 43993 Unigram_Model_Trainer.cpp:522] Restarting IO
W0312 13:50:12.501849 44867 Synchronizer.cpp:60] Synch pass 356 done. Took 129.992 seconds
W0312 13:52:07.594602 44867 Synchronizer.cpp:60] Synch pass 357 done. Took 115.092 seconds
W0312 13:54:03.200662 44867 Synchronizer.cpp:60] Synch pass 358 done. Took 115.606 seconds
W0312 13:55:13.672026 43993 Training_Execution_Strategy.cpp:76] Iteration 88 done. Took 7.00951 mins
W0312 13:55:14.580189 43993 Unigram_Model_Trainer.cpp:522] Restarting IO
W0312 13:56:09.463490 44867 Synchronizer.cpp:60] Synch pass 359 done. Took 126.262 seconds
W0312 13:58:09.847980 44867 Synchronizer.cpp:60] Synch pass 360 done. Took 120.384 seconds
W0312 14:00:01.351799 44867 Synchronizer.cpp:60] Synch pass 361 done. Took 111.504 seconds
W0312 14:01:49.992311 44867 Synchronizer.cpp:60] Synch pass 362 done. Took 108.64 seconds
W0312 14:02:14.851354 43993 Training_Execution_Strategy.cpp:76] Iteration 89 done. Took 6.99635 mins
W0312 14:02:15.770200 43993 Unigram_Model_Trainer.cpp:522] Restarting IO
W0312 14:03:59.030365 44867 Synchronizer.cpp:60] Synch pass 363 done. Took 129.037 seconds
W0312 14:05:57.111204 44867 Synchronizer.cpp:60] Synch pass 364 done. Took 118.081 seconds
W0312 14:07:52.674729 44867 Synchronizer.cpp:60] Synch pass 365 done. Took 115.563 seconds
W0312 14:09:16.174921 43993 Training_Execution_Strategy.cpp:76] Iteration 90 done. Took 6.99808 mins
W0312 14:09:17.116331 43993 Unigram_Model_Trainer.cpp:522] Restarting IO
W0312 14:09:17.564332 43993 Training_Execution_Strategy.cpp:92] >>>>>>>>>>> Save model at iteration: 90
W0312 14:09:45.934304 43993 Unigram_Model.cpp:109] Average num of topics assigned per word = 53.3135
W0312 14:09:51.640151 44867 Synchronizer.cpp:60] Synch pass 366 done. Took 118.965 seconds
W0312 14:11:50.479779 44867 Synchronizer.cpp:60] Synch pass 367 done. Took 118.839 seconds
W0312 14:13:37.793748 44867 Synchronizer.cpp:60] Synch pass 368 done. Took 107.314 seconds
W0312 14:15:25.437280 44867 Synchronizer.cpp:60] Synch pass 369 done. Took 107.643 seconds
W0312 14:16:43.447791 43993 Training_Execution_Strategy.cpp:76] Iteration 91 done. Took 6.95854 mins
W0312 14:16:44.429368 43993 Unigram_Model_Trainer.cpp:522] Restarting IO
W0312 14:17:21.062980 44867 Synchronizer.cpp:60] Synch pass 370 done. Took 115.625 seconds
W0312 14:19:24.795609 44867 Synchronizer.cpp:60] Synch pass 371 done. Took 123.732 seconds
W0312 14:21:19.840981 44867 Synchronizer.cpp:60] Synch pass 372 done. Took 115.045 seconds
W0312 14:23:16.660786 44867 Synchronizer.cpp:60] Synch pass 373 done. Took 116.82 seconds
W0312 14:23:43.788264 43993 Training_Execution_Strategy.cpp:76] Iteration 92 done. Took 6.98119 mins
W0312 14:23:44.689003 43993 Unigram_Model_Trainer.cpp:522] Restarting IO
W0312 14:25:27.539986 44867 Synchronizer.cpp:60] Synch pass 374 done. Took 130.879 seconds
W0312 14:27:25.489995 44867 Synchronizer.cpp:60] Synch pass 375 done. Took 117.941 seconds
W0312 14:29:17.759692 44867 Synchronizer.cpp:60] Synch pass 376 done. Took 112.268 seconds
W0312 14:30:43.003947 43993 Training_Execution_Strategy.cpp:76] Iteration 93 done. Took 6.96433 mins
W0312 14:30:43.936825 43993 Unigram_Model_Trainer.cpp:522] Restarting IO
W0312 14:31:11.311435 44867 Synchronizer.cpp:60] Synch pass 377 done. Took 113.551 seconds
W0312 14:33:15.050385 44867 Synchronizer.cpp:60] Synch pass 378 done. Took 123.739 seconds
W0312 14:35:12.454253 44867 Synchronizer.cpp:60] Synch pass 379 done. Took 117.404 seconds
W0312 14:37:08.595237 44867 Synchronizer.cpp:60] Synch pass 380 done. Took 116.141 seconds
W0312 14:37:42.119602 43993 Training_Execution_Strategy.cpp:76] Iteration 94 done. Took 6.96175 mins
W0312 14:37:43.036037 43993 Unigram_Model_Trainer.cpp:522] Restarting IO
W0312 14:39:20.296944 44867 Synchronizer.cpp:60] Synch pass 381 done. Took 131.701 seconds
W0312 14:41:18.944416 44867 Synchronizer.cpp:60] Synch pass 382 done. Took 118.647 seconds
W0312 14:43:13.180393 44867 Synchronizer.cpp:60] Synch pass 383 done. Took 114.235 seconds
W0312 14:44:40.596393 43993 Training_Execution_Strategy.cpp:76] Iteration 95 done. Took 6.95149 mins
W0312 14:44:41.530113 43993 Unigram_Model_Trainer.cpp:522] Restarting IO
W0312 14:45:16.082538 44867 Synchronizer.cpp:60] Synch pass 384 done. Took 122.902 seconds
W0312 14:47:14.004206 44867 Synchronizer.cpp:60] Synch pass 385 done. Took 117.921 seconds
W0312 14:49:02.786659 44867 Synchronizer.cpp:60] Synch pass 386 done. Took 108.782 seconds
W0312 14:50:50.777251 44867 Synchronizer.cpp:60] Synch pass 387 done. Took 107.99 seconds
W0312 14:51:38.208261 43993 Training_Execution_Strategy.cpp:76] Iteration 96 done. Took 6.93668 mins
W0312 14:51:39.151353 43993 Unigram_Model_Trainer.cpp:522] Restarting IO
W0312 14:52:56.034759 44867 Synchronizer.cpp:60] Synch pass 388 done. Took 125.257 seconds
W0312 14:54:46.809680 44867 Synchronizer.cpp:60] Synch pass 389 done. Took 110.775 seconds
W0312 14:56:34.137460 44867 Synchronizer.cpp:60] Synch pass 390 done. Took 107.327 seconds
W0312 14:58:21.412791 44867 Synchronizer.cpp:60] Synch pass 391 done. Took 107.275 seconds
W0312 14:58:35.404783 43993 Training_Execution_Strategy.cpp:76] Iteration 97 done. Took 6.9296 mins
W0312 14:58:36.402930 43993 Unigram_Model_Trainer.cpp:522] Restarting IO
W0312 15:00:29.052247 44867 Synchronizer.cpp:60] Synch pass 392 done. Took 127.639 seconds
W0312 15:02:23.160372 44867 Synchronizer.cpp:60] Synch pass 393 done. Took 114.108 seconds
W0312 15:04:15.198559 44867 Synchronizer.cpp:60] Synch pass 394 done. Took 112.035 seconds
W0312 15:05:32.180696 43993 Training_Execution_Strategy.cpp:76] Iteration 98 done. Took 6.9219 mins
W0312 15:05:33.106449 43993 Unigram_Model_Trainer.cpp:522] Restarting IO
W0312 15:06:15.203765 44867 Synchronizer.cpp:60] Synch pass 395 done. Took 120.005 seconds
W0312 15:08:16.756325 44867 Synchronizer.cpp:60] Synch pass 396 done. Took 121.552 seconds
W0312 15:10:10.414945 44867 Synchronizer.cpp:60] Synch pass 397 done. Took 113.658 seconds
W0312 15:12:03.780053 44867 Synchronizer.cpp:60] Synch pass 398 done. Took 113.365 seconds
W0312 15:12:27.665215 43993 Training_Execution_Strategy.cpp:76] Iteration 99 done. Took 6.90025 mins
W0312 15:12:28.612387 43993 Unigram_Model_Trainer.cpp:522] Restarting IO
W0312 15:14:10.715790 44867 Synchronizer.cpp:60] Synch pass 399 done. Took 126.935 seconds
W0312 15:16:00.458791 44867 Synchronizer.cpp:60] Synch pass 400 done. Took 109.743 seconds
W0312 15:17:48.165657 44867 Synchronizer.cpp:60] Synch pass 401 done. Took 107.706 seconds
W0312 15:19:24.967103 43993 Training_Execution_Strategy.cpp:76] Iteration 100 done. Took 6.93084 mins
W0312 15:19:36.007511 44867 Synchronizer.cpp:60] Synch pass 402 done. Took 107.842 seconds
W0312 15:19:44.435967 43993 Unigram_Model.cpp:109] Average num of topics assigned per word = 51.5345
W0312 15:19:44.436149 43993 Training_Execution_Strategy.cpp:81] >>>>>>>>>> Log-Likelihood (model, doc, total): -1.38226e+11 , -5.49244e+09 , -1.43718e+11
W0312 15:19:45.461030 43993 Unigram_Model_Trainer.cpp:522] Restarting IO
W0312 15:19:46.078115 43993 Training_Execution_Strategy.cpp:92] >>>>>>>>>>> Save model at iteration: 100
W0312 15:20:13.144865 43993 Unigram_Model.cpp:109] Average num of topics assigned per word = 51.5174
W0312 15:20:13.145432 43993 Training_Execution_Strategy.cpp:104] Parallel training Pipeline done
W0312 15:20:13.145462 43993 Synchronized_Training_Execution_Strategy.cpp:54] All Iters Done
W0312 15:21:31.692642 44867 Synchronizer.cpp:60] Synch pass 403 done. Took 115.685 seconds
W0312 15:21:31.693081 44867 Synchronizer.cpp:65] Stopping synchronization since all iterations are done
W0312 15:21:31.693217 43993 Synchronized_Training_Execution_Strategy.cpp:58] All threads joined
W0312 15:21:31.693313 43993 Controller.cpp:146] Model has been learnt
W0312 15:21:32.710029 43993 Unigram_Model.cpp:129] Saving model for test pipeline in lda.ttc.dump and lda.par.dump
W0312 15:21:34.633941 43993 Unigram_Model.cpp:133] Model saved
W0312 15:21:34.634042 43993 Unigram_Model.cpp:155] Writing top words identified per topic into lda.topToWor.txt
W0312 15:21:34.771984 43993 Unigram_Model.cpp:178] Word statistics per topic written
W0312 15:21:34.772071 43993 Unigram_Model_Training_Builder.cpp:160] Saving document to topic-proportions in lda.docToTop.txt
W0312 15:21:34.772083 43993 Unigram_Model_Training_Builder.cpp:161] Saving word to topic assignment in lda.worToTop.txt
W0312 15:27:23.172024 43993 Unigram_Model_Training_Builder.cpp:227] Document to topic-proportions saved in lda.docToTop.txt
W0312 15:27:23.172181 43993 Unigram_Model_Training_Builder.cpp:228] Word to topic assignment saved in lda.worToTop.txt
init TBB pipeline with num_threads = 30--------- j-098---------
run learntopics on j-098
W0311 14:07:22.474303 43016 Controller.cpp:96] ----------------------------------------------------------------------
W0311 14:07:22.474764 43016 Controller.cpp:98] Log files are being stored at /tmp/hpda/pengb/hpda/test/bingjing/ylda/run/work/learnTopics.*
W0311 14:07:22.474786 43016 Controller.cpp:100] ----------------------------------------------------------------------
W0311 14:07:22.475023 43016 Controller.cpp:115] You have chosen multi machine training mode
W0311 14:07:22.475229 43016 Unigram_Model_Training_Builder.cpp:60] Initializing Dictionary from lda.dict.dump
W0311 14:07:24.368963 43016 Unigram_Model_Training_Builder.cpp:62] Dictionary Initialized
W0311 14:08:02.647712 43016 Unigram_Model_Trainer.cpp:49] Initializing Word-Topic counts table from docs lda.wor, lda.top using 998209 words & 10000 topics.
W0311 15:16:06.376798 43016 Unigram_Model_Trainer.cpp:53] Initialized Word-Topic counts table
W0311 15:16:06.376873 43016 Unigram_Model_Trainer.cpp:57] Initializing Alpha vector from Alpha_bar = 100
W0311 15:16:06.376950 43016 Unigram_Model_Trainer.cpp:60] Alpha vector initialized
W0311 15:16:06.376957 43016 Unigram_Model_Trainer.cpp:63] Initializing Beta Parameter from specified Beta = 0.01
W0311 15:16:06.376963 43016 Unigram_Model_Trainer.cpp:67] Beta param initialized
W0311 15:16:09.390126 43016 Unigram_Model_Synchronizer_Helper.cpp:57] Counts of 1 words have been transferred to DM_Server.
W0311 15:16:58.568985 43016 Unigram_Model_Synchronizer_Helper.cpp:57] Counts of 10001 words have been transferred to DM_Server.
W0311 15:17:35.009239 43016 Unigram_Model_Synchronizer_Helper.cpp:57] Counts of 20001 words have been transferred to DM_Server.
W0311 15:18:05.134600 43016 Unigram_Model_Synchronizer_Helper.cpp:57] Counts of 30001 words have been transferred to DM_Server.
W0311 15:18:31.375813 43016 Unigram_Model_Synchronizer_Helper.cpp:57] Counts of 40001 words have been transferred to DM_Server.
W0311 15:18:53.954578 43016 Unigram_Model_Synchronizer_Helper.cpp:57] Counts of 50001 words have been transferred to DM_Server.
W0311 15:19:12.917659 43016 Unigram_Model_Synchronizer_Helper.cpp:57] Counts of 60001 words have been transferred to DM_Server.
W0311 15:19:30.397032 43016 Unigram_Model_Synchronizer_Helper.cpp:57] Counts of 70001 words have been transferred to DM_Server.
W0311 15:19:45.837937 43016 Unigram_Model_Synchronizer_Helper.cpp:57] Counts of 80001 words have been transferred to DM_Server.
W0311 15:20:00.578382 43016 Unigram_Model_Synchronizer_Helper.cpp:57] Counts of 90001 words have been transferred to DM_Server.
